{
  "version": "1.5.0",
  "plugins_used": [
    {
      "name": "ArtifactoryDetector"
    },
    {
      "name": "AWSKeyDetector"
    },
    {
      "name": "AzureStorageKeyDetector"
    },
    {
      "name": "Base64HighEntropyString",
      "limit": 4.5
    },
    {
      "name": "BasicAuthDetector"
    },
    {
      "name": "CloudantDetector"
    },
    {
      "name": "DiscordBotTokenDetector"
    },
    {
      "name": "GitHubTokenDetector"
    },
    {
      "name": "GitLabTokenDetector"
    },
    {
      "name": "HexHighEntropyString",
      "limit": 3.0
    },
    {
      "name": "IbmCloudIamDetector"
    },
    {
      "name": "IbmCosHmacDetector"
    },
    {
      "name": "IPPublicDetector"
    },
    {
      "name": "JwtTokenDetector"
    },
    {
      "name": "KeywordDetector",
      "keyword_exclude": ""
    },
    {
      "name": "MailchimpDetector"
    },
    {
      "name": "NpmDetector"
    },
    {
      "name": "OpenAIDetector"
    },
    {
      "name": "PrivateKeyDetector"
    },
    {
      "name": "PypiTokenDetector"
    },
    {
      "name": "SendGridDetector"
    },
    {
      "name": "SlackDetector"
    },
    {
      "name": "SoftlayerDetector"
    },
    {
      "name": "SquareOAuthDetector"
    },
    {
      "name": "StripeDetector"
    },
    {
      "name": "TelegramBotTokenDetector"
    },
    {
      "name": "TwilioKeyDetector"
    }
  ],
  "filters_used": [
    {
      "path": "detect_secrets.filters.allowlist.is_line_allowlisted"
    },
    {
      "path": "detect_secrets.filters.common.is_ignored_due_to_verification_policies",
      "min_level": 2
    },
    {
      "path": "detect_secrets.filters.heuristic.is_indirect_reference"
    },
    {
      "path": "detect_secrets.filters.heuristic.is_likely_id_string"
    },
    {
      "path": "detect_secrets.filters.heuristic.is_lock_file"
    },
    {
      "path": "detect_secrets.filters.heuristic.is_not_alphanumeric_string"
    },
    {
      "path": "detect_secrets.filters.heuristic.is_potential_uuid"
    },
    {
      "path": "detect_secrets.filters.heuristic.is_prefixed_with_dollar_sign"
    },
    {
      "path": "detect_secrets.filters.heuristic.is_sequential_string"
    },
    {
      "path": "detect_secrets.filters.heuristic.is_swagger_file"
    },
    {
      "path": "detect_secrets.filters.heuristic.is_templated_secret"
    }
  ],
  "results": {
    ".github\\workflows\\beta-testing.yml": [
      {
        "type": "Secret Keyword",
        "filename": ".github\\workflows\\beta-testing.yml",
        "hashed_secret": "a94a8fe5ccb19ba61c4c0873d391e987982fbbd3",
        "is_verified": false,
        "line_number": 116
      }
    ],
    ".windsurf\\docs\\Artificial_Intelligence\\hosted_llms\\gemini.md": [
      {
        "type": "Secret Keyword",
        "filename": ".windsurf\\docs\\Artificial_Intelligence\\hosted_llms\\gemini.md",
        "hashed_secret": "1e3667aaaaa887721550cf5cc8a0c5c5760810ed",
        "is_verified": false,
        "line_number": 33
      }
    ],
    ".windsurf\\docs\\Artificial_Intelligence\\hosted_llms\\perplexity.md": [
      {
        "type": "Secret Keyword",
        "filename": ".windsurf\\docs\\Artificial_Intelligence\\hosted_llms\\perplexity.md",
        "hashed_secret": "bab3258b25e3fd56d07be0d865d40a063230dc66",
        "is_verified": false,
        "line_number": 36
      },
      {
        "type": "Secret Keyword",
        "filename": ".windsurf\\docs\\Artificial_Intelligence\\hosted_llms\\perplexity.md",
        "hashed_secret": "aecdccc1cf64595b34e0cc152d238daabb32183a",
        "is_verified": false,
        "line_number": 92
      }
    ],
    ".windsurf\\docs\\Artificial_Intelligence\\local_llms\\lm_studio.md": [
      {
        "type": "Secret Keyword",
        "filename": ".windsurf\\docs\\Artificial_Intelligence\\local_llms\\lm_studio.md",
        "hashed_secret": "80c3eb3a746f82974a9696275d8b52a37fba449b",
        "is_verified": false,
        "line_number": 93
      }
    ],
    ".windsurf\\docs\\Artificial_Intelligence\\mcp\\agentic_ides.md": [
      {
        "type": "Secret Keyword",
        "filename": ".windsurf\\docs\\Artificial_Intelligence\\mcp\\agentic_ides.md",
        "hashed_secret": "11fa7c37d697f30e6aee828b4426a10f83ab2380",
        "is_verified": false,
        "line_number": 15
      }
    ],
    ".windsurf\\docs\\Artificial_Intelligence\\mcp\\repositories.md": [
      {
        "type": "Secret Keyword",
        "filename": ".windsurf\\docs\\Artificial_Intelligence\\mcp\\repositories.md",
        "hashed_secret": "11fa7c37d697f30e6aee828b4426a10f83ab2380",
        "is_verified": false,
        "line_number": 49
      }
    ],
    ".windsurf\\docs\\Artificial_Intelligence\\speech\\elevenlabs_guide.md": [
      {
        "type": "Secret Keyword",
        "filename": ".windsurf\\docs\\Artificial_Intelligence\\speech\\elevenlabs_guide.md",
        "hashed_secret": "4b8301f628f5e2a42c9de198287fb8632e567cce",
        "is_verified": false,
        "line_number": 238
      },
      {
        "type": "Secret Keyword",
        "filename": ".windsurf\\docs\\Artificial_Intelligence\\speech\\elevenlabs_guide.md",
        "hashed_secret": "d413f4d18c4c123dd52776f417b792efdec29c6a",
        "is_verified": false,
        "line_number": 239
      }
    ],
    ".windsurf\\docs\\Artificial_Intelligence\\speech\\overview.md": [
      {
        "type": "Secret Keyword",
        "filename": ".windsurf\\docs\\Artificial_Intelligence\\speech\\overview.md",
        "hashed_secret": "11fa7c37d697f30e6aee828b4426a10f83ab2380",
        "is_verified": false,
        "line_number": 199
      }
    ],
    ".windsurf\\docs\\General_Software_Tools\\file_tools\\vuescan.md": [
      {
        "type": "Base64 High Entropy String",
        "filename": ".windsurf\\docs\\General_Software_Tools\\file_tools\\vuescan.md",
        "hashed_secret": "19f9c32bdbcc123bb85c0ba13524d6cae8469383",
        "is_verified": false,
        "line_number": 143
      }
    ],
    ".windsurf\\docs\\General_Software_Tools\\media_servers\\immich.md": [
      {
        "type": "Secret Keyword",
        "filename": ".windsurf\\docs\\General_Software_Tools\\media_servers\\immich.md",
        "hashed_secret": "45d676e7c6ab44cf4b8fa366ef2d8fccd3e6d6e6",
        "is_verified": false,
        "line_number": 288
      }
    ],
    ".windsurf\\docs\\SW_Development\\docsify-plugin-samples\\katex-sample-new.md": [
      {
        "type": "Base64 High Entropy String",
        "filename": ".windsurf\\docs\\SW_Development\\docsify-plugin-samples\\katex-sample-new.md",
        "hashed_secret": "4d3ba87cb075fa982b2f06d9607f250a9aaeb3b1",
        "is_verified": false,
        "line_number": 41
      }
    ],
    ".windsurf\\docs\\SW_Development\\frameworks\\fastapi.md": [
      {
        "type": "Basic Auth Credentials",
        "filename": ".windsurf\\docs\\SW_Development\\frameworks\\fastapi.md",
        "hashed_secret": "5baa61e4c9b93f3f0682250b6cf8331b7ee68fd8",
        "is_verified": false,
        "line_number": 98
      }
    ],
    ".windsurf\\docs\\SW_Development\\ide\\windsurf\\global_services\\rulebooks.md": [
      {
        "type": "Secret Keyword",
        "filename": ".windsurf\\docs\\SW_Development\\ide\\windsurf\\global_services\\rulebooks.md",
        "hashed_secret": "3a7c788fd3328060fb6ef010383c75fbdeff4177",
        "is_verified": false,
        "line_number": 67
      }
    ],
    ".windsurf\\docs\\SW_Development\\misc\\log_viewer.md": [
      {
        "type": "Secret Keyword",
        "filename": ".windsurf\\docs\\SW_Development\\misc\\log_viewer.md",
        "hashed_secret": "1d2bd4ac9e0361611dec968fed93d5dee8b1f548",
        "is_verified": false,
        "line_number": 15
      }
    ],
    ".windsurf\\docs\\Windsurf generated flows\\research\\2025-05-04_plex-api-key\\chunk_02.md": [
      {
        "type": "Secret Keyword",
        "filename": ".windsurf\\docs\\Windsurf generated flows\\research\\2025-05-04_plex-api-key\\chunk_02.md",
        "hashed_secret": "3d79244fea1c8372399eec2e9d105f57f50ee2e9",
        "is_verified": false,
        "line_number": 24
      }
    ],
    "mcpb\\src\\advanced_memory\\alembic\\alembic.ini": [
      {
        "type": "Basic Auth Credentials",
        "filename": "mcpb\\src\\advanced_memory\\alembic\\alembic.ini",
        "hashed_secret": "9d4e1e23bd5b727046a9e3b4b7db57bd8d6ee684",
        "is_verified": false,
        "line_number": 66
      }
    ],
    "mcpb\\src\\advanced_memory\\alembic\\versions\\3dae7c7b1564_initial_schema.py": [
      {
        "type": "Hex High Entropy String",
        "filename": "mcpb\\src\\advanced_memory\\alembic\\versions\\3dae7c7b1564_initial_schema.py",
        "hashed_secret": "337b3620323c535b4052e0ae42c7f8040b2a3626",
        "is_verified": false,
        "line_number": 15
      }
    ],
    "mcpb\\src\\advanced_memory\\alembic\\versions\\5fe1ab1ccebe_add_projects_table.py": [
      {
        "type": "Hex High Entropy String",
        "filename": "mcpb\\src\\advanced_memory\\alembic\\versions\\5fe1ab1ccebe_add_projects_table.py",
        "hashed_secret": "f6bf200c4b4b4fd98596f3e19fd31e08fd598835",
        "is_verified": false,
        "line_number": 16
      }
    ],
    "mcpb\\src\\advanced_memory\\alembic\\versions\\647e7a75e2cd_project_constraint_fix.py": [
      {
        "type": "Hex High Entropy String",
        "filename": "mcpb\\src\\advanced_memory\\alembic\\versions\\647e7a75e2cd_project_constraint_fix.py",
        "hashed_secret": "f74f8f4fa23b106347ce7170bb3b784094e9adac",
        "is_verified": false,
        "line_number": 15
      }
    ],
    "mcpb\\src\\advanced_memory\\alembic\\versions\\b3c3938bacdb_relation_to_name_unique_index.py": [
      {
        "type": "Hex High Entropy String",
        "filename": "mcpb\\src\\advanced_memory\\alembic\\versions\\b3c3938bacdb_relation_to_name_unique_index.py",
        "hashed_secret": "337b3620323c535b4052e0ae42c7f8040b2a3626",
        "is_verified": false,
        "line_number": 15
      }
    ],
    "mcpb\\src\\advanced_memory\\alembic\\versions\\cc7172b46608_update_search_index_schema.py": [
      {
        "type": "Hex High Entropy String",
        "filename": "mcpb\\src\\advanced_memory\\alembic\\versions\\cc7172b46608_update_search_index_schema.py",
        "hashed_secret": "f6bf200c4b4b4fd98596f3e19fd31e08fd598835",
        "is_verified": false,
        "line_number": 14
      }
    ],
    "mcpb\\src\\advanced_memory\\mcp\\tools\\search_joplin_vault.py": [
      {
        "type": "Hex High Entropy String",
        "filename": "mcpb\\src\\advanced_memory\\mcp\\tools\\search_joplin_vault.py",
        "hashed_secret": "90bd1b48e958257948487b90bee080ba5ed00caa",
        "is_verified": false,
        "line_number": 106
      }
    ],
    "src\\advanced_memory\\alembic\\alembic.ini": [
      {
        "type": "Basic Auth Credentials",
        "filename": "src\\advanced_memory\\alembic\\alembic.ini",
        "hashed_secret": "9d4e1e23bd5b727046a9e3b4b7db57bd8d6ee684",
        "is_verified": false,
        "line_number": 66
      }
    ],
    "src\\advanced_memory\\alembic\\versions\\3dae7c7b1564_initial_schema.py": [
      {
        "type": "Hex High Entropy String",
        "filename": "src\\advanced_memory\\alembic\\versions\\3dae7c7b1564_initial_schema.py",
        "hashed_secret": "337b3620323c535b4052e0ae42c7f8040b2a3626",
        "is_verified": false,
        "line_number": 15
      }
    ],
    "src\\advanced_memory\\alembic\\versions\\5fe1ab1ccebe_add_projects_table.py": [
      {
        "type": "Hex High Entropy String",
        "filename": "src\\advanced_memory\\alembic\\versions\\5fe1ab1ccebe_add_projects_table.py",
        "hashed_secret": "f6bf200c4b4b4fd98596f3e19fd31e08fd598835",
        "is_verified": false,
        "line_number": 16
      }
    ],
    "src\\advanced_memory\\alembic\\versions\\647e7a75e2cd_project_constraint_fix.py": [
      {
        "type": "Hex High Entropy String",
        "filename": "src\\advanced_memory\\alembic\\versions\\647e7a75e2cd_project_constraint_fix.py",
        "hashed_secret": "f74f8f4fa23b106347ce7170bb3b784094e9adac",
        "is_verified": false,
        "line_number": 15
      }
    ],
    "src\\advanced_memory\\alembic\\versions\\b3c3938bacdb_relation_to_name_unique_index.py": [
      {
        "type": "Hex High Entropy String",
        "filename": "src\\advanced_memory\\alembic\\versions\\b3c3938bacdb_relation_to_name_unique_index.py",
        "hashed_secret": "337b3620323c535b4052e0ae42c7f8040b2a3626",
        "is_verified": false,
        "line_number": 15
      }
    ],
    "src\\advanced_memory\\alembic\\versions\\cc7172b46608_update_search_index_schema.py": [
      {
        "type": "Hex High Entropy String",
        "filename": "src\\advanced_memory\\alembic\\versions\\cc7172b46608_update_search_index_schema.py",
        "hashed_secret": "f6bf200c4b4b4fd98596f3e19fd31e08fd598835",
        "is_verified": false,
        "line_number": 14
      }
    ],
    "src\\advanced_memory\\mcp\\tools\\search_joplin_vault.py": [
      {
        "type": "Hex High Entropy String",
        "filename": "src\\advanced_memory\\mcp\\tools\\search_joplin_vault.py",
        "hashed_secret": "90bd1b48e958257948487b90bee080ba5ed00caa",
        "is_verified": false,
        "line_number": 105
      }
    ]
  },
  "generated_at": "2025-10-17T03:25:37Z"
}
