warning: The `tool.uv.dev-dependencies` field (used in `pyproject.toml`) is deprecated and will be removed in a future release; use `dependency-groups.dev` instead
2025-10-17 06:20:44.289 | INFO     | advanced_memory.config:setup_advanced_memory_logging:378 - Advanced Memory 1.0.0b3 (Project: advanced-memory-mcp)
2025-10-17 06:20:45.768 | DEBUG    | advanced_memory.api.template_loader:__init__:236 - Initialized template loader with directory: D:\Dev\repos\advanced-memory-mcp\src\advanced_memory\templates
2025-10-17 06:20:46.076 | DEBUG    | advanced_memory.mcp.async_client:create_client:23 - Creating ASGI client for local Advanced Memory API
============================= test session starts =============================
platform win32 -- Python 3.12.9, pytest-8.4.1, pluggy-1.6.0
rootdir: D:\Dev\repos\advanced-memory-mcp
configfile: pyproject.toml
testpaths: tests
plugins: anyio-4.9.0, aio-1.9.0, asyncio-1.0.0, cov-6.2.1, mock-3.14.1, xdist-3.8.0
asyncio: mode=Mode.STRICT, asyncio_default_fixture_loop_scope=None, asyncio_default_test_loop_scope=function
collected 1190 items

tests\api\test_async_client.py ..
tests\api\test_continue_conversation_template.py .....
tests\api\test_directory_router.py ..........
2025-10-17 06:20:54,320 - advanced_memory.api.routers.importer_router - ERROR - Import failed
Traceback (most recent call last):
  File "D:\Dev\repos\advanced-memory-mcp\src\advanced_memory\api\routers\importer_router.py", line 141, in import_file
    json_data = json.load(file.file)
                ^^^^^^^^^^^^^^^^^^^^
  File "C:\Users\sandr\AppData\Roaming\uv\python\cpython-3.12.9-windows-x86_64-none\Lib\json\__init__.py", line 293, in load
    return loads(fp.read(),
           ^^^^^^^^^^^^^^^^
  File "C:\Users\sandr\AppData\Roaming\uv\python\cpython-3.12.9-windows-x86_64-none\Lib\json\__init__.py", line 346, in loads
    return _default_decoder.decode(s)
           ^^^^^^^^^^^^^^^^^^^^^^^^^^
  File "C:\Users\sandr\AppData\Roaming\uv\python\cpython-3.12.9-windows-x86_64-none\Lib\json\decoder.py", line 338, in decode
    obj, end = self.raw_decode(s, idx=_w(s, 0).end())
               ^^^^^^^^^^^^^^^^^^^^^^^^^^^^^^^^^^^^^^
  File "C:\Users\sandr\AppData\Roaming\uv\python\cpython-3.12.9-windows-x86_64-none\Lib\json\decoder.py", line 356, in raw_decode
    raise JSONDecodeError("Expecting value", s, err.value) from None
json.decoder.JSONDecodeError: Expecting value: line 1 column 1 (char 0)
2025-10-17 06:20:54,419 - advanced_memory.api.routers.importer_router - ERROR - Import failed
Traceback (most recent call last):
  File "D:\Dev\repos\advanced-memory-mcp\src\advanced_memory\api\routers\importer_router.py", line 141, in import_file
    json_data = json.load(file.file)
                ^^^^^^^^^^^^^^^^^^^^
  File "C:\Users\sandr\AppData\Roaming\uv\python\cpython-3.12.9-windows-x86_64-none\Lib\json\__init__.py", line 293, in load
    return loads(fp.read(),
           ^^^^^^^^^^^^^^^^
  File "C:\Users\sandr\AppData\Roaming\uv\python\cpython-3.12.9-windows-x86_64-none\Lib\json\__init__.py", line 346, in loads
    return _default_decoder.decode(s)
           ^^^^^^^^^^^^^^^^^^^^^^^^^^
  File "C:\Users\sandr\AppData\Roaming\uv\python\cpython-3.12.9-windows-x86_64-none\Lib\json\decoder.py", line 338, in decode
    obj, end = self.raw_decode(s, idx=_w(s, 0).end())
               ^^^^^^^^^^^^^^^^^^^^^^^^^^^^^^^^^^^^^^
  File "C:\Users\sandr\AppData\Roaming\uv\python\cpython-3.12.9-windows-x86_64-none\Lib\json\decoder.py", line 356, in raw_decode
    raise JSONDecodeError("Expecting value", s, err.value) from None
json.decoder.JSONDecodeError: Expecting value: line 1 column 1 (char 0)
2025-10-17 06:20:54,507 - advanced_memory.api.routers.importer_router - ERROR - Import failed
Traceback (most recent call last):
  File "D:\Dev\repos\advanced-memory-mcp\src\advanced_memory\api\routers\importer_router.py", line 141, in import_file
    json_data = json.load(file.file)
                ^^^^^^^^^^^^^^^^^^^^
  File "C:\Users\sandr\AppData\Roaming\uv\python\cpython-3.12.9-windows-x86_64-none\Lib\json\__init__.py", line 293, in load
    return loads(fp.read(),
           ^^^^^^^^^^^^^^^^
  File "C:\Users\sandr\AppData\Roaming\uv\python\cpython-3.12.9-windows-x86_64-none\Lib\json\__init__.py", line 346, in loads
    return _default_decoder.decode(s)
           ^^^^^^^^^^^^^^^^^^^^^^^^^^
  File "C:\Users\sandr\AppData\Roaming\uv\python\cpython-3.12.9-windows-x86_64-none\Lib\json\decoder.py", line 338, in decode
    obj, end = self.raw_decode(s, idx=_w(s, 0).end())
               ^^^^^^^^^^^^^^^^^^^^^^^^^^^^^^^^^^^^^^
  File "C:\Users\sandr\AppData\Roaming\uv\python\cpython-3.12.9-windows-x86_64-none\Lib\json\decoder.py", line 356, in raw_decode
    raise JSONDecodeError("Expecting value", s, err.value) from None
json.decoder.JSONDecodeError: Expecting value: line 1 column 1 (char 0)
2025-10-17 06:20:54,701 - advanced_memory.api.routers.importer_router - ERROR - Import failed
Traceback (most recent call last):
  File "D:\Dev\repos\advanced-memory-mcp\src\advanced_memory\api\routers\importer_router.py", line 120, in import_memory_json
    json_data = json.loads(line)
                ^^^^^^^^^^^^^^^^
  File "C:\Users\sandr\AppData\Roaming\uv\python\cpython-3.12.9-windows-x86_64-none\Lib\json\__init__.py", line 346, in loads
    return _default_decoder.decode(s)
           ^^^^^^^^^^^^^^^^^^^^^^^^^^
  File "C:\Users\sandr\AppData\Roaming\uv\python\cpython-3.12.9-windows-x86_64-none\Lib\json\decoder.py", line 338, in decode
    obj, end = self.raw_decode(s, idx=_w(s, 0).end())
               ^^^^^^^^^^^^^^^^^^^^^^^^^^^^^^^^^^^^^^
  File "C:\Users\sandr\AppData\Roaming\uv\python\cpython-3.12.9-windows-x86_64-none\Lib\json\decoder.py", line 356, in raw_decode
    raise JSONDecodeError("Expecting value", s, err.value) from None
json.decoder.JSONDecodeError: Expecting value: line 1 column 1 (char 0)
2025-10-17 06:20:54,789 - advanced_memory.api.routers.importer_router - ERROR - Import failed
Traceback (most recent call last):
  File "D:\Dev\repos\advanced-memory-mcp\src\advanced_memory\api\routers\importer_router.py", line 141, in import_file
    json_data = json.load(file.file)
                ^^^^^^^^^^^^^^^^^^^^
  File "C:\Users\sandr\AppData\Roaming\uv\python\cpython-3.12.9-windows-x86_64-none\Lib\json\__init__.py", line 293, in load
    return loads(fp.read(),
           ^^^^^^^^^^^^^^^^
  File "C:\Users\sandr\AppData\Roaming\uv\python\cpython-3.12.9-windows-x86_64-none\Lib\json\__init__.py", line 346, in loads
    return _default_decoder.decode(s)
           ^^^^^^^^^^^^^^^^^^^^^^^^^^
  File "C:\Users\sandr\AppData\Roaming\uv\python\cpython-3.12.9-windows-x86_64-none\Lib\json\decoder.py", line 338, in decode
    obj, end = self.raw_decode(s, idx=_w(s, 0).end())
               ^^^^^^^^^^^^^^^^^^^^^^^^^^^^^^^^^^^^^^
  File "C:\Users\sandr\AppData\Roaming\uv\python\cpython-3.12.9-windows-x86_64-none\Lib\json\decoder.py", line 356, in raw_decode
    raise JSONDecodeError("Expecting value", s, err.value) from None
json.decoder.JSONDecodeError: Expecting value: line 1 column 1 (char 0)
2025-10-17 06:20:54,836 - advanced_memory.api.routers.importer_router - ERROR - Import failed
Traceback (most recent call last):
  File "D:\Dev\repos\advanced-memory-mcp\src\advanced_memory\api\routers\importer_router.py", line 141, in import_file
    json_data = json.load(file.file)
                ^^^^^^^^^^^^^^^^^^^^
  File "C:\Users\sandr\AppData\Roaming\uv\python\cpython-3.12.9-windows-x86_64-none\Lib\json\__init__.py", line 293, in load
    return loads(fp.read(),
           ^^^^^^^^^^^^^^^^
  File "C:\Users\sandr\AppData\Roaming\uv\python\cpython-3.12.9-windows-x86_64-none\Lib\json\__init__.py", line 346, in loads
    return _default_decoder.decode(s)
           ^^^^^^^^^^^^^^^^^^^^^^^^^^
  File "C:\Users\sandr\AppData\Roaming\uv\python\cpython-3.12.9-windows-x86_64-none\Lib\json\decoder.py", line 338, in decode
    obj, end = self.raw_decode(s, idx=_w(s, 0).end())
               ^^^^^^^^^^^^^^^^^^^^^^^^^^^^^^^^^^^^^^
  File "C:\Users\sandr\AppData\Roaming\uv\python\cpython-3.12.9-windows-x86_64-none\Lib\json\decoder.py", line 354, in raw_decode
    obj, end = self.scan_once(s, idx)
               ^^^^^^^^^^^^^^^^^^^^^^
json.decoder.JSONDecodeError: Expecting ',' delimiter: line 1 column 22 (char 21)
2025-10-17 06:20:54,839 - advanced_memory.api.routers.importer_router - ERROR - Import failed
Traceback (most recent call last):
  File "D:\Dev\repos\advanced-memory-mcp\src\advanced_memory\api\routers\importer_router.py", line 141, in import_file
    json_data = json.load(file.file)
                ^^^^^^^^^^^^^^^^^^^^
  File "C:\Users\sandr\AppData\Roaming\uv\python\cpython-3.12.9-windows-x86_64-none\Lib\json\__init__.py", line 293, in load
    return loads(fp.read(),
           ^^^^^^^^^^^^^^^^
  File "C:\Users\sandr\AppData\Roaming\uv\python\cpython-3.12.9-windows-x86_64-none\Lib\json\__init__.py", line 346, in loads
    return _default_decoder.decode(s)
           ^^^^^^^^^^^^^^^^^^^^^^^^^^
  File "C:\Users\sandr\AppData\Roaming\uv\python\cpython-3.12.9-windows-x86_64-none\Lib\json\decoder.py", line 338, in decode
    obj, end = self.raw_decode(s, idx=_w(s, 0).end())
               ^^^^^^^^^^^^^^^^^^^^^^^^^^^^^^^^^^^^^^
  File "C:\Users\sandr\AppData\Roaming\uv\python\cpython-3.12.9-windows-x86_64-none\Lib\json\decoder.py", line 354, in raw_decode
    obj, end = self.scan_once(s, idx)
               ^^^^^^^^^^^^^^^^^^^^^^
json.decoder.JSONDecodeError: Expecting ',' delimiter: line 1 column 22 (char 21)
2025-10-17 06:20:54,843 - advanced_memory.api.routers.importer_router - ERROR - Import failed
Traceback (most recent call last):
  File "D:\Dev\repos\advanced-memory-mcp\src\advanced_memory\api\routers\importer_router.py", line 141, in import_file
    json_data = json.load(file.file)
                ^^^^^^^^^^^^^^^^^^^^
  File "C:\Users\sandr\AppData\Roaming\uv\python\cpython-3.12.9-windows-x86_64-none\Lib\json\__init__.py", line 293, in load
    return loads(fp.read(),
           ^^^^^^^^^^^^^^^^
  File "C:\Users\sandr\AppData\Roaming\uv\python\cpython-3.12.9-windows-x86_64-none\Lib\json\__init__.py", line 346, in loads
    return _default_decoder.decode(s)
           ^^^^^^^^^^^^^^^^^^^^^^^^^^
  File "C:\Users\sandr\AppData\Roaming\uv\python\cpython-3.12.9-windows-x86_64-none\Lib\json\decoder.py", line 338, in decode
    obj, end = self.raw_decode(s, idx=_w(s, 0).end())
               ^^^^^^^^^^^^^^^^^^^^^^^^^^^^^^^^^^^^^^
  File "C:\Users\sandr\AppData\Roaming\uv\python\cpython-3.12.9-windows-x86_64-none\Lib\json\decoder.py", line 354, in raw_decode
    obj, end = self.scan_once(s, idx)
               ^^^^^^^^^^^^^^^^^^^^^^
json.decoder.JSONDecodeError: Expecting ',' delimiter: line 1 column 22 (char 21)
2025-10-17 06:20:54,848 - advanced_memory.api.routers.importer_router - ERROR - Import failed
Traceback (most recent call last):
  File "D:\Dev\repos\advanced-memory-mcp\src\advanced_memory\api\routers\importer_router.py", line 120, in import_memory_json
    json_data = json.loads(line)
                ^^^^^^^^^^^^^^^^
  File "C:\Users\sandr\AppData\Roaming\uv\python\cpython-3.12.9-windows-x86_64-none\Lib\json\__init__.py", line 346, in loads
    return _default_decoder.decode(s)
           ^^^^^^^^^^^^^^^^^^^^^^^^^^
  File "C:\Users\sandr\AppData\Roaming\uv\python\cpython-3.12.9-windows-x86_64-none\Lib\json\decoder.py", line 338, in decode
    obj, end = self.raw_decode(s, idx=_w(s, 0).end())
               ^^^^^^^^^^^^^^^^^^^^^^^^^^^^^^^^^^^^^^
  File "C:\Users\sandr\AppData\Roaming\uv\python\cpython-3.12.9-windows-x86_64-none\Lib\json\decoder.py", line 354, in raw_decode
    obj, end = self.scan_once(s, idx)
               ^^^^^^^^^^^^^^^^^^^^^^
json.decoder.JSONDecodeError: Expecting ',' delimiter: line 1 column 22 (char 21)
tests\api\test_importer_router.py ............
tests\api\test_knowledge_router.py Requesting with data: {'title': 'TestEntity', 'folder': 'test', 'entity_type': 'test', 'content': 'TestContent', 'project': 'Test Project Context'}
Response status: 200
Response content: {"permalink":"test/test-entity","title":"TestEntity","file_path":"test/TestEntity.md","entity_type":"test","entity_metadata":{"title":"TestEntity","type":"test","permalink":"test/test-entity"},"checksum":"59149e509595a9c47b5e282986f3b4b665632207536a9d61ea93a33965741f98","content_type":"text/markdown","observations":[],"relations":[],"created_at":"2025-10-17T06:20:54.928411","updated_at":"2025-10-17T06:20:54.928411"}
Error editing entity: Entity not found: non-existent
Error editing entity: find_text is required for find_replace operation
Error editing entity: section is required for replace_section operation
Error editing entity: Text to replace not found: 'nonexistent'
Error editing entity: Expected 1 occurrences of 'banana', but found 2
Error moving entity: Entity not found: non-existent-entity
Error moving entity: Destination already exists: target/DestinationNote.md
.............................................
tests\api\test_management_router.py .......
tests\api\test_memory_router.py .........
tests\api\test_project_router.py .....
tests\api\test_project_router_operations.py ..
Error rendering continue conversation template: Template error
Error rendering search template: Template error
tests\api\test_prompt_router.py ....
tests\api\test_resource_router.py ...........
tests\api\test_search_router.py ........
tests\api\test_search_template.py .....
tests\api\test_template_loader.py ..........Dedent helper result: 'Before\nThis is indented text\n    with nested indentation\nthat should be dedented\nwhile preserving relative indentation\nAfter'
.Actual result: '\n--- Item 1\n\nDetails for item 1\n  - Indented detail 1\n  - Indented detail 2\n--- Item 2\n\nDetails for item 2\n  - Indented detail 1\n  - Indented detail 2\n'
.
tests\api\test_template_loader_helpers.py .......
Error during initialization: Test error
Traceback (most recent call last):

  File "<frozen runpy>", line 198, in _run_module_as_main
  File "<frozen runpy>", line 88, in _run_code

  File "D:\Dev\repos\advanced-memory-mcp\.venv\Scripts\pytest.exe\__main__.py", line 10, in <module>

  File "D:\Dev\repos\advanced-memory-mcp\.venv\Lib\site-packages\_pytest\config\__init__.py", line 201, in console_main
    code = main()
           -> <function main at 0x0000028D8ADDD440>
  File "D:\Dev\repos\advanced-memory-mcp\.venv\Lib\site-packages\_pytest\config\__init__.py", line 175, in main
    ret: ExitCode | int = config.hook.pytest_cmdline_main(config=config)
         |                |      |    |                          -> <_pytest.config.Config object at 0x0000028D8AEADD00>
         |                |      |    -> <HookCaller 'pytest_cmdline_main'>
         |                |      -> <_pytest.config.compat.PathAwareHookProxy object at 0x0000028D8AFC4DD0>
         |                -> <_pytest.config.Config object at 0x0000028D8AEADD00>
         -> <enum 'ExitCode'>
  File "D:\Dev\repos\advanced-memory-mcp\.venv\Lib\site-packages\pluggy\_hooks.py", line 512, in __call__
    return self._hookexec(self.name, self._hookimpls.copy(), kwargs, firstresult)
           |    |         |    |     |    |                  |       -> True
           |    |         |    |     |    |                  -> {'config': <_pytest.config.Config object at 0x0000028D8AEADD00>}
           |    |         |    |     |    -> <member '_hookimpls' of 'HookCaller' objects>
           |    |         |    |     -> <HookCaller 'pytest_cmdline_main'>
           |    |         |    -> <member 'name' of 'HookCaller' objects>
           |    |         -> <HookCaller 'pytest_cmdline_main'>
           |    -> <member '_hookexec' of 'HookCaller' objects>
           -> <HookCaller 'pytest_cmdline_main'>
  File "D:\Dev\repos\advanced-memory-mcp\.venv\Lib\site-packages\pluggy\_manager.py", line 120, in _hookexec
    return self._inner_hookexec(hook_name, methods, kwargs, firstresult)
           |    |               |          |        |       -> True
           |    |               |          |        -> {'config': <_pytest.config.Config object at 0x0000028D8AEADD00>}
           |    |               |          -> [<HookImpl plugin_name='main', plugin=<module '_pytest.main' from 'D:\\Dev\\repos\\advanced-memory-mcp\\.venv\\Lib\\site-pack...
           |    |               -> 'pytest_cmdline_main'
           |    -> <function _multicall at 0x0000028D8A9802C0>
           -> <_pytest.config.PytestPluginManager object at 0x0000028D8A6895B0>
  File "D:\Dev\repos\advanced-memory-mcp\.venv\Lib\site-packages\pluggy\_callers.py", line 121, in _multicall
    res = hook_impl.function(*args)
          |         |         -> [<_pytest.config.Config object at 0x0000028D8AEADD00>]
          |         -> <member 'function' of 'HookImpl' objects>
          -> <HookImpl plugin_name='main', plugin=<module '_pytest.main' from 'D:\\Dev\\repos\\advanced-memory-mcp\\.venv\\Lib\\site-packa...
  File "D:\Dev\repos\advanced-memory-mcp\.venv\Lib\site-packages\_pytest\main.py", line 336, in pytest_cmdline_main
    return wrap_session(config, _main)
           |            |       -> <function _main at 0x0000028D8AEA7100>
           |            -> <_pytest.config.Config object at 0x0000028D8AEADD00>
           -> <function wrap_session at 0x0000028D8AEA6FC0>
  File "D:\Dev\repos\advanced-memory-mcp\.venv\Lib\site-packages\_pytest\main.py", line 289, in wrap_session
    session.exitstatus = doit(config, session) or 0
    |       |            |    |       -> <Session  exitstatus=<ExitCode.OK: 0> testsfailed=0 testscollected=1190>
    |       |            |    -> <_pytest.config.Config object at 0x0000028D8AEADD00>
    |       |            -> <function _main at 0x0000028D8AEA7100>
    |       -> <ExitCode.OK: 0>
    -> <Session  exitstatus=<ExitCode.OK: 0> testsfailed=0 testscollected=1190>
  File "D:\Dev\repos\advanced-memory-mcp\.venv\Lib\site-packages\_pytest\main.py", line 343, in _main
    config.hook.pytest_runtestloop(session=session)
    |      |    |                          -> <Session  exitstatus=<ExitCode.OK: 0> testsfailed=0 testscollected=1190>
    |      |    -> <HookCaller 'pytest_runtestloop'>
    |      -> <_pytest.config.compat.PathAwareHookProxy object at 0x0000028D8AFC4DD0>
    -> <_pytest.config.Config object at 0x0000028D8AEADD00>
  File "D:\Dev\repos\advanced-memory-mcp\.venv\Lib\site-packages\pluggy\_hooks.py", line 512, in __call__
    return self._hookexec(self.name, self._hookimpls.copy(), kwargs, firstresult)
           |    |         |    |     |    |                  |       -> True
           |    |         |    |     |    |                  -> {'session': <Session  exitstatus=<ExitCode.OK: 0> testsfailed=0 testscollected=1190>}
           |    |         |    |     |    -> <member '_hookimpls' of 'HookCaller' objects>
           |    |         |    |     -> <HookCaller 'pytest_runtestloop'>
           |    |         |    -> <member 'name' of 'HookCaller' objects>
           |    |         -> <HookCaller 'pytest_runtestloop'>
           |    -> <member '_hookexec' of 'HookCaller' objects>
           -> <HookCaller 'pytest_runtestloop'>
  File "D:\Dev\repos\advanced-memory-mcp\.venv\Lib\site-packages\pluggy\_manager.py", line 120, in _hookexec
    return self._inner_hookexec(hook_name, methods, kwargs, firstresult)
           |    |               |          |        |       -> True
           |    |               |          |        -> {'session': <Session  exitstatus=<ExitCode.OK: 0> testsfailed=0 testscollected=1190>}
           |    |               |          -> [<HookImpl plugin_name='main', plugin=<module '_pytest.main' from 'D:\\Dev\\repos\\advanced-memory-mcp\\.venv\\Lib\\site-pack...
           |    |               -> 'pytest_runtestloop'
           |    -> <function _multicall at 0x0000028D8A9802C0>
           -> <_pytest.config.PytestPluginManager object at 0x0000028D8A6895B0>
  File "D:\Dev\repos\advanced-memory-mcp\.venv\Lib\site-packages\pluggy\_callers.py", line 121, in _multicall
    res = hook_impl.function(*args)
          |         |         -> [<Session  exitstatus=<ExitCode.OK: 0> testsfailed=0 testscollected=1190>]
          |         -> <member 'function' of 'HookImpl' objects>
          -> <HookImpl plugin_name='main', plugin=<module '_pytest.main' from 'D:\\Dev\\repos\\advanced-memory-mcp\\.venv\\Lib\\site-packa...
  File "D:\Dev\repos\advanced-memory-mcp\.venv\Lib\site-packages\_pytest\main.py", line 367, in pytest_runtestloop
    item.config.hook.pytest_runtest_protocol(item=item, nextitem=nextitem)
    |    |                                        |              -> <Function test_import_chatgpt_command_success[asyncio]>
    |    |                                        -> <Function test_ensure_migrations_handles_errors[asyncio]>
    |    -> <member 'config' of 'Node' objects>
    -> <Function test_ensure_migrations_handles_errors[asyncio]>
  File "D:\Dev\repos\advanced-memory-mcp\.venv\Lib\site-packages\pluggy\_hooks.py", line 512, in __call__
    return self._hookexec(self.name, self._hookimpls.copy(), kwargs, firstresult)
           |    |         |    |     |    |                  |       -> True
           |    |         |    |     |    |                  -> {'item': <Function test_ensure_migrations_handles_errors[asyncio]>, 'nextitem': <Function test_import_chatgpt_command_success...
           |    |         |    |     |    -> <member '_hookimpls' of 'HookCaller' objects>
           |    |         |    |     -> <HookCaller 'pytest_runtest_protocol'>
           |    |         |    -> <member 'name' of 'HookCaller' objects>
           |    |         -> <HookCaller 'pytest_runtest_protocol'>
           |    -> <member '_hookexec' of 'HookCaller' objects>
           -> <HookCaller 'pytest_runtest_protocol'>
  File "D:\Dev\repos\advanced-memory-mcp\.venv\Lib\site-packages\pluggy\_manager.py", line 120, in _hookexec
    return self._inner_hookexec(hook_name, methods, kwargs, firstresult)
           |    |               |          |        |       -> True
           |    |               |          |        -> {'item': <Function test_ensure_migrations_handles_errors[asyncio]>, 'nextitem': <Function test_import_chatgpt_command_success...
           |    |               |          -> [<HookImpl plugin_name='runner', plugin=<module '_pytest.runner' from 'D:\\Dev\\repos\\advanced-memory-mcp\\.venv\\Lib\\site-...
           |    |               -> 'pytest_runtest_protocol'
           |    -> <function _multicall at 0x0000028D8A9802C0>
           -> <_pytest.config.PytestPluginManager object at 0x0000028D8A6895B0>
  File "D:\Dev\repos\advanced-memory-mcp\.venv\Lib\site-packages\pluggy\_callers.py", line 121, in _multicall
    res = hook_impl.function(*args)
          |         |         -> [<Function test_ensure_migrations_handles_errors[asyncio]>, <Function test_import_chatgpt_command_success[asyncio]>]
          |         -> <member 'function' of 'HookImpl' objects>
          -> <HookImpl plugin_name='runner', plugin=<module '_pytest.runner' from 'D:\\Dev\\repos\\advanced-memory-mcp\\.venv\\Lib\\site-p...
  File "D:\Dev\repos\advanced-memory-mcp\.venv\Lib\site-packages\_pytest\runner.py", line 117, in pytest_runtest_protocol
    runtestprotocol(item, nextitem=nextitem)
    |               |              -> <Function test_import_chatgpt_command_success[asyncio]>
    |               -> <Function test_ensure_migrations_handles_errors[asyncio]>
    -> <function runtestprotocol at 0x0000028D8AEA62A0>
  File "D:\Dev\repos\advanced-memory-mcp\.venv\Lib\site-packages\_pytest\runner.py", line 136, in runtestprotocol
    reports.append(call_and_report(item, "call", log))
    |       |      |               |             -> True
    |       |      |               -> <Function test_ensure_migrations_handles_errors[asyncio]>
    |       |      -> <function call_and_report at 0x0000028D8AEA6700>
    |       -> <method 'append' of 'list' objects>
    -> [<TestReport 'tests/cli/test_cli_tools.py::test_ensure_migrations_handles_errors[asyncio]' when='setup' outcome='passed'>]
  File "D:\Dev\repos\advanced-memory-mcp\.venv\Lib\site-packages\_pytest\runner.py", line 245, in call_and_report
    call = CallInfo.from_call(
           |        -> <classmethod(<function CallInfo.from_call at 0x0000028D8AEA6A20>)>
           -> <class '_pytest.runner.CallInfo'>
  File "D:\Dev\repos\advanced-memory-mcp\.venv\Lib\site-packages\_pytest\runner.py", line 344, in from_call
    result: TResult | None = func()
            |                -> <function call_and_report.<locals>.<lambda> at 0x0000028D91636FC0>
            -> +TResult
  File "D:\Dev\repos\advanced-memory-mcp\.venv\Lib\site-packages\_pytest\runner.py", line 246, in <lambda>
    lambda: runtest_hook(item=item, **kwds), when=when, reraise=reraise
            |                 |       -> {}
            |                 -> <Function test_ensure_migrations_handles_errors[asyncio]>
            -> <HookCaller 'pytest_runtest_call'>
  File "D:\Dev\repos\advanced-memory-mcp\.venv\Lib\site-packages\pluggy\_hooks.py", line 512, in __call__
    return self._hookexec(self.name, self._hookimpls.copy(), kwargs, firstresult)
           |    |         |    |     |    |                  |       -> False
           |    |         |    |     |    |                  -> {'item': <Function test_ensure_migrations_handles_errors[asyncio]>}
           |    |         |    |     |    -> <member '_hookimpls' of 'HookCaller' objects>
           |    |         |    |     -> <HookCaller 'pytest_runtest_call'>
           |    |         |    -> <member 'name' of 'HookCaller' objects>
           |    |         -> <HookCaller 'pytest_runtest_call'>
           |    -> <member '_hookexec' of 'HookCaller' objects>
           -> <HookCaller 'pytest_runtest_call'>
  File "D:\Dev\repos\advanced-memory-mcp\.venv\Lib\site-packages\pluggy\_manager.py", line 120, in _hookexec
    return self._inner_hookexec(hook_name, methods, kwargs, firstresult)
           |    |               |          |        |       -> False
           |    |               |          |        -> {'item': <Function test_ensure_migrations_handles_errors[asyncio]>}
           |    |               |          -> [<HookImpl plugin_name='threadexception', plugin=<module '_pytest.threadexception' from 'D:\\Dev\\repos\\advanced-memory-mcp\...
           |    |               -> 'pytest_runtest_call'
           |    -> <function _multicall at 0x0000028D8A9802C0>
           -> <_pytest.config.PytestPluginManager object at 0x0000028D8A6895B0>
  File "D:\Dev\repos\advanced-memory-mcp\.venv\Lib\site-packages\pluggy\_callers.py", line 121, in _multicall
    res = hook_impl.function(*args)
          |         |         -> [<Function test_ensure_migrations_handles_errors[asyncio]>]
          |         -> <member 'function' of 'HookImpl' objects>
          -> <HookImpl plugin_name='runner', plugin=<module '_pytest.runner' from 'D:\\Dev\\repos\\advanced-memory-mcp\\.venv\\Lib\\site-p...
  File "D:\Dev\repos\advanced-memory-mcp\.venv\Lib\site-packages\_pytest\runner.py", line 178, in pytest_runtest_call
    item.runtest()
    |    -> <function Function.runtest at 0x0000028D8AFBEC00>
    -> <Function test_ensure_migrations_handles_errors[asyncio]>
  File "D:\Dev\repos\advanced-memory-mcp\.venv\Lib\site-packages\_pytest\python.py", line 1671, in runtest
    self.ihook.pytest_pyfunc_call(pyfuncitem=self)
    |    |                                   -> <Function test_ensure_migrations_handles_errors[asyncio]>
    |    -> <property object at 0x0000028D8AE180E0>
    -> <Function test_ensure_migrations_handles_errors[asyncio]>
  File "D:\Dev\repos\advanced-memory-mcp\.venv\Lib\site-packages\pluggy\_hooks.py", line 512, in __call__
    return self._hookexec(self.name, self._hookimpls.copy(), kwargs, firstresult)
           |    |         |    |     |    |                  |       -> True
           |    |         |    |     |    |                  -> {'pyfuncitem': <Function test_ensure_migrations_handles_errors[asyncio]>}
           |    |         |    |     |    -> <member '_hookimpls' of 'HookCaller' objects>
           |    |         |    |     -> <HookCaller 'pytest_pyfunc_call'>
           |    |         |    -> <member 'name' of 'HookCaller' objects>
           |    |         -> <HookCaller 'pytest_pyfunc_call'>
           |    -> <member '_hookexec' of 'HookCaller' objects>
           -> <HookCaller 'pytest_pyfunc_call'>
  File "D:\Dev\repos\advanced-memory-mcp\.venv\Lib\site-packages\pluggy\_manager.py", line 120, in _hookexec
    return self._inner_hookexec(hook_name, methods, kwargs, firstresult)
           |    |               |          |        |       -> True
           |    |               |          |        -> {'pyfuncitem': <Function test_ensure_migrations_handles_errors[asyncio]>}
           |    |               |          -> [<HookImpl plugin_name='python', plugin=<module '_pytest.python' from 'D:\\Dev\\repos\\advanced-memory-mcp\\.venv\\Lib\\site-...
           |    |               -> 'pytest_pyfunc_call'
           |    -> <function _multicall at 0x0000028D8A9802C0>
           -> <_pytest.config.PytestPluginManager object at 0x0000028D8A6895B0>
  File "D:\Dev\repos\advanced-memory-mcp\.venv\Lib\site-packages\pluggy\_callers.py", line 121, in _multicall
    res = hook_impl.function(*args)
          |         |         -> [<Function test_ensure_migrations_handles_errors[asyncio]>]
          |         -> <member 'function' of 'HookImpl' objects>
          -> <HookImpl plugin_name='python', plugin=<module '_pytest.python' from 'D:\\Dev\\repos\\advanced-memory-mcp\\.venv\\Lib\\site-p...
  File "D:\Dev\repos\advanced-memory-mcp\.venv\Lib\site-packages\_pytest\python.py", line 157, in pytest_pyfunc_call
    result = testfunction(**testargs)
             |              -> {'project_config': ProjectConfig(name='test-project', home=WindowsPath('C:/Users/sandr/AppData/Local/Temp/pytest-of-sandr/pyt...
             -> <function test_ensure_migrations_handles_errors at 0x0000028D8F89FB00>
  File "C:\Users\sandr\AppData\Roaming\uv\python\cpython-3.12.9-windows-x86_64-none\Lib\unittest\mock.py", line 1396, in patched
    return func(*newargs, **newkeywargs)
           |     |          -> {'project_config': ProjectConfig(name='test-project', home=WindowsPath('C:/Users/sandr/AppData/Local/Temp/pytest-of-sandr/pyt...
           |     -> (<AsyncMock name='initialize_database' id='2807043917584'>,)
           -> <function test_ensure_migrations_handles_errors at 0x0000028D8F89FA60>

  File "D:\Dev\repos\advanced-memory-mcp\tests\cli\test_cli_tools.py", line 466, in test_ensure_migrations_handles_errors
    ensure_initialization(project_config)
    |                     -> ProjectConfig(name='test-project', home=WindowsPath('C:/Users/sandr/AppData/Local/Temp/pytest-of-sandr/pytest-226/test_ensure...
    -> <function ensure_initialization at 0x0000028D8EB7D760>

> File "D:\Dev\repos\advanced-memory-mcp\src\advanced_memory\services\initialization.py", line 176, in ensure_initialization
    result = asyncio.run(initialize_app(app_config))
             |       |   |              -> ProjectConfig(name='test-project', home=WindowsPath('C:/Users/sandr/AppData/Local/Temp/pytest-of-sandr/pytest-226/test_ensure...
             |       |   -> <function initialize_app at 0x0000028D8EB7E5C0>
             |       -> <function run at 0x0000028D8BA21F80>
             -> <module 'asyncio' from 'C:\\Users\\sandr\\AppData\\Roaming\\uv\\python\\cpython-3.12.9-windows-x86_64-none\\Lib\\asyncio\\__i...

  File "C:\Users\sandr\AppData\Roaming\uv\python\cpython-3.12.9-windows-x86_64-none\Lib\asyncio\runners.py", line 195, in run
    return runner.run(main)
           |      |   -> <coroutine object initialize_app at 0x0000028D90511300>
           |      -> <function Runner.run at 0x0000028D8BA858A0>
           -> <asyncio.runners.Runner object at 0x0000028D90DB2450>
  File "C:\Users\sandr\AppData\Roaming\uv\python\cpython-3.12.9-windows-x86_64-none\Lib\asyncio\runners.py", line 118, in run
    return self._loop.run_until_complete(task)
           |    |                        -> <Task finished name='Task-2354' coro=<initialize_app() done, defined at D:\Dev\repos\advanced-memory-mcp\src\advanced_memory\...
           |    -> None
           -> <asyncio.runners.Runner object at 0x0000028D90DB2450>
  File "C:\Users\sandr\AppData\Roaming\uv\python\cpython-3.12.9-windows-x86_64-none\Lib\asyncio\base_events.py", line 691, in run_until_complete
    return future.result()
           |      -> <method 'result' of '_asyncio.Task' objects>
           -> <Task finished name='Task-2354' coro=<initialize_app() done, defined at D:\Dev\repos\advanced-memory-mcp\src\advanced_memory\...

  File "D:\Dev\repos\advanced-memory-mcp\src\advanced_memory\services\initialization.py", line 158, in initialize_app
    await initialize_database(app_config)
          |                   -> ProjectConfig(name='test-project', home=WindowsPath('C:/Users/sandr/AppData/Local/Temp/pytest-of-sandr/pytest-226/test_ensure...
          -> <AsyncMock name='initialize_database' id='2807043917584'>

  File "C:\Users\sandr\AppData\Roaming\uv\python\cpython-3.12.9-windows-x86_64-none\Lib\unittest\mock.py", line 2291, in _execute_mock_call
    raise effect
          -> Exception('Test error')

Exception: Test error
tests\cli\test_cli_tools.py ................
Import failed
tests\cli\test_import_chatgpt.py ...
Import failed
Import failed
tests\cli\test_import_claude_conversations.py .....
Import failed
Import failed
tests\cli\test_import_claude_projects.py .....
Import failed
tests\cli\test_import_memory_json.py .....
Error during initialization: API server not running
Traceback (most recent call last):

  File "<frozen runpy>", line 198, in _run_module_as_main
  File "<frozen runpy>", line 88, in _run_code

  File "D:\Dev\repos\advanced-memory-mcp\.venv\Scripts\pytest.exe\__main__.py", line 10, in <module>

  File "D:\Dev\repos\advanced-memory-mcp\.venv\Lib\site-packages\_pytest\config\__init__.py", line 201, in console_main
    code = main()
           -> <function main at 0x0000028D8ADDD440>
  File "D:\Dev\repos\advanced-memory-mcp\.venv\Lib\site-packages\_pytest\config\__init__.py", line 175, in main
    ret: ExitCode | int = config.hook.pytest_cmdline_main(config=config)
         |                |      |    |                          -> <_pytest.config.Config object at 0x0000028D8AEADD00>
         |                |      |    -> <HookCaller 'pytest_cmdline_main'>
         |                |      -> <_pytest.config.compat.PathAwareHookProxy object at 0x0000028D8AFC4DD0>
         |                -> <_pytest.config.Config object at 0x0000028D8AEADD00>
         -> <enum 'ExitCode'>
  File "D:\Dev\repos\advanced-memory-mcp\.venv\Lib\site-packages\pluggy\_hooks.py", line 512, in __call__
    return self._hookexec(self.name, self._hookimpls.copy(), kwargs, firstresult)
           |    |         |    |     |    |                  |       -> True
           |    |         |    |     |    |                  -> {'config': <_pytest.config.Config object at 0x0000028D8AEADD00>}
           |    |         |    |     |    -> <member '_hookimpls' of 'HookCaller' objects>
           |    |         |    |     -> <HookCaller 'pytest_cmdline_main'>
           |    |         |    -> <member 'name' of 'HookCaller' objects>
           |    |         -> <HookCaller 'pytest_cmdline_main'>
           |    -> <member '_hookexec' of 'HookCaller' objects>
           -> <HookCaller 'pytest_cmdline_main'>
  File "D:\Dev\repos\advanced-memory-mcp\.venv\Lib\site-packages\pluggy\_manager.py", line 120, in _hookexec
    return self._inner_hookexec(hook_name, methods, kwargs, firstresult)
           |    |               |          |        |       -> True
           |    |               |          |        -> {'config': <_pytest.config.Config object at 0x0000028D8AEADD00>}
           |    |               |          -> [<HookImpl plugin_name='main', plugin=<module '_pytest.main' from 'D:\\Dev\\repos\\advanced-memory-mcp\\.venv\\Lib\\site-pack...
           |    |               -> 'pytest_cmdline_main'
           |    -> <function _multicall at 0x0000028D8A9802C0>
           -> <_pytest.config.PytestPluginManager object at 0x0000028D8A6895B0>
  File "D:\Dev\repos\advanced-memory-mcp\.venv\Lib\site-packages\pluggy\_callers.py", line 121, in _multicall
    res = hook_impl.function(*args)
          |         |         -> [<_pytest.config.Config object at 0x0000028D8AEADD00>]
          |         -> <member 'function' of 'HookImpl' objects>
          -> <HookImpl plugin_name='main', plugin=<module '_pytest.main' from 'D:\\Dev\\repos\\advanced-memory-mcp\\.venv\\Lib\\site-packa...
  File "D:\Dev\repos\advanced-memory-mcp\.venv\Lib\site-packages\_pytest\main.py", line 336, in pytest_cmdline_main
    return wrap_session(config, _main)
           |            |       -> <function _main at 0x0000028D8AEA7100>
           |            -> <_pytest.config.Config object at 0x0000028D8AEADD00>
           -> <function wrap_session at 0x0000028D8AEA6FC0>
  File "D:\Dev\repos\advanced-memory-mcp\.venv\Lib\site-packages\_pytest\main.py", line 289, in wrap_session
    session.exitstatus = doit(config, session) or 0
    |       |            |    |       -> <Session  exitstatus=<ExitCode.OK: 0> testsfailed=0 testscollected=1190>
    |       |            |    -> <_pytest.config.Config object at 0x0000028D8AEADD00>
    |       |            -> <function _main at 0x0000028D8AEA7100>
    |       -> <ExitCode.OK: 0>
    -> <Session  exitstatus=<ExitCode.OK: 0> testsfailed=0 testscollected=1190>
  File "D:\Dev\repos\advanced-memory-mcp\.venv\Lib\site-packages\_pytest\main.py", line 343, in _main
    config.hook.pytest_runtestloop(session=session)
    |      |    |                          -> <Session  exitstatus=<ExitCode.OK: 0> testsfailed=0 testscollected=1190>
    |      |    -> <HookCaller 'pytest_runtestloop'>
    |      -> <_pytest.config.compat.PathAwareHookProxy object at 0x0000028D8AFC4DD0>
    -> <_pytest.config.Config object at 0x0000028D8AEADD00>
  File "D:\Dev\repos\advanced-memory-mcp\.venv\Lib\site-packages\pluggy\_hooks.py", line 512, in __call__
    return self._hookexec(self.name, self._hookimpls.copy(), kwargs, firstresult)
           |    |         |    |     |    |                  |       -> True
           |    |         |    |     |    |                  -> {'session': <Session  exitstatus=<ExitCode.OK: 0> testsfailed=0 testscollected=1190>}
           |    |         |    |     |    -> <member '_hookimpls' of 'HookCaller' objects>
           |    |         |    |     -> <HookCaller 'pytest_runtestloop'>
           |    |         |    -> <member 'name' of 'HookCaller' objects>
           |    |         -> <HookCaller 'pytest_runtestloop'>
           |    -> <member '_hookexec' of 'HookCaller' objects>
           -> <HookCaller 'pytest_runtestloop'>
  File "D:\Dev\repos\advanced-memory-mcp\.venv\Lib\site-packages\pluggy\_manager.py", line 120, in _hookexec
    return self._inner_hookexec(hook_name, methods, kwargs, firstresult)
           |    |               |          |        |       -> True
           |    |               |          |        -> {'session': <Session  exitstatus=<ExitCode.OK: 0> testsfailed=0 testscollected=1190>}
           |    |               |          -> [<HookImpl plugin_name='main', plugin=<module '_pytest.main' from 'D:\\Dev\\repos\\advanced-memory-mcp\\.venv\\Lib\\site-pack...
           |    |               -> 'pytest_runtestloop'
           |    -> <function _multicall at 0x0000028D8A9802C0>
           -> <_pytest.config.PytestPluginManager object at 0x0000028D8A6895B0>
  File "D:\Dev\repos\advanced-memory-mcp\.venv\Lib\site-packages\pluggy\_callers.py", line 121, in _multicall
    res = hook_impl.function(*args)
          |         |         -> [<Session  exitstatus=<ExitCode.OK: 0> testsfailed=0 testscollected=1190>]
          |         -> <member 'function' of 'HookImpl' objects>
          -> <HookImpl plugin_name='main', plugin=<module '_pytest.main' from 'D:\\Dev\\repos\\advanced-memory-mcp\\.venv\\Lib\\site-packa...
  File "D:\Dev\repos\advanced-memory-mcp\.venv\Lib\site-packages\_pytest\main.py", line 367, in pytest_runtestloop
    item.config.hook.pytest_runtest_protocol(item=item, nextitem=nextitem)
    |    |                                        |              -> <Function test_info_stats[asyncio]>
    |    |                                        -> <Function test_project_failure_exits_with_error[asyncio]>
    |    -> <member 'config' of 'Node' objects>
    -> <Function test_project_failure_exits_with_error[asyncio]>
  File "D:\Dev\repos\advanced-memory-mcp\.venv\Lib\site-packages\pluggy\_hooks.py", line 512, in __call__
    return self._hookexec(self.name, self._hookimpls.copy(), kwargs, firstresult)
           |    |         |    |     |    |                  |       -> True
           |    |         |    |     |    |                  -> {'item': <Function test_project_failure_exits_with_error[asyncio]>, 'nextitem': <Function test_info_stats[asyncio]>}
           |    |         |    |     |    -> <member '_hookimpls' of 'HookCaller' objects>
           |    |         |    |     -> <HookCaller 'pytest_runtest_protocol'>
           |    |         |    -> <member 'name' of 'HookCaller' objects>
           |    |         -> <HookCaller 'pytest_runtest_protocol'>
           |    -> <member '_hookexec' of 'HookCaller' objects>
           -> <HookCaller 'pytest_runtest_protocol'>
  File "D:\Dev\repos\advanced-memory-mcp\.venv\Lib\site-packages\pluggy\_manager.py", line 120, in _hookexec
    return self._inner_hookexec(hook_name, methods, kwargs, firstresult)
           |    |               |          |        |       -> True
           |    |               |          |        -> {'item': <Function test_project_failure_exits_with_error[asyncio]>, 'nextitem': <Function test_info_stats[asyncio]>}
           |    |               |          -> [<HookImpl plugin_name='runner', plugin=<module '_pytest.runner' from 'D:\\Dev\\repos\\advanced-memory-mcp\\.venv\\Lib\\site-...
           |    |               -> 'pytest_runtest_protocol'
           |    -> <function _multicall at 0x0000028D8A9802C0>
           -> <_pytest.config.PytestPluginManager object at 0x0000028D8A6895B0>
  File "D:\Dev\repos\advanced-memory-mcp\.venv\Lib\site-packages\pluggy\_callers.py", line 121, in _multicall
    res = hook_impl.function(*args)
          |         |         -> [<Function test_project_failure_exits_with_error[asyncio]>, <Function test_info_stats[asyncio]>]
          |         -> <member 'function' of 'HookImpl' objects>
          -> <HookImpl plugin_name='runner', plugin=<module '_pytest.runner' from 'D:\\Dev\\repos\\advanced-memory-mcp\\.venv\\Lib\\site-p...
  File "D:\Dev\repos\advanced-memory-mcp\.venv\Lib\site-packages\_pytest\runner.py", line 117, in pytest_runtest_protocol
    runtestprotocol(item, nextitem=nextitem)
    |               |              -> <Function test_info_stats[asyncio]>
    |               -> <Function test_project_failure_exits_with_error[asyncio]>
    -> <function runtestprotocol at 0x0000028D8AEA62A0>
  File "D:\Dev\repos\advanced-memory-mcp\.venv\Lib\site-packages\_pytest\runner.py", line 136, in runtestprotocol
    reports.append(call_and_report(item, "call", log))
    |       |      |               |             -> True
    |       |      |               -> <Function test_project_failure_exits_with_error[asyncio]>
    |       |      -> <function call_and_report at 0x0000028D8AEA6700>
    |       -> <method 'append' of 'list' objects>
    -> [<TestReport 'tests/cli/test_project_commands.py::test_project_failure_exits_with_error[asyncio]' when='setup' outcome='passe...
  File "D:\Dev\repos\advanced-memory-mcp\.venv\Lib\site-packages\_pytest\runner.py", line 245, in call_and_report
    call = CallInfo.from_call(
           |        -> <classmethod(<function CallInfo.from_call at 0x0000028D8AEA6A20>)>
           -> <class '_pytest.runner.CallInfo'>
  File "D:\Dev\repos\advanced-memory-mcp\.venv\Lib\site-packages\_pytest\runner.py", line 344, in from_call
    result: TResult | None = func()
            |                -> <function call_and_report.<locals>.<lambda> at 0x0000028D909CDBC0>
            -> +TResult
  File "D:\Dev\repos\advanced-memory-mcp\.venv\Lib\site-packages\_pytest\runner.py", line 246, in <lambda>
    lambda: runtest_hook(item=item, **kwds), when=when, reraise=reraise
            |                 |       -> {}
            |                 -> <Function test_project_failure_exits_with_error[asyncio]>
            -> <HookCaller 'pytest_runtest_call'>
  File "D:\Dev\repos\advanced-memory-mcp\.venv\Lib\site-packages\pluggy\_hooks.py", line 512, in __call__
    return self._hookexec(self.name, self._hookimpls.copy(), kwargs, firstresult)
           |    |         |    |     |    |                  |       -> False
           |    |         |    |     |    |                  -> {'item': <Function test_project_failure_exits_with_error[asyncio]>}
           |    |         |    |     |    -> <member '_hookimpls' of 'HookCaller' objects>
           |    |         |    |     -> <HookCaller 'pytest_runtest_call'>
           |    |         |    -> <member 'name' of 'HookCaller' objects>
           |    |         -> <HookCaller 'pytest_runtest_call'>
           |    -> <member '_hookexec' of 'HookCaller' objects>
           -> <HookCaller 'pytest_runtest_call'>
  File "D:\Dev\repos\advanced-memory-mcp\.venv\Lib\site-packages\pluggy\_manager.py", line 120, in _hookexec
    return self._inner_hookexec(hook_name, methods, kwargs, firstresult)
           |    |               |          |        |       -> False
           |    |               |          |        -> {'item': <Function test_project_failure_exits_with_error[asyncio]>}
           |    |               |          -> [<HookImpl plugin_name='threadexception', plugin=<module '_pytest.threadexception' from 'D:\\Dev\\repos\\advanced-memory-mcp\...
           |    |               -> 'pytest_runtest_call'
           |    -> <function _multicall at 0x0000028D8A9802C0>
           -> <_pytest.config.PytestPluginManager object at 0x0000028D8A6895B0>
  File "D:\Dev\repos\advanced-memory-mcp\.venv\Lib\site-packages\pluggy\_callers.py", line 121, in _multicall
    res = hook_impl.function(*args)
          |         |         -> [<Function test_project_failure_exits_with_error[asyncio]>]
          |         -> <member 'function' of 'HookImpl' objects>
          -> <HookImpl plugin_name='runner', plugin=<module '_pytest.runner' from 'D:\\Dev\\repos\\advanced-memory-mcp\\.venv\\Lib\\site-p...
  File "D:\Dev\repos\advanced-memory-mcp\.venv\Lib\site-packages\_pytest\runner.py", line 178, in pytest_runtest_call
    item.runtest()
    |    -> <function Function.runtest at 0x0000028D8AFBEC00>
    -> <Function test_project_failure_exits_with_error[asyncio]>
  File "D:\Dev\repos\advanced-memory-mcp\.venv\Lib\site-packages\_pytest\python.py", line 1671, in runtest
    self.ihook.pytest_pyfunc_call(pyfuncitem=self)
    |    |                                   -> <Function test_project_failure_exits_with_error[asyncio]>
    |    -> <property object at 0x0000028D8AE180E0>
    -> <Function test_project_failure_exits_with_error[asyncio]>
  File "D:\Dev\repos\advanced-memory-mcp\.venv\Lib\site-packages\pluggy\_hooks.py", line 512, in __call__
    return self._hookexec(self.name, self._hookimpls.copy(), kwargs, firstresult)
           |    |         |    |     |    |                  |       -> True
           |    |         |    |     |    |                  -> {'pyfuncitem': <Function test_project_failure_exits_with_error[asyncio]>}
           |    |         |    |     |    -> <member '_hookimpls' of 'HookCaller' objects>
           |    |         |    |     -> <HookCaller 'pytest_pyfunc_call'>
           |    |         |    -> <member 'name' of 'HookCaller' objects>
           |    |         -> <HookCaller 'pytest_pyfunc_call'>
           |    -> <member '_hookexec' of 'HookCaller' objects>
           -> <HookCaller 'pytest_pyfunc_call'>
  File "D:\Dev\repos\advanced-memory-mcp\.venv\Lib\site-packages\pluggy\_manager.py", line 120, in _hookexec
    return self._inner_hookexec(hook_name, methods, kwargs, firstresult)
           |    |               |          |        |       -> True
           |    |               |          |        -> {'pyfuncitem': <Function test_project_failure_exits_with_error[asyncio]>}
           |    |               |          -> [<HookImpl plugin_name='python', plugin=<module '_pytest.python' from 'D:\\Dev\\repos\\advanced-memory-mcp\\.venv\\Lib\\site-...
           |    |               -> 'pytest_pyfunc_call'
           |    -> <function _multicall at 0x0000028D8A9802C0>
           -> <_pytest.config.PytestPluginManager object at 0x0000028D8A6895B0>
  File "D:\Dev\repos\advanced-memory-mcp\.venv\Lib\site-packages\pluggy\_callers.py", line 121, in _multicall
    res = hook_impl.function(*args)
          |         |         -> [<Function test_project_failure_exits_with_error[asyncio]>]
          |         -> <member 'function' of 'HookImpl' objects>
          -> <HookImpl plugin_name='python', plugin=<module '_pytest.python' from 'D:\\Dev\\repos\\advanced-memory-mcp\\.venv\\Lib\\site-p...
  File "D:\Dev\repos\advanced-memory-mcp\.venv\Lib\site-packages\_pytest\python.py", line 157, in pytest_pyfunc_call
    result = testfunction(**testargs)
             |              -> {'cli_env': {'project_config': ProjectConfig(name='test-project', home=WindowsPath('C:/Users/sandr/AppData/Local/Temp/pytest-...
             -> <function test_project_failure_exits_with_error at 0x0000028D8F8E3C40>
  File "C:\Users\sandr\AppData\Roaming\uv\python\cpython-3.12.9-windows-x86_64-none\Lib\unittest\mock.py", line 1396, in patched
    return func(*newargs, **newkeywargs)
           |     |          -> {'cli_env': {'project_config': ProjectConfig(name='test-project', home=WindowsPath('C:/Users/sandr/AppData/Local/Temp/pytest-...
           |     -> (<MagicMock name='run' id='2807049251552'>,)
           -> <function test_project_failure_exits_with_error at 0x0000028D8F8E3BA0>

  File "D:\Dev\repos\advanced-memory-mcp\tests\cli\test_project_commands.py", line 128, in test_project_failure_exits_with_error
    list_result = runner.invoke(cli_app, ["project", "list"])
                  |      |      -> <typer.main.Typer object at 0x0000028D8EDBB830>
                  |      -> <function CliRunner.invoke at 0x0000028D8EE0A020>
                  -> <typer.testing.CliRunner object at 0x0000028D913FCF50>

  File "D:\Dev\repos\advanced-memory-mcp\.venv\Lib\site-packages\typer\testing.py", line 21, in invoke
    return super().invoke(
  File "D:\Dev\repos\advanced-memory-mcp\.venv\Lib\site-packages\click\testing.py", line 494, in invoke
    return_value = cli.main(args=args or (), prog_name=prog_name, **extra)
                   |   |         |                     |            -> {}
                   |   |         |                     -> 'advanced-memory'
                   |   |         -> ['project', 'list']
                   |   -> <function TyperGroup.main at 0x0000028D8EE2F920>
                   -> <TyperGroup advanced-memory>
  File "D:\Dev\repos\advanced-memory-mcp\.venv\Lib\site-packages\typer\core.py", line 757, in main
    return _main(
           -> <function _main at 0x0000028D8EE2E8E0>
  File "D:\Dev\repos\advanced-memory-mcp\.venv\Lib\site-packages\typer\core.py", line 195, in _main
    rv = self.invoke(ctx)
         |    |      -> <click.core.Context object at 0x0000028D90B17260>
         |    -> <function Group.invoke at 0x0000028D8E527740>
         -> <TyperGroup advanced-memory>
  File "D:\Dev\repos\advanced-memory-mcp\.venv\Lib\site-packages\click\core.py", line 1827, in invoke
    super().invoke(ctx)
                   -> <click.core.Context object at 0x0000028D90B17260>
  File "D:\Dev\repos\advanced-memory-mcp\.venv\Lib\site-packages\click\core.py", line 1226, in invoke
    return ctx.invoke(self.callback, **ctx.params)
           |   |      |    |           |   -> {'version': None, 'project': None}
           |   |      |    |           -> <click.core.Context object at 0x0000028D90B17260>
           |   |      |    -> <function app_callback at 0x0000028D90665BC0>
           |   |      -> <TyperGroup advanced-memory>
           |   -> <function Context.invoke at 0x0000028D8E525760>
           -> <click.core.Context object at 0x0000028D90B17260>
  File "D:\Dev\repos\advanced-memory-mcp\.venv\Lib\site-packages\click\core.py", line 794, in invoke
    return callback(*args, **kwargs)
           |         |       -> {'version': None, 'project': None}
           |         -> ()
           -> <function app_callback at 0x0000028D90665BC0>
  File "D:\Dev\repos\advanced-memory-mcp\.venv\Lib\site-packages\typer\main.py", line 699, in wrapper
    return callback(**use_params)
           |          -> {'ctx': <click.core.Context object at 0x0000028D90B17260>, 'project': None, 'version': None}
           -> <function app_callback at 0x0000028D8EDE5620>

  File "D:\Dev\repos\advanced-memory-mcp\src\advanced_memory\cli\app.py", line 47, in app_callback
    ensure_initialization(app_config)
    |                     -> AdvancedMemoryConfig(env='test', projects={'test-project': 'C:\\Users\\sandr\\AppData\\Local\\Temp\\pytest-of-sandr\\pytest-2...
    -> <function ensure_initialization at 0x0000028D8EB7D760>

> File "D:\Dev\repos\advanced-memory-mcp\src\advanced_memory\services\initialization.py", line 176, in ensure_initialization
    result = asyncio.run(initialize_app(app_config))
             |       |   |              -> AdvancedMemoryConfig(env='test', projects={'test-project': 'C:\\Users\\sandr\\AppData\\Local\\Temp\\pytest-of-sandr\\pytest-2...
             |       |   -> <function initialize_app at 0x0000028D8EB7E5C0>
             |       -> <MagicMock name='run' id='2807049251552'>
             -> <module 'asyncio' from 'C:\\Users\\sandr\\AppData\\Roaming\\uv\\python\\cpython-3.12.9-windows-x86_64-none\\Lib\\asyncio\\__i...

  File "C:\Users\sandr\AppData\Roaming\uv\python\cpython-3.12.9-windows-x86_64-none\Lib\unittest\mock.py", line 1139, in __call__
    return self._mock_call(*args, **kwargs)
           |    |           |       -> {}
           |    |           -> (<coroutine object initialize_app at 0x0000028D912AC7C0>,)
           |    -> <function CallableMixin._mock_call at 0x0000028D8BE48C20>
           -> <MagicMock name='run' id='2807049251552'>
  File "C:\Users\sandr\AppData\Roaming\uv\python\cpython-3.12.9-windows-x86_64-none\Lib\unittest\mock.py", line 1143, in _mock_call
    return self._execute_mock_call(*args, **kwargs)
           |    |                   |       -> {}
           |    |                   -> (<coroutine object initialize_app at 0x0000028D912AC7C0>,)
           |    -> <function CallableMixin._execute_mock_call at 0x0000028D8BE48D60>
           -> <MagicMock name='run' id='2807049251552'>
  File "C:\Users\sandr\AppData\Roaming\uv\python\cpython-3.12.9-windows-x86_64-none\Lib\unittest\mock.py", line 1198, in _execute_mock_call
    raise effect
          -> Exception('API server not running')

Exception: API server not running
Error during initialization: API server not running
Traceback (most recent call last):

  File "<frozen runpy>", line 198, in _run_module_as_main
  File "<frozen runpy>", line 88, in _run_code

  File "D:\Dev\repos\advanced-memory-mcp\.venv\Scripts\pytest.exe\__main__.py", line 10, in <module>

  File "D:\Dev\repos\advanced-memory-mcp\.venv\Lib\site-packages\_pytest\config\__init__.py", line 201, in console_main
    code = main()
           -> <function main at 0x0000028D8ADDD440>
  File "D:\Dev\repos\advanced-memory-mcp\.venv\Lib\site-packages\_pytest\config\__init__.py", line 175, in main
    ret: ExitCode | int = config.hook.pytest_cmdline_main(config=config)
         |                |      |    |                          -> <_pytest.config.Config object at 0x0000028D8AEADD00>
         |                |      |    -> <HookCaller 'pytest_cmdline_main'>
         |                |      -> <_pytest.config.compat.PathAwareHookProxy object at 0x0000028D8AFC4DD0>
         |                -> <_pytest.config.Config object at 0x0000028D8AEADD00>
         -> <enum 'ExitCode'>
  File "D:\Dev\repos\advanced-memory-mcp\.venv\Lib\site-packages\pluggy\_hooks.py", line 512, in __call__
    return self._hookexec(self.name, self._hookimpls.copy(), kwargs, firstresult)
           |    |         |    |     |    |                  |       -> True
           |    |         |    |     |    |                  -> {'config': <_pytest.config.Config object at 0x0000028D8AEADD00>}
           |    |         |    |     |    -> <member '_hookimpls' of 'HookCaller' objects>
           |    |         |    |     -> <HookCaller 'pytest_cmdline_main'>
           |    |         |    -> <member 'name' of 'HookCaller' objects>
           |    |         -> <HookCaller 'pytest_cmdline_main'>
           |    -> <member '_hookexec' of 'HookCaller' objects>
           -> <HookCaller 'pytest_cmdline_main'>
  File "D:\Dev\repos\advanced-memory-mcp\.venv\Lib\site-packages\pluggy\_manager.py", line 120, in _hookexec
    return self._inner_hookexec(hook_name, methods, kwargs, firstresult)
           |    |               |          |        |       -> True
           |    |               |          |        -> {'config': <_pytest.config.Config object at 0x0000028D8AEADD00>}
           |    |               |          -> [<HookImpl plugin_name='main', plugin=<module '_pytest.main' from 'D:\\Dev\\repos\\advanced-memory-mcp\\.venv\\Lib\\site-pack...
           |    |               -> 'pytest_cmdline_main'
           |    -> <function _multicall at 0x0000028D8A9802C0>
           -> <_pytest.config.PytestPluginManager object at 0x0000028D8A6895B0>
  File "D:\Dev\repos\advanced-memory-mcp\.venv\Lib\site-packages\pluggy\_callers.py", line 121, in _multicall
    res = hook_impl.function(*args)
          |         |         -> [<_pytest.config.Config object at 0x0000028D8AEADD00>]
          |         -> <member 'function' of 'HookImpl' objects>
          -> <HookImpl plugin_name='main', plugin=<module '_pytest.main' from 'D:\\Dev\\repos\\advanced-memory-mcp\\.venv\\Lib\\site-packa...
  File "D:\Dev\repos\advanced-memory-mcp\.venv\Lib\site-packages\_pytest\main.py", line 336, in pytest_cmdline_main
    return wrap_session(config, _main)
           |            |       -> <function _main at 0x0000028D8AEA7100>
           |            -> <_pytest.config.Config object at 0x0000028D8AEADD00>
           -> <function wrap_session at 0x0000028D8AEA6FC0>
  File "D:\Dev\repos\advanced-memory-mcp\.venv\Lib\site-packages\_pytest\main.py", line 289, in wrap_session
    session.exitstatus = doit(config, session) or 0
    |       |            |    |       -> <Session  exitstatus=<ExitCode.OK: 0> testsfailed=0 testscollected=1190>
    |       |            |    -> <_pytest.config.Config object at 0x0000028D8AEADD00>
    |       |            -> <function _main at 0x0000028D8AEA7100>
    |       -> <ExitCode.OK: 0>
    -> <Session  exitstatus=<ExitCode.OK: 0> testsfailed=0 testscollected=1190>
  File "D:\Dev\repos\advanced-memory-mcp\.venv\Lib\site-packages\_pytest\main.py", line 343, in _main
    config.hook.pytest_runtestloop(session=session)
    |      |    |                          -> <Session  exitstatus=<ExitCode.OK: 0> testsfailed=0 testscollected=1190>
    |      |    -> <HookCaller 'pytest_runtestloop'>
    |      -> <_pytest.config.compat.PathAwareHookProxy object at 0x0000028D8AFC4DD0>
    -> <_pytest.config.Config object at 0x0000028D8AEADD00>
  File "D:\Dev\repos\advanced-memory-mcp\.venv\Lib\site-packages\pluggy\_hooks.py", line 512, in __call__
    return self._hookexec(self.name, self._hookimpls.copy(), kwargs, firstresult)
           |    |         |    |     |    |                  |       -> True
           |    |         |    |     |    |                  -> {'session': <Session  exitstatus=<ExitCode.OK: 0> testsfailed=0 testscollected=1190>}
           |    |         |    |     |    -> <member '_hookimpls' of 'HookCaller' objects>
           |    |         |    |     -> <HookCaller 'pytest_runtestloop'>
           |    |         |    -> <member 'name' of 'HookCaller' objects>
           |    |         -> <HookCaller 'pytest_runtestloop'>
           |    -> <member '_hookexec' of 'HookCaller' objects>
           -> <HookCaller 'pytest_runtestloop'>
  File "D:\Dev\repos\advanced-memory-mcp\.venv\Lib\site-packages\pluggy\_manager.py", line 120, in _hookexec
    return self._inner_hookexec(hook_name, methods, kwargs, firstresult)
           |    |               |          |        |       -> True
           |    |               |          |        -> {'session': <Session  exitstatus=<ExitCode.OK: 0> testsfailed=0 testscollected=1190>}
           |    |               |          -> [<HookImpl plugin_name='main', plugin=<module '_pytest.main' from 'D:\\Dev\\repos\\advanced-memory-mcp\\.venv\\Lib\\site-pack...
           |    |               -> 'pytest_runtestloop'
           |    -> <function _multicall at 0x0000028D8A9802C0>
           -> <_pytest.config.PytestPluginManager object at 0x0000028D8A6895B0>
  File "D:\Dev\repos\advanced-memory-mcp\.venv\Lib\site-packages\pluggy\_callers.py", line 121, in _multicall
    res = hook_impl.function(*args)
          |         |         -> [<Session  exitstatus=<ExitCode.OK: 0> testsfailed=0 testscollected=1190>]
          |         -> <member 'function' of 'HookImpl' objects>
          -> <HookImpl plugin_name='main', plugin=<module '_pytest.main' from 'D:\\Dev\\repos\\advanced-memory-mcp\\.venv\\Lib\\site-packa...
  File "D:\Dev\repos\advanced-memory-mcp\.venv\Lib\site-packages\_pytest\main.py", line 367, in pytest_runtestloop
    item.config.hook.pytest_runtest_protocol(item=item, nextitem=nextitem)
    |    |                                        |              -> <Function test_info_stats[asyncio]>
    |    |                                        -> <Function test_project_failure_exits_with_error[asyncio]>
    |    -> <member 'config' of 'Node' objects>
    -> <Function test_project_failure_exits_with_error[asyncio]>
  File "D:\Dev\repos\advanced-memory-mcp\.venv\Lib\site-packages\pluggy\_hooks.py", line 512, in __call__
    return self._hookexec(self.name, self._hookimpls.copy(), kwargs, firstresult)
           |    |         |    |     |    |                  |       -> True
           |    |         |    |     |    |                  -> {'item': <Function test_project_failure_exits_with_error[asyncio]>, 'nextitem': <Function test_info_stats[asyncio]>}
           |    |         |    |     |    -> <member '_hookimpls' of 'HookCaller' objects>
           |    |         |    |     -> <HookCaller 'pytest_runtest_protocol'>
           |    |         |    -> <member 'name' of 'HookCaller' objects>
           |    |         -> <HookCaller 'pytest_runtest_protocol'>
           |    -> <member '_hookexec' of 'HookCaller' objects>
           -> <HookCaller 'pytest_runtest_protocol'>
  File "D:\Dev\repos\advanced-memory-mcp\.venv\Lib\site-packages\pluggy\_manager.py", line 120, in _hookexec
    return self._inner_hookexec(hook_name, methods, kwargs, firstresult)
           |    |               |          |        |       -> True
           |    |               |          |        -> {'item': <Function test_project_failure_exits_with_error[asyncio]>, 'nextitem': <Function test_info_stats[asyncio]>}
           |    |               |          -> [<HookImpl plugin_name='runner', plugin=<module '_pytest.runner' from 'D:\\Dev\\repos\\advanced-memory-mcp\\.venv\\Lib\\site-...
           |    |               -> 'pytest_runtest_protocol'
           |    -> <function _multicall at 0x0000028D8A9802C0>
           -> <_pytest.config.PytestPluginManager object at 0x0000028D8A6895B0>
  File "D:\Dev\repos\advanced-memory-mcp\.venv\Lib\site-packages\pluggy\_callers.py", line 121, in _multicall
    res = hook_impl.function(*args)
          |         |         -> [<Function test_project_failure_exits_with_error[asyncio]>, <Function test_info_stats[asyncio]>]
          |         -> <member 'function' of 'HookImpl' objects>
          -> <HookImpl plugin_name='runner', plugin=<module '_pytest.runner' from 'D:\\Dev\\repos\\advanced-memory-mcp\\.venv\\Lib\\site-p...
  File "D:\Dev\repos\advanced-memory-mcp\.venv\Lib\site-packages\_pytest\runner.py", line 117, in pytest_runtest_protocol
    runtestprotocol(item, nextitem=nextitem)
    |               |              -> <Function test_info_stats[asyncio]>
    |               -> <Function test_project_failure_exits_with_error[asyncio]>
    -> <function runtestprotocol at 0x0000028D8AEA62A0>
  File "D:\Dev\repos\advanced-memory-mcp\.venv\Lib\site-packages\_pytest\runner.py", line 136, in runtestprotocol
    reports.append(call_and_report(item, "call", log))
    |       |      |               |             -> True
    |       |      |               -> <Function test_project_failure_exits_with_error[asyncio]>
    |       |      -> <function call_and_report at 0x0000028D8AEA6700>
    |       -> <method 'append' of 'list' objects>
    -> [<TestReport 'tests/cli/test_project_commands.py::test_project_failure_exits_with_error[asyncio]' when='setup' outcome='passe...
  File "D:\Dev\repos\advanced-memory-mcp\.venv\Lib\site-packages\_pytest\runner.py", line 245, in call_and_report
    call = CallInfo.from_call(
           |        -> <classmethod(<function CallInfo.from_call at 0x0000028D8AEA6A20>)>
           -> <class '_pytest.runner.CallInfo'>
  File "D:\Dev\repos\advanced-memory-mcp\.venv\Lib\site-packages\_pytest\runner.py", line 344, in from_call
    result: TResult | None = func()
            |                -> <function call_and_report.<locals>.<lambda> at 0x0000028D909CDBC0>
            -> +TResult
  File "D:\Dev\repos\advanced-memory-mcp\.venv\Lib\site-packages\_pytest\runner.py", line 246, in <lambda>
    lambda: runtest_hook(item=item, **kwds), when=when, reraise=reraise
            |                 |       -> {}
            |                 -> <Function test_project_failure_exits_with_error[asyncio]>
            -> <HookCaller 'pytest_runtest_call'>
  File "D:\Dev\repos\advanced-memory-mcp\.venv\Lib\site-packages\pluggy\_hooks.py", line 512, in __call__
    return self._hookexec(self.name, self._hookimpls.copy(), kwargs, firstresult)
           |    |         |    |     |    |                  |       -> False
           |    |         |    |     |    |                  -> {'item': <Function test_project_failure_exits_with_error[asyncio]>}
           |    |         |    |     |    -> <member '_hookimpls' of 'HookCaller' objects>
           |    |         |    |     -> <HookCaller 'pytest_runtest_call'>
           |    |         |    -> <member 'name' of 'HookCaller' objects>
           |    |         -> <HookCaller 'pytest_runtest_call'>
           |    -> <member '_hookexec' of 'HookCaller' objects>
           -> <HookCaller 'pytest_runtest_call'>
  File "D:\Dev\repos\advanced-memory-mcp\.venv\Lib\site-packages\pluggy\_manager.py", line 120, in _hookexec
    return self._inner_hookexec(hook_name, methods, kwargs, firstresult)
           |    |               |          |        |       -> False
           |    |               |          |        -> {'item': <Function test_project_failure_exits_with_error[asyncio]>}
           |    |               |          -> [<HookImpl plugin_name='threadexception', plugin=<module '_pytest.threadexception' from 'D:\\Dev\\repos\\advanced-memory-mcp\...
           |    |               -> 'pytest_runtest_call'
           |    -> <function _multicall at 0x0000028D8A9802C0>
           -> <_pytest.config.PytestPluginManager object at 0x0000028D8A6895B0>
  File "D:\Dev\repos\advanced-memory-mcp\.venv\Lib\site-packages\pluggy\_callers.py", line 121, in _multicall
    res = hook_impl.function(*args)
          |         |         -> [<Function test_project_failure_exits_with_error[asyncio]>]
          |         -> <member 'function' of 'HookImpl' objects>
          -> <HookImpl plugin_name='runner', plugin=<module '_pytest.runner' from 'D:\\Dev\\repos\\advanced-memory-mcp\\.venv\\Lib\\site-p...
  File "D:\Dev\repos\advanced-memory-mcp\.venv\Lib\site-packages\_pytest\runner.py", line 178, in pytest_runtest_call
    item.runtest()
    |    -> <function Function.runtest at 0x0000028D8AFBEC00>
    -> <Function test_project_failure_exits_with_error[asyncio]>
  File "D:\Dev\repos\advanced-memory-mcp\.venv\Lib\site-packages\_pytest\python.py", line 1671, in runtest
    self.ihook.pytest_pyfunc_call(pyfuncitem=self)
    |    |                                   -> <Function test_project_failure_exits_with_error[asyncio]>
    |    -> <property object at 0x0000028D8AE180E0>
    -> <Function test_project_failure_exits_with_error[asyncio]>
  File "D:\Dev\repos\advanced-memory-mcp\.venv\Lib\site-packages\pluggy\_hooks.py", line 512, in __call__
    return self._hookexec(self.name, self._hookimpls.copy(), kwargs, firstresult)
           |    |         |    |     |    |                  |       -> True
           |    |         |    |     |    |                  -> {'pyfuncitem': <Function test_project_failure_exits_with_error[asyncio]>}
           |    |         |    |     |    -> <member '_hookimpls' of 'HookCaller' objects>
           |    |         |    |     -> <HookCaller 'pytest_pyfunc_call'>
           |    |         |    -> <member 'name' of 'HookCaller' objects>
           |    |         -> <HookCaller 'pytest_pyfunc_call'>
           |    -> <member '_hookexec' of 'HookCaller' objects>
           -> <HookCaller 'pytest_pyfunc_call'>
  File "D:\Dev\repos\advanced-memory-mcp\.venv\Lib\site-packages\pluggy\_manager.py", line 120, in _hookexec
    return self._inner_hookexec(hook_name, methods, kwargs, firstresult)
           |    |               |          |        |       -> True
           |    |               |          |        -> {'pyfuncitem': <Function test_project_failure_exits_with_error[asyncio]>}
           |    |               |          -> [<HookImpl plugin_name='python', plugin=<module '_pytest.python' from 'D:\\Dev\\repos\\advanced-memory-mcp\\.venv\\Lib\\site-...
           |    |               -> 'pytest_pyfunc_call'
           |    -> <function _multicall at 0x0000028D8A9802C0>
           -> <_pytest.config.PytestPluginManager object at 0x0000028D8A6895B0>
  File "D:\Dev\repos\advanced-memory-mcp\.venv\Lib\site-packages\pluggy\_callers.py", line 121, in _multicall
    res = hook_impl.function(*args)
          |         |         -> [<Function test_project_failure_exits_with_error[asyncio]>]
          |         -> <member 'function' of 'HookImpl' objects>
          -> <HookImpl plugin_name='python', plugin=<module '_pytest.python' from 'D:\\Dev\\repos\\advanced-memory-mcp\\.venv\\Lib\\site-p...
  File "D:\Dev\repos\advanced-memory-mcp\.venv\Lib\site-packages\_pytest\python.py", line 157, in pytest_pyfunc_call
    result = testfunction(**testargs)
             |              -> {'cli_env': {'project_config': ProjectConfig(name='test-project', home=WindowsPath('C:/Users/sandr/AppData/Local/Temp/pytest-...
             -> <function test_project_failure_exits_with_error at 0x0000028D8F8E3C40>
  File "C:\Users\sandr\AppData\Roaming\uv\python\cpython-3.12.9-windows-x86_64-none\Lib\unittest\mock.py", line 1396, in patched
    return func(*newargs, **newkeywargs)
           |     |          -> {'cli_env': {'project_config': ProjectConfig(name='test-project', home=WindowsPath('C:/Users/sandr/AppData/Local/Temp/pytest-...
           |     -> (<MagicMock name='run' id='2807049251552'>,)
           -> <function test_project_failure_exits_with_error at 0x0000028D8F8E3BA0>

  File "D:\Dev\repos\advanced-memory-mcp\tests\cli\test_project_commands.py", line 129, in test_project_failure_exits_with_error
    add_result = runner.invoke(cli_app, ["project", "add", "test-project", "/path/to/project"])
                 |      |      -> <typer.main.Typer object at 0x0000028D8EDBB830>
                 |      -> <function CliRunner.invoke at 0x0000028D8EE0A020>
                 -> <typer.testing.CliRunner object at 0x0000028D913FCF50>

  File "D:\Dev\repos\advanced-memory-mcp\.venv\Lib\site-packages\typer\testing.py", line 21, in invoke
    return super().invoke(
  File "D:\Dev\repos\advanced-memory-mcp\.venv\Lib\site-packages\click\testing.py", line 494, in invoke
    return_value = cli.main(args=args or (), prog_name=prog_name, **extra)
                   |   |         |                     |            -> {}
                   |   |         |                     -> 'advanced-memory'
                   |   |         -> ['project', 'add', 'test-project', '/path/to/project']
                   |   -> <function TyperGroup.main at 0x0000028D8EE2F920>
                   -> <TyperGroup advanced-memory>
  File "D:\Dev\repos\advanced-memory-mcp\.venv\Lib\site-packages\typer\core.py", line 757, in main
    return _main(
           -> <function _main at 0x0000028D8EE2E8E0>
  File "D:\Dev\repos\advanced-memory-mcp\.venv\Lib\site-packages\typer\core.py", line 195, in _main
    rv = self.invoke(ctx)
         |    |      -> <click.core.Context object at 0x0000028D9135A420>
         |    -> <function Group.invoke at 0x0000028D8E527740>
         -> <TyperGroup advanced-memory>
  File "D:\Dev\repos\advanced-memory-mcp\.venv\Lib\site-packages\click\core.py", line 1827, in invoke
    super().invoke(ctx)
                   -> <click.core.Context object at 0x0000028D9135A420>
  File "D:\Dev\repos\advanced-memory-mcp\.venv\Lib\site-packages\click\core.py", line 1226, in invoke
    return ctx.invoke(self.callback, **ctx.params)
           |   |      |    |           |   -> {'version': None, 'project': None}
           |   |      |    |           -> <click.core.Context object at 0x0000028D9135A420>
           |   |      |    -> <function app_callback at 0x0000028D90BC23E0>
           |   |      -> <TyperGroup advanced-memory>
           |   -> <function Context.invoke at 0x0000028D8E525760>
           -> <click.core.Context object at 0x0000028D9135A420>
  File "D:\Dev\repos\advanced-memory-mcp\.venv\Lib\site-packages\click\core.py", line 794, in invoke
    return callback(*args, **kwargs)
           |         |       -> {'version': None, 'project': None}
           |         -> ()
           -> <function app_callback at 0x0000028D90BC23E0>
  File "D:\Dev\repos\advanced-memory-mcp\.venv\Lib\site-packages\typer\main.py", line 699, in wrapper
    return callback(**use_params)
           |          -> {'ctx': <click.core.Context object at 0x0000028D9135A420>, 'project': None, 'version': None}
           -> <function app_callback at 0x0000028D8EDE5620>

  File "D:\Dev\repos\advanced-memory-mcp\src\advanced_memory\cli\app.py", line 47, in app_callback
    ensure_initialization(app_config)
    |                     -> AdvancedMemoryConfig(env='test', projects={'test-project': 'C:\\Users\\sandr\\AppData\\Local\\Temp\\pytest-of-sandr\\pytest-2...
    -> <function ensure_initialization at 0x0000028D8EB7D760>

> File "D:\Dev\repos\advanced-memory-mcp\src\advanced_memory\services\initialization.py", line 176, in ensure_initialization
    result = asyncio.run(initialize_app(app_config))
             |       |   |              -> AdvancedMemoryConfig(env='test', projects={'test-project': 'C:\\Users\\sandr\\AppData\\Local\\Temp\\pytest-of-sandr\\pytest-2...
             |       |   -> <function initialize_app at 0x0000028D8EB7E5C0>
             |       -> <MagicMock name='run' id='2807049251552'>
             -> <module 'asyncio' from 'C:\\Users\\sandr\\AppData\\Roaming\\uv\\python\\cpython-3.12.9-windows-x86_64-none\\Lib\\asyncio\\__i...

  File "C:\Users\sandr\AppData\Roaming\uv\python\cpython-3.12.9-windows-x86_64-none\Lib\unittest\mock.py", line 1139, in __call__
    return self._mock_call(*args, **kwargs)
           |    |           |       -> {}
           |    |           -> (<coroutine object initialize_app at 0x0000028D912AEC80>,)
           |    -> <function CallableMixin._mock_call at 0x0000028D8BE48C20>
           -> <MagicMock name='run' id='2807049251552'>
  File "C:\Users\sandr\AppData\Roaming\uv\python\cpython-3.12.9-windows-x86_64-none\Lib\unittest\mock.py", line 1143, in _mock_call
    return self._execute_mock_call(*args, **kwargs)
           |    |                   |       -> {}
           |    |                   -> (<coroutine object initialize_app at 0x0000028D912AEC80>,)
           |    -> <function CallableMixin._execute_mock_call at 0x0000028D8BE48D60>
           -> <MagicMock name='run' id='2807049251552'>
  File "C:\Users\sandr\AppData\Roaming\uv\python\cpython-3.12.9-windows-x86_64-none\Lib\unittest\mock.py", line 1198, in _execute_mock_call
    raise effect
          -> Exception('API server not running')

  File "D:\Dev\repos\advanced-memory-mcp\src\advanced_memory\cli\commands\project.py", line 43, in list_projects
    response = asyncio.run(call_get(client, "/projects/projects"))
               |       |   |        -> <httpx.AsyncClient object at 0x0000028D8E5AAF60>
               |       |   -> <function call_get at 0x0000028D8F62A0C0>
               |       -> <MagicMock name='run' id='2807049251552'>
               -> <module 'asyncio' from 'C:\\Users\\sandr\\AppData\\Roaming\\uv\\python\\cpython-3.12.9-windows-x86_64-none\\Lib\\asyncio\\__i...

  File "C:\Users\sandr\AppData\Roaming\uv\python\cpython-3.12.9-windows-x86_64-none\Lib\unittest\mock.py", line 1139, in __call__
    return self._mock_call(*args, **kwargs)
           |    |           |       -> {}
           |    |           -> (<coroutine object call_get at 0x0000028D91003740>,)
           |    -> <function CallableMixin._mock_call at 0x0000028D8BE48C20>
           -> <MagicMock name='run' id='2807049251552'>
  File "C:\Users\sandr\AppData\Roaming\uv\python\cpython-3.12.9-windows-x86_64-none\Lib\unittest\mock.py", line 1143, in _mock_call
    return self._execute_mock_call(*args, **kwargs)
           |    |                   |       -> {}
           |    |                   -> (<coroutine object call_get at 0x0000028D91003740>,)
           |    -> <function CallableMixin._execute_mock_call at 0x0000028D8BE48D60>
           -> <MagicMock name='run' id='2807049251552'>
  File "C:\Users\sandr\AppData\Roaming\uv\python\cpython-3.12.9-windows-x86_64-none\Lib\unittest\mock.py", line 1198, in _execute_mock_call
    raise effect
          -> Exception('API server not running')

  File "D:\Dev\repos\advanced-memory-mcp\src\advanced_memory\services\initialization.py", line 176, in ensure_initialization
    result = asyncio.run(initialize_app(app_config))
             |       |   |              -> AdvancedMemoryConfig(env='test', projects={'test-project': 'C:\\Users\\sandr\\AppData\\Local\\Temp\\pytest-of-sandr\\pytest-2...
             |       |   -> <function initialize_app at 0x0000028D8EB7E5C0>
             |       -> <MagicMock name='run' id='2807049251552'>
             -> <module 'asyncio' from 'C:\\Users\\sandr\\AppData\\Roaming\\uv\\python\\cpython-3.12.9-windows-x86_64-none\\Lib\\asyncio\\__i...

  File "C:\Users\sandr\AppData\Roaming\uv\python\cpython-3.12.9-windows-x86_64-none\Lib\unittest\mock.py", line 1139, in __call__
    return self._mock_call(*args, **kwargs)
           |    |           |       -> {}
           |    |           -> (<coroutine object initialize_app at 0x0000028D912AC7C0>,)
           |    -> <function CallableMixin._mock_call at 0x0000028D8BE48C20>
           -> <MagicMock name='run' id='2807049251552'>
  File "C:\Users\sandr\AppData\Roaming\uv\python\cpython-3.12.9-windows-x86_64-none\Lib\unittest\mock.py", line 1143, in _mock_call
    return self._execute_mock_call(*args, **kwargs)
           |    |                   |       -> {}
           |    |                   -> (<coroutine object initialize_app at 0x0000028D912AC7C0>,)
           |    -> <function CallableMixin._execute_mock_call at 0x0000028D8BE48D60>
           -> <MagicMock name='run' id='2807049251552'>
  File "C:\Users\sandr\AppData\Roaming\uv\python\cpython-3.12.9-windows-x86_64-none\Lib\unittest\mock.py", line 1198, in _execute_mock_call
    raise effect
          -> Exception('API server not running')

Exception: API server not running
Error during initialization: API server not running
Traceback (most recent call last):

  File "<frozen runpy>", line 198, in _run_module_as_main
  File "<frozen runpy>", line 88, in _run_code

  File "D:\Dev\repos\advanced-memory-mcp\.venv\Scripts\pytest.exe\__main__.py", line 10, in <module>

  File "D:\Dev\repos\advanced-memory-mcp\.venv\Lib\site-packages\_pytest\config\__init__.py", line 201, in console_main
    code = main()
           -> <function main at 0x0000028D8ADDD440>
  File "D:\Dev\repos\advanced-memory-mcp\.venv\Lib\site-packages\_pytest\config\__init__.py", line 175, in main
    ret: ExitCode | int = config.hook.pytest_cmdline_main(config=config)
         |                |      |    |                          -> <_pytest.config.Config object at 0x0000028D8AEADD00>
         |                |      |    -> <HookCaller 'pytest_cmdline_main'>
         |                |      -> <_pytest.config.compat.PathAwareHookProxy object at 0x0000028D8AFC4DD0>
         |                -> <_pytest.config.Config object at 0x0000028D8AEADD00>
         -> <enum 'ExitCode'>
  File "D:\Dev\repos\advanced-memory-mcp\.venv\Lib\site-packages\pluggy\_hooks.py", line 512, in __call__
    return self._hookexec(self.name, self._hookimpls.copy(), kwargs, firstresult)
           |    |         |    |     |    |                  |       -> True
           |    |         |    |     |    |                  -> {'config': <_pytest.config.Config object at 0x0000028D8AEADD00>}
           |    |         |    |     |    -> <member '_hookimpls' of 'HookCaller' objects>
           |    |         |    |     -> <HookCaller 'pytest_cmdline_main'>
           |    |         |    -> <member 'name' of 'HookCaller' objects>
           |    |         -> <HookCaller 'pytest_cmdline_main'>
           |    -> <member '_hookexec' of 'HookCaller' objects>
           -> <HookCaller 'pytest_cmdline_main'>
  File "D:\Dev\repos\advanced-memory-mcp\.venv\Lib\site-packages\pluggy\_manager.py", line 120, in _hookexec
    return self._inner_hookexec(hook_name, methods, kwargs, firstresult)
           |    |               |          |        |       -> True
           |    |               |          |        -> {'config': <_pytest.config.Config object at 0x0000028D8AEADD00>}
           |    |               |          -> [<HookImpl plugin_name='main', plugin=<module '_pytest.main' from 'D:\\Dev\\repos\\advanced-memory-mcp\\.venv\\Lib\\site-pack...
           |    |               -> 'pytest_cmdline_main'
           |    -> <function _multicall at 0x0000028D8A9802C0>
           -> <_pytest.config.PytestPluginManager object at 0x0000028D8A6895B0>
  File "D:\Dev\repos\advanced-memory-mcp\.venv\Lib\site-packages\pluggy\_callers.py", line 121, in _multicall
    res = hook_impl.function(*args)
          |         |         -> [<_pytest.config.Config object at 0x0000028D8AEADD00>]
          |         -> <member 'function' of 'HookImpl' objects>
          -> <HookImpl plugin_name='main', plugin=<module '_pytest.main' from 'D:\\Dev\\repos\\advanced-memory-mcp\\.venv\\Lib\\site-packa...
  File "D:\Dev\repos\advanced-memory-mcp\.venv\Lib\site-packages\_pytest\main.py", line 336, in pytest_cmdline_main
    return wrap_session(config, _main)
           |            |       -> <function _main at 0x0000028D8AEA7100>
           |            -> <_pytest.config.Config object at 0x0000028D8AEADD00>
           -> <function wrap_session at 0x0000028D8AEA6FC0>
  File "D:\Dev\repos\advanced-memory-mcp\.venv\Lib\site-packages\_pytest\main.py", line 289, in wrap_session
    session.exitstatus = doit(config, session) or 0
    |       |            |    |       -> <Session  exitstatus=<ExitCode.OK: 0> testsfailed=0 testscollected=1190>
    |       |            |    -> <_pytest.config.Config object at 0x0000028D8AEADD00>
    |       |            -> <function _main at 0x0000028D8AEA7100>
    |       -> <ExitCode.OK: 0>
    -> <Session  exitstatus=<ExitCode.OK: 0> testsfailed=0 testscollected=1190>
  File "D:\Dev\repos\advanced-memory-mcp\.venv\Lib\site-packages\_pytest\main.py", line 343, in _main
    config.hook.pytest_runtestloop(session=session)
    |      |    |                          -> <Session  exitstatus=<ExitCode.OK: 0> testsfailed=0 testscollected=1190>
    |      |    -> <HookCaller 'pytest_runtestloop'>
    |      -> <_pytest.config.compat.PathAwareHookProxy object at 0x0000028D8AFC4DD0>
    -> <_pytest.config.Config object at 0x0000028D8AEADD00>
  File "D:\Dev\repos\advanced-memory-mcp\.venv\Lib\site-packages\pluggy\_hooks.py", line 512, in __call__
    return self._hookexec(self.name, self._hookimpls.copy(), kwargs, firstresult)
           |    |         |    |     |    |                  |       -> True
           |    |         |    |     |    |                  -> {'session': <Session  exitstatus=<ExitCode.OK: 0> testsfailed=0 testscollected=1190>}
           |    |         |    |     |    -> <member '_hookimpls' of 'HookCaller' objects>
           |    |         |    |     -> <HookCaller 'pytest_runtestloop'>
           |    |         |    -> <member 'name' of 'HookCaller' objects>
           |    |         -> <HookCaller 'pytest_runtestloop'>
           |    -> <member '_hookexec' of 'HookCaller' objects>
           -> <HookCaller 'pytest_runtestloop'>
  File "D:\Dev\repos\advanced-memory-mcp\.venv\Lib\site-packages\pluggy\_manager.py", line 120, in _hookexec
    return self._inner_hookexec(hook_name, methods, kwargs, firstresult)
           |    |               |          |        |       -> True
           |    |               |          |        -> {'session': <Session  exitstatus=<ExitCode.OK: 0> testsfailed=0 testscollected=1190>}
           |    |               |          -> [<HookImpl plugin_name='main', plugin=<module '_pytest.main' from 'D:\\Dev\\repos\\advanced-memory-mcp\\.venv\\Lib\\site-pack...
           |    |               -> 'pytest_runtestloop'
           |    -> <function _multicall at 0x0000028D8A9802C0>
           -> <_pytest.config.PytestPluginManager object at 0x0000028D8A6895B0>
  File "D:\Dev\repos\advanced-memory-mcp\.venv\Lib\site-packages\pluggy\_callers.py", line 121, in _multicall
    res = hook_impl.function(*args)
          |         |         -> [<Session  exitstatus=<ExitCode.OK: 0> testsfailed=0 testscollected=1190>]
          |         -> <member 'function' of 'HookImpl' objects>
          -> <HookImpl plugin_name='main', plugin=<module '_pytest.main' from 'D:\\Dev\\repos\\advanced-memory-mcp\\.venv\\Lib\\site-packa...
  File "D:\Dev\repos\advanced-memory-mcp\.venv\Lib\site-packages\_pytest\main.py", line 367, in pytest_runtestloop
    item.config.hook.pytest_runtest_protocol(item=item, nextitem=nextitem)
    |    |                                        |              -> <Function test_info_stats[asyncio]>
    |    |                                        -> <Function test_project_failure_exits_with_error[asyncio]>
    |    -> <member 'config' of 'Node' objects>
    -> <Function test_project_failure_exits_with_error[asyncio]>
  File "D:\Dev\repos\advanced-memory-mcp\.venv\Lib\site-packages\pluggy\_hooks.py", line 512, in __call__
    return self._hookexec(self.name, self._hookimpls.copy(), kwargs, firstresult)
           |    |         |    |     |    |                  |       -> True
           |    |         |    |     |    |                  -> {'item': <Function test_project_failure_exits_with_error[asyncio]>, 'nextitem': <Function test_info_stats[asyncio]>}
           |    |         |    |     |    -> <member '_hookimpls' of 'HookCaller' objects>
           |    |         |    |     -> <HookCaller 'pytest_runtest_protocol'>
           |    |         |    -> <member 'name' of 'HookCaller' objects>
           |    |         -> <HookCaller 'pytest_runtest_protocol'>
           |    -> <member '_hookexec' of 'HookCaller' objects>
           -> <HookCaller 'pytest_runtest_protocol'>
  File "D:\Dev\repos\advanced-memory-mcp\.venv\Lib\site-packages\pluggy\_manager.py", line 120, in _hookexec
    return self._inner_hookexec(hook_name, methods, kwargs, firstresult)
           |    |               |          |        |       -> True
           |    |               |          |        -> {'item': <Function test_project_failure_exits_with_error[asyncio]>, 'nextitem': <Function test_info_stats[asyncio]>}
           |    |               |          -> [<HookImpl plugin_name='runner', plugin=<module '_pytest.runner' from 'D:\\Dev\\repos\\advanced-memory-mcp\\.venv\\Lib\\site-...
           |    |               -> 'pytest_runtest_protocol'
           |    -> <function _multicall at 0x0000028D8A9802C0>
           -> <_pytest.config.PytestPluginManager object at 0x0000028D8A6895B0>
  File "D:\Dev\repos\advanced-memory-mcp\.venv\Lib\site-packages\pluggy\_callers.py", line 121, in _multicall
    res = hook_impl.function(*args)
          |         |         -> [<Function test_project_failure_exits_with_error[asyncio]>, <Function test_info_stats[asyncio]>]
          |         -> <member 'function' of 'HookImpl' objects>
          -> <HookImpl plugin_name='runner', plugin=<module '_pytest.runner' from 'D:\\Dev\\repos\\advanced-memory-mcp\\.venv\\Lib\\site-p...
  File "D:\Dev\repos\advanced-memory-mcp\.venv\Lib\site-packages\_pytest\runner.py", line 117, in pytest_runtest_protocol
    runtestprotocol(item, nextitem=nextitem)
    |               |              -> <Function test_info_stats[asyncio]>
    |               -> <Function test_project_failure_exits_with_error[asyncio]>
    -> <function runtestprotocol at 0x0000028D8AEA62A0>
  File "D:\Dev\repos\advanced-memory-mcp\.venv\Lib\site-packages\_pytest\runner.py", line 136, in runtestprotocol
    reports.append(call_and_report(item, "call", log))
    |       |      |               |             -> True
    |       |      |               -> <Function test_project_failure_exits_with_error[asyncio]>
    |       |      -> <function call_and_report at 0x0000028D8AEA6700>
    |       -> <method 'append' of 'list' objects>
    -> [<TestReport 'tests/cli/test_project_commands.py::test_project_failure_exits_with_error[asyncio]' when='setup' outcome='passe...
  File "D:\Dev\repos\advanced-memory-mcp\.venv\Lib\site-packages\_pytest\runner.py", line 245, in call_and_report
    call = CallInfo.from_call(
           |        -> <classmethod(<function CallInfo.from_call at 0x0000028D8AEA6A20>)>
           -> <class '_pytest.runner.CallInfo'>
  File "D:\Dev\repos\advanced-memory-mcp\.venv\Lib\site-packages\_pytest\runner.py", line 344, in from_call
    result: TResult | None = func()
            |                -> <function call_and_report.<locals>.<lambda> at 0x0000028D909CDBC0>
            -> +TResult
  File "D:\Dev\repos\advanced-memory-mcp\.venv\Lib\site-packages\_pytest\runner.py", line 246, in <lambda>
    lambda: runtest_hook(item=item, **kwds), when=when, reraise=reraise
            |                 |       -> {}
            |                 -> <Function test_project_failure_exits_with_error[asyncio]>
            -> <HookCaller 'pytest_runtest_call'>
  File "D:\Dev\repos\advanced-memory-mcp\.venv\Lib\site-packages\pluggy\_hooks.py", line 512, in __call__
    return self._hookexec(self.name, self._hookimpls.copy(), kwargs, firstresult)
           |    |         |    |     |    |                  |       -> False
           |    |         |    |     |    |                  -> {'item': <Function test_project_failure_exits_with_error[asyncio]>}
           |    |         |    |     |    -> <member '_hookimpls' of 'HookCaller' objects>
           |    |         |    |     -> <HookCaller 'pytest_runtest_call'>
           |    |         |    -> <member 'name' of 'HookCaller' objects>
           |    |         -> <HookCaller 'pytest_runtest_call'>
           |    -> <member '_hookexec' of 'HookCaller' objects>
           -> <HookCaller 'pytest_runtest_call'>
  File "D:\Dev\repos\advanced-memory-mcp\.venv\Lib\site-packages\pluggy\_manager.py", line 120, in _hookexec
    return self._inner_hookexec(hook_name, methods, kwargs, firstresult)
           |    |               |          |        |       -> False
           |    |               |          |        -> {'item': <Function test_project_failure_exits_with_error[asyncio]>}
           |    |               |          -> [<HookImpl plugin_name='threadexception', plugin=<module '_pytest.threadexception' from 'D:\\Dev\\repos\\advanced-memory-mcp\...
           |    |               -> 'pytest_runtest_call'
           |    -> <function _multicall at 0x0000028D8A9802C0>
           -> <_pytest.config.PytestPluginManager object at 0x0000028D8A6895B0>
  File "D:\Dev\repos\advanced-memory-mcp\.venv\Lib\site-packages\pluggy\_callers.py", line 121, in _multicall
    res = hook_impl.function(*args)
          |         |         -> [<Function test_project_failure_exits_with_error[asyncio]>]
          |         -> <member 'function' of 'HookImpl' objects>
          -> <HookImpl plugin_name='runner', plugin=<module '_pytest.runner' from 'D:\\Dev\\repos\\advanced-memory-mcp\\.venv\\Lib\\site-p...
  File "D:\Dev\repos\advanced-memory-mcp\.venv\Lib\site-packages\_pytest\runner.py", line 178, in pytest_runtest_call
    item.runtest()
    |    -> <function Function.runtest at 0x0000028D8AFBEC00>
    -> <Function test_project_failure_exits_with_error[asyncio]>
  File "D:\Dev\repos\advanced-memory-mcp\.venv\Lib\site-packages\_pytest\python.py", line 1671, in runtest
    self.ihook.pytest_pyfunc_call(pyfuncitem=self)
    |    |                                   -> <Function test_project_failure_exits_with_error[asyncio]>
    |    -> <property object at 0x0000028D8AE180E0>
    -> <Function test_project_failure_exits_with_error[asyncio]>
  File "D:\Dev\repos\advanced-memory-mcp\.venv\Lib\site-packages\pluggy\_hooks.py", line 512, in __call__
    return self._hookexec(self.name, self._hookimpls.copy(), kwargs, firstresult)
           |    |         |    |     |    |                  |       -> True
           |    |         |    |     |    |                  -> {'pyfuncitem': <Function test_project_failure_exits_with_error[asyncio]>}
           |    |         |    |     |    -> <member '_hookimpls' of 'HookCaller' objects>
           |    |         |    |     -> <HookCaller 'pytest_pyfunc_call'>
           |    |         |    -> <member 'name' of 'HookCaller' objects>
           |    |         -> <HookCaller 'pytest_pyfunc_call'>
           |    -> <member '_hookexec' of 'HookCaller' objects>
           -> <HookCaller 'pytest_pyfunc_call'>
  File "D:\Dev\repos\advanced-memory-mcp\.venv\Lib\site-packages\pluggy\_manager.py", line 120, in _hookexec
    return self._inner_hookexec(hook_name, methods, kwargs, firstresult)
           |    |               |          |        |       -> True
           |    |               |          |        -> {'pyfuncitem': <Function test_project_failure_exits_with_error[asyncio]>}
           |    |               |          -> [<HookImpl plugin_name='python', plugin=<module '_pytest.python' from 'D:\\Dev\\repos\\advanced-memory-mcp\\.venv\\Lib\\site-...
           |    |               -> 'pytest_pyfunc_call'
           |    -> <function _multicall at 0x0000028D8A9802C0>
           -> <_pytest.config.PytestPluginManager object at 0x0000028D8A6895B0>
  File "D:\Dev\repos\advanced-memory-mcp\.venv\Lib\site-packages\pluggy\_callers.py", line 121, in _multicall
    res = hook_impl.function(*args)
          |         |         -> [<Function test_project_failure_exits_with_error[asyncio]>]
          |         -> <member 'function' of 'HookImpl' objects>
          -> <HookImpl plugin_name='python', plugin=<module '_pytest.python' from 'D:\\Dev\\repos\\advanced-memory-mcp\\.venv\\Lib\\site-p...
  File "D:\Dev\repos\advanced-memory-mcp\.venv\Lib\site-packages\_pytest\python.py", line 157, in pytest_pyfunc_call
    result = testfunction(**testargs)
             |              -> {'cli_env': {'project_config': ProjectConfig(name='test-project', home=WindowsPath('C:/Users/sandr/AppData/Local/Temp/pytest-...
             -> <function test_project_failure_exits_with_error at 0x0000028D8F8E3C40>
  File "C:\Users\sandr\AppData\Roaming\uv\python\cpython-3.12.9-windows-x86_64-none\Lib\unittest\mock.py", line 1396, in patched
    return func(*newargs, **newkeywargs)
           |     |          -> {'cli_env': {'project_config': ProjectConfig(name='test-project', home=WindowsPath('C:/Users/sandr/AppData/Local/Temp/pytest-...
           |     -> (<MagicMock name='run' id='2807049251552'>,)
           -> <function test_project_failure_exits_with_error at 0x0000028D8F8E3BA0>

  File "D:\Dev\repos\advanced-memory-mcp\tests\cli\test_project_commands.py", line 130, in test_project_failure_exits_with_error
    remove_result = runner.invoke(cli_app, ["project", "remove", "test-project"])
                    |      |      -> <typer.main.Typer object at 0x0000028D8EDBB830>
                    |      -> <function CliRunner.invoke at 0x0000028D8EE0A020>
                    -> <typer.testing.CliRunner object at 0x0000028D913FCF50>

  File "D:\Dev\repos\advanced-memory-mcp\.venv\Lib\site-packages\typer\testing.py", line 21, in invoke
    return super().invoke(
  File "D:\Dev\repos\advanced-memory-mcp\.venv\Lib\site-packages\click\testing.py", line 494, in invoke
    return_value = cli.main(args=args or (), prog_name=prog_name, **extra)
                   |   |         |                     |            -> {}
                   |   |         |                     -> 'advanced-memory'
                   |   |         -> ['project', 'remove', 'test-project']
                   |   -> <function TyperGroup.main at 0x0000028D8EE2F920>
                   -> <TyperGroup advanced-memory>
  File "D:\Dev\repos\advanced-memory-mcp\.venv\Lib\site-packages\typer\core.py", line 757, in main
    return _main(
           -> <function _main at 0x0000028D8EE2E8E0>
  File "D:\Dev\repos\advanced-memory-mcp\.venv\Lib\site-packages\typer\core.py", line 195, in _main
    rv = self.invoke(ctx)
         |    |      -> <click.core.Context object at 0x0000028D9133AF30>
         |    -> <function Group.invoke at 0x0000028D8E527740>
         -> <TyperGroup advanced-memory>
  File "D:\Dev\repos\advanced-memory-mcp\.venv\Lib\site-packages\click\core.py", line 1827, in invoke
    super().invoke(ctx)
                   -> <click.core.Context object at 0x0000028D9133AF30>
  File "D:\Dev\repos\advanced-memory-mcp\.venv\Lib\site-packages\click\core.py", line 1226, in invoke
    return ctx.invoke(self.callback, **ctx.params)
           |   |      |    |           |   -> {'version': None, 'project': None}
           |   |      |    |           -> <click.core.Context object at 0x0000028D9133AF30>
           |   |      |    -> <function app_callback at 0x0000028D909F2C00>
           |   |      -> <TyperGroup advanced-memory>
           |   -> <function Context.invoke at 0x0000028D8E525760>
           -> <click.core.Context object at 0x0000028D9133AF30>
  File "D:\Dev\repos\advanced-memory-mcp\.venv\Lib\site-packages\click\core.py", line 794, in invoke
    return callback(*args, **kwargs)
           |         |       -> {'version': None, 'project': None}
           |         -> ()
           -> <function app_callback at 0x0000028D909F2C00>
  File "D:\Dev\repos\advanced-memory-mcp\.venv\Lib\site-packages\typer\main.py", line 699, in wrapper
    return callback(**use_params)
           |          -> {'ctx': <click.core.Context object at 0x0000028D9133AF30>, 'project': None, 'version': None}
           -> <function app_callback at 0x0000028D8EDE5620>

  File "D:\Dev\repos\advanced-memory-mcp\src\advanced_memory\cli\app.py", line 47, in app_callback
    ensure_initialization(app_config)
    |                     -> AdvancedMemoryConfig(env='test', projects={'test-project': 'C:\\Users\\sandr\\AppData\\Local\\Temp\\pytest-of-sandr\\pytest-2...
    -> <function ensure_initialization at 0x0000028D8EB7D760>

> File "D:\Dev\repos\advanced-memory-mcp\src\advanced_memory\services\initialization.py", line 176, in ensure_initialization
    result = asyncio.run(initialize_app(app_config))
             |       |   |              -> AdvancedMemoryConfig(env='test', projects={'test-project': 'C:\\Users\\sandr\\AppData\\Local\\Temp\\pytest-of-sandr\\pytest-2...
             |       |   -> <function initialize_app at 0x0000028D8EB7E5C0>
             |       -> <MagicMock name='run' id='2807049251552'>
             -> <module 'asyncio' from 'C:\\Users\\sandr\\AppData\\Roaming\\uv\\python\\cpython-3.12.9-windows-x86_64-none\\Lib\\asyncio\\__i...

  File "C:\Users\sandr\AppData\Roaming\uv\python\cpython-3.12.9-windows-x86_64-none\Lib\unittest\mock.py", line 1139, in __call__
    return self._mock_call(*args, **kwargs)
           |    |           |       -> {}
           |    |           -> (<coroutine object initialize_app at 0x0000028D912AF7C0>,)
           |    -> <function CallableMixin._mock_call at 0x0000028D8BE48C20>
           -> <MagicMock name='run' id='2807049251552'>
  File "C:\Users\sandr\AppData\Roaming\uv\python\cpython-3.12.9-windows-x86_64-none\Lib\unittest\mock.py", line 1143, in _mock_call
    return self._execute_mock_call(*args, **kwargs)
           |    |                   |       -> {}
           |    |                   -> (<coroutine object initialize_app at 0x0000028D912AF7C0>,)
           |    -> <function CallableMixin._execute_mock_call at 0x0000028D8BE48D60>
           -> <MagicMock name='run' id='2807049251552'>
  File "C:\Users\sandr\AppData\Roaming\uv\python\cpython-3.12.9-windows-x86_64-none\Lib\unittest\mock.py", line 1198, in _execute_mock_call
    raise effect
          -> Exception('API server not running')

  File "D:\Dev\repos\advanced-memory-mcp\src\advanced_memory\cli\commands\project.py", line 76, in add_project
    response = asyncio.run(call_post(client, "/projects/projects", json=data))
               |       |   |         |                                  -> {'name': 'test-project', 'path': 'D:\\path\\to\\project', 'set_default': False}
               |       |   |         -> <httpx.AsyncClient object at 0x0000028D8E5AAF60>
               |       |   -> <function call_post at 0x0000028D8F62A2A0>
               |       -> <MagicMock name='run' id='2807049251552'>
               -> <module 'asyncio' from 'C:\\Users\\sandr\\AppData\\Roaming\\uv\\python\\cpython-3.12.9-windows-x86_64-none\\Lib\\asyncio\\__i...

  File "C:\Users\sandr\AppData\Roaming\uv\python\cpython-3.12.9-windows-x86_64-none\Lib\unittest\mock.py", line 1139, in __call__
    return self._mock_call(*args, **kwargs)
           |    |           |       -> {}
           |    |           -> (<coroutine object call_post at 0x0000028D912A4040>,)
           |    -> <function CallableMixin._mock_call at 0x0000028D8BE48C20>
           -> <MagicMock name='run' id='2807049251552'>
  File "C:\Users\sandr\AppData\Roaming\uv\python\cpython-3.12.9-windows-x86_64-none\Lib\unittest\mock.py", line 1143, in _mock_call
    return self._execute_mock_call(*args, **kwargs)
           |    |                   |       -> {}
           |    |                   -> (<coroutine object call_post at 0x0000028D912A4040>,)
           |    -> <function CallableMixin._execute_mock_call at 0x0000028D8BE48D60>
           -> <MagicMock name='run' id='2807049251552'>
  File "C:\Users\sandr\AppData\Roaming\uv\python\cpython-3.12.9-windows-x86_64-none\Lib\unittest\mock.py", line 1198, in _execute_mock_call
    raise effect
          -> Exception('API server not running')

  File "D:\Dev\repos\advanced-memory-mcp\src\advanced_memory\services\initialization.py", line 176, in ensure_initialization
    result = asyncio.run(initialize_app(app_config))
             |       |   |              -> AdvancedMemoryConfig(env='test', projects={'test-project': 'C:\\Users\\sandr\\AppData\\Local\\Temp\\pytest-of-sandr\\pytest-2...
             |       |   -> <function initialize_app at 0x0000028D8EB7E5C0>
             |       -> <MagicMock name='run' id='2807049251552'>
             -> <module 'asyncio' from 'C:\\Users\\sandr\\AppData\\Roaming\\uv\\python\\cpython-3.12.9-windows-x86_64-none\\Lib\\asyncio\\__i...

  File "C:\Users\sandr\AppData\Roaming\uv\python\cpython-3.12.9-windows-x86_64-none\Lib\unittest\mock.py", line 1139, in __call__
    return self._mock_call(*args, **kwargs)
           |    |           |       -> {}
           |    |           -> (<coroutine object initialize_app at 0x0000028D912AEC80>,)
           |    -> <function CallableMixin._mock_call at 0x0000028D8BE48C20>
           -> <MagicMock name='run' id='2807049251552'>
  File "C:\Users\sandr\AppData\Roaming\uv\python\cpython-3.12.9-windows-x86_64-none\Lib\unittest\mock.py", line 1143, in _mock_call
    return self._execute_mock_call(*args, **kwargs)
           |    |                   |       -> {}
           |    |                   -> (<coroutine object initialize_app at 0x0000028D912AEC80>,)
           |    -> <function CallableMixin._execute_mock_call at 0x0000028D8BE48D60>
           -> <MagicMock name='run' id='2807049251552'>
  File "C:\Users\sandr\AppData\Roaming\uv\python\cpython-3.12.9-windows-x86_64-none\Lib\unittest\mock.py", line 1198, in _execute_mock_call
    raise effect
          -> Exception('API server not running')

  File "D:\Dev\repos\advanced-memory-mcp\src\advanced_memory\cli\commands\project.py", line 43, in list_projects
    response = asyncio.run(call_get(client, "/projects/projects"))
               |       |   |        -> <httpx.AsyncClient object at 0x0000028D8E5AAF60>
               |       |   -> <function call_get at 0x0000028D8F62A0C0>
               |       -> <MagicMock name='run' id='2807049251552'>
               -> <module 'asyncio' from 'C:\\Users\\sandr\\AppData\\Roaming\\uv\\python\\cpython-3.12.9-windows-x86_64-none\\Lib\\asyncio\\__i...

  File "C:\Users\sandr\AppData\Roaming\uv\python\cpython-3.12.9-windows-x86_64-none\Lib\unittest\mock.py", line 1139, in __call__
    return self._mock_call(*args, **kwargs)
           |    |           |       -> {}
           |    |           -> (<coroutine object call_get at 0x0000028D91003740>,)
           |    -> <function CallableMixin._mock_call at 0x0000028D8BE48C20>
           -> <MagicMock name='run' id='2807049251552'>
  File "C:\Users\sandr\AppData\Roaming\uv\python\cpython-3.12.9-windows-x86_64-none\Lib\unittest\mock.py", line 1143, in _mock_call
    return self._execute_mock_call(*args, **kwargs)
           |    |                   |       -> {}
           |    |                   -> (<coroutine object call_get at 0x0000028D91003740>,)
           |    -> <function CallableMixin._execute_mock_call at 0x0000028D8BE48D60>
           -> <MagicMock name='run' id='2807049251552'>
  File "C:\Users\sandr\AppData\Roaming\uv\python\cpython-3.12.9-windows-x86_64-none\Lib\unittest\mock.py", line 1198, in _execute_mock_call
    raise effect
          -> Exception('API server not running')

  File "D:\Dev\repos\advanced-memory-mcp\src\advanced_memory\services\initialization.py", line 176, in ensure_initialization
    result = asyncio.run(initialize_app(app_config))
             |       |   |              -> AdvancedMemoryConfig(env='test', projects={'test-project': 'C:\\Users\\sandr\\AppData\\Local\\Temp\\pytest-of-sandr\\pytest-2...
             |       |   -> <function initialize_app at 0x0000028D8EB7E5C0>
             |       -> <MagicMock name='run' id='2807049251552'>
             -> <module 'asyncio' from 'C:\\Users\\sandr\\AppData\\Roaming\\uv\\python\\cpython-3.12.9-windows-x86_64-none\\Lib\\asyncio\\__i...

  File "C:\Users\sandr\AppData\Roaming\uv\python\cpython-3.12.9-windows-x86_64-none\Lib\unittest\mock.py", line 1139, in __call__
    return self._mock_call(*args, **kwargs)
           |    |           |       -> {}
           |    |           -> (<coroutine object initialize_app at 0x0000028D912AC7C0>,)
           |    -> <function CallableMixin._mock_call at 0x0000028D8BE48C20>
           -> <MagicMock name='run' id='2807049251552'>
  File "C:\Users\sandr\AppData\Roaming\uv\python\cpython-3.12.9-windows-x86_64-none\Lib\unittest\mock.py", line 1143, in _mock_call
    return self._execute_mock_call(*args, **kwargs)
           |    |                   |       -> {}
           |    |                   -> (<coroutine object initialize_app at 0x0000028D912AC7C0>,)
           |    -> <function CallableMixin._execute_mock_call at 0x0000028D8BE48D60>
           -> <MagicMock name='run' id='2807049251552'>
  File "C:\Users\sandr\AppData\Roaming\uv\python\cpython-3.12.9-windows-x86_64-none\Lib\unittest\mock.py", line 1198, in _execute_mock_call
    raise effect
          -> Exception('API server not running')

Exception: API server not running
Error during initialization: API server not running
Traceback (most recent call last):

  File "<frozen runpy>", line 198, in _run_module_as_main
  File "<frozen runpy>", line 88, in _run_code

  File "D:\Dev\repos\advanced-memory-mcp\.venv\Scripts\pytest.exe\__main__.py", line 10, in <module>

  File "D:\Dev\repos\advanced-memory-mcp\.venv\Lib\site-packages\_pytest\config\__init__.py", line 201, in console_main
    code = main()
           -> <function main at 0x0000028D8ADDD440>
  File "D:\Dev\repos\advanced-memory-mcp\.venv\Lib\site-packages\_pytest\config\__init__.py", line 175, in main
    ret: ExitCode | int = config.hook.pytest_cmdline_main(config=config)
         |                |      |    |                          -> <_pytest.config.Config object at 0x0000028D8AEADD00>
         |                |      |    -> <HookCaller 'pytest_cmdline_main'>
         |                |      -> <_pytest.config.compat.PathAwareHookProxy object at 0x0000028D8AFC4DD0>
         |                -> <_pytest.config.Config object at 0x0000028D8AEADD00>
         -> <enum 'ExitCode'>
  File "D:\Dev\repos\advanced-memory-mcp\.venv\Lib\site-packages\pluggy\_hooks.py", line 512, in __call__
    return self._hookexec(self.name, self._hookimpls.copy(), kwargs, firstresult)
           |    |         |    |     |    |                  |       -> True
           |    |         |    |     |    |                  -> {'config': <_pytest.config.Config object at 0x0000028D8AEADD00>}
           |    |         |    |     |    -> <member '_hookimpls' of 'HookCaller' objects>
           |    |         |    |     -> <HookCaller 'pytest_cmdline_main'>
           |    |         |    -> <member 'name' of 'HookCaller' objects>
           |    |         -> <HookCaller 'pytest_cmdline_main'>
           |    -> <member '_hookexec' of 'HookCaller' objects>
           -> <HookCaller 'pytest_cmdline_main'>
  File "D:\Dev\repos\advanced-memory-mcp\.venv\Lib\site-packages\pluggy\_manager.py", line 120, in _hookexec
    return self._inner_hookexec(hook_name, methods, kwargs, firstresult)
           |    |               |          |        |       -> True
           |    |               |          |        -> {'config': <_pytest.config.Config object at 0x0000028D8AEADD00>}
           |    |               |          -> [<HookImpl plugin_name='main', plugin=<module '_pytest.main' from 'D:\\Dev\\repos\\advanced-memory-mcp\\.venv\\Lib\\site-pack...
           |    |               -> 'pytest_cmdline_main'
           |    -> <function _multicall at 0x0000028D8A9802C0>
           -> <_pytest.config.PytestPluginManager object at 0x0000028D8A6895B0>
  File "D:\Dev\repos\advanced-memory-mcp\.venv\Lib\site-packages\pluggy\_callers.py", line 121, in _multicall
    res = hook_impl.function(*args)
          |         |         -> [<_pytest.config.Config object at 0x0000028D8AEADD00>]
          |         -> <member 'function' of 'HookImpl' objects>
          -> <HookImpl plugin_name='main', plugin=<module '_pytest.main' from 'D:\\Dev\\repos\\advanced-memory-mcp\\.venv\\Lib\\site-packa...
  File "D:\Dev\repos\advanced-memory-mcp\.venv\Lib\site-packages\_pytest\main.py", line 336, in pytest_cmdline_main
    return wrap_session(config, _main)
           |            |       -> <function _main at 0x0000028D8AEA7100>
           |            -> <_pytest.config.Config object at 0x0000028D8AEADD00>
           -> <function wrap_session at 0x0000028D8AEA6FC0>
  File "D:\Dev\repos\advanced-memory-mcp\.venv\Lib\site-packages\_pytest\main.py", line 289, in wrap_session
    session.exitstatus = doit(config, session) or 0
    |       |            |    |       -> <Session  exitstatus=<ExitCode.OK: 0> testsfailed=0 testscollected=1190>
    |       |            |    -> <_pytest.config.Config object at 0x0000028D8AEADD00>
    |       |            -> <function _main at 0x0000028D8AEA7100>
    |       -> <ExitCode.OK: 0>
    -> <Session  exitstatus=<ExitCode.OK: 0> testsfailed=0 testscollected=1190>
  File "D:\Dev\repos\advanced-memory-mcp\.venv\Lib\site-packages\_pytest\main.py", line 343, in _main
    config.hook.pytest_runtestloop(session=session)
    |      |    |                          -> <Session  exitstatus=<ExitCode.OK: 0> testsfailed=0 testscollected=1190>
    |      |    -> <HookCaller 'pytest_runtestloop'>
    |      -> <_pytest.config.compat.PathAwareHookProxy object at 0x0000028D8AFC4DD0>
    -> <_pytest.config.Config object at 0x0000028D8AEADD00>
  File "D:\Dev\repos\advanced-memory-mcp\.venv\Lib\site-packages\pluggy\_hooks.py", line 512, in __call__
    return self._hookexec(self.name, self._hookimpls.copy(), kwargs, firstresult)
           |    |         |    |     |    |                  |       -> True
           |    |         |    |     |    |                  -> {'session': <Session  exitstatus=<ExitCode.OK: 0> testsfailed=0 testscollected=1190>}
           |    |         |    |     |    -> <member '_hookimpls' of 'HookCaller' objects>
           |    |         |    |     -> <HookCaller 'pytest_runtestloop'>
           |    |         |    -> <member 'name' of 'HookCaller' objects>
           |    |         -> <HookCaller 'pytest_runtestloop'>
           |    -> <member '_hookexec' of 'HookCaller' objects>
           -> <HookCaller 'pytest_runtestloop'>
  File "D:\Dev\repos\advanced-memory-mcp\.venv\Lib\site-packages\pluggy\_manager.py", line 120, in _hookexec
    return self._inner_hookexec(hook_name, methods, kwargs, firstresult)
           |    |               |          |        |       -> True
           |    |               |          |        -> {'session': <Session  exitstatus=<ExitCode.OK: 0> testsfailed=0 testscollected=1190>}
           |    |               |          -> [<HookImpl plugin_name='main', plugin=<module '_pytest.main' from 'D:\\Dev\\repos\\advanced-memory-mcp\\.venv\\Lib\\site-pack...
           |    |               -> 'pytest_runtestloop'
           |    -> <function _multicall at 0x0000028D8A9802C0>
           -> <_pytest.config.PytestPluginManager object at 0x0000028D8A6895B0>
  File "D:\Dev\repos\advanced-memory-mcp\.venv\Lib\site-packages\pluggy\_callers.py", line 121, in _multicall
    res = hook_impl.function(*args)
          |         |         -> [<Session  exitstatus=<ExitCode.OK: 0> testsfailed=0 testscollected=1190>]
          |         -> <member 'function' of 'HookImpl' objects>
          -> <HookImpl plugin_name='main', plugin=<module '_pytest.main' from 'D:\\Dev\\repos\\advanced-memory-mcp\\.venv\\Lib\\site-packa...
  File "D:\Dev\repos\advanced-memory-mcp\.venv\Lib\site-packages\_pytest\main.py", line 367, in pytest_runtestloop
    item.config.hook.pytest_runtest_protocol(item=item, nextitem=nextitem)
    |    |                                        |              -> <Function test_info_stats[asyncio]>
    |    |                                        -> <Function test_project_failure_exits_with_error[asyncio]>
    |    -> <member 'config' of 'Node' objects>
    -> <Function test_project_failure_exits_with_error[asyncio]>
  File "D:\Dev\repos\advanced-memory-mcp\.venv\Lib\site-packages\pluggy\_hooks.py", line 512, in __call__
    return self._hookexec(self.name, self._hookimpls.copy(), kwargs, firstresult)
           |    |         |    |     |    |                  |       -> True
           |    |         |    |     |    |                  -> {'item': <Function test_project_failure_exits_with_error[asyncio]>, 'nextitem': <Function test_info_stats[asyncio]>}
           |    |         |    |     |    -> <member '_hookimpls' of 'HookCaller' objects>
           |    |         |    |     -> <HookCaller 'pytest_runtest_protocol'>
           |    |         |    -> <member 'name' of 'HookCaller' objects>
           |    |         -> <HookCaller 'pytest_runtest_protocol'>
           |    -> <member '_hookexec' of 'HookCaller' objects>
           -> <HookCaller 'pytest_runtest_protocol'>
  File "D:\Dev\repos\advanced-memory-mcp\.venv\Lib\site-packages\pluggy\_manager.py", line 120, in _hookexec
    return self._inner_hookexec(hook_name, methods, kwargs, firstresult)
           |    |               |          |        |       -> True
           |    |               |          |        -> {'item': <Function test_project_failure_exits_with_error[asyncio]>, 'nextitem': <Function test_info_stats[asyncio]>}
           |    |               |          -> [<HookImpl plugin_name='runner', plugin=<module '_pytest.runner' from 'D:\\Dev\\repos\\advanced-memory-mcp\\.venv\\Lib\\site-...
           |    |               -> 'pytest_runtest_protocol'
           |    -> <function _multicall at 0x0000028D8A9802C0>
           -> <_pytest.config.PytestPluginManager object at 0x0000028D8A6895B0>
  File "D:\Dev\repos\advanced-memory-mcp\.venv\Lib\site-packages\pluggy\_callers.py", line 121, in _multicall
    res = hook_impl.function(*args)
          |         |         -> [<Function test_project_failure_exits_with_error[asyncio]>, <Function test_info_stats[asyncio]>]
          |         -> <member 'function' of 'HookImpl' objects>
          -> <HookImpl plugin_name='runner', plugin=<module '_pytest.runner' from 'D:\\Dev\\repos\\advanced-memory-mcp\\.venv\\Lib\\site-p...
  File "D:\Dev\repos\advanced-memory-mcp\.venv\Lib\site-packages\_pytest\runner.py", line 117, in pytest_runtest_protocol
    runtestprotocol(item, nextitem=nextitem)
    |               |              -> <Function test_info_stats[asyncio]>
    |               -> <Function test_project_failure_exits_with_error[asyncio]>
    -> <function runtestprotocol at 0x0000028D8AEA62A0>
  File "D:\Dev\repos\advanced-memory-mcp\.venv\Lib\site-packages\_pytest\runner.py", line 136, in runtestprotocol
    reports.append(call_and_report(item, "call", log))
    |       |      |               |             -> True
    |       |      |               -> <Function test_project_failure_exits_with_error[asyncio]>
    |       |      -> <function call_and_report at 0x0000028D8AEA6700>
    |       -> <method 'append' of 'list' objects>
    -> [<TestReport 'tests/cli/test_project_commands.py::test_project_failure_exits_with_error[asyncio]' when='setup' outcome='passe...
  File "D:\Dev\repos\advanced-memory-mcp\.venv\Lib\site-packages\_pytest\runner.py", line 245, in call_and_report
    call = CallInfo.from_call(
           |        -> <classmethod(<function CallInfo.from_call at 0x0000028D8AEA6A20>)>
           -> <class '_pytest.runner.CallInfo'>
  File "D:\Dev\repos\advanced-memory-mcp\.venv\Lib\site-packages\_pytest\runner.py", line 344, in from_call
    result: TResult | None = func()
            |                -> <function call_and_report.<locals>.<lambda> at 0x0000028D909CDBC0>
            -> +TResult
  File "D:\Dev\repos\advanced-memory-mcp\.venv\Lib\site-packages\_pytest\runner.py", line 246, in <lambda>
    lambda: runtest_hook(item=item, **kwds), when=when, reraise=reraise
            |                 |       -> {}
            |                 -> <Function test_project_failure_exits_with_error[asyncio]>
            -> <HookCaller 'pytest_runtest_call'>
  File "D:\Dev\repos\advanced-memory-mcp\.venv\Lib\site-packages\pluggy\_hooks.py", line 512, in __call__
    return self._hookexec(self.name, self._hookimpls.copy(), kwargs, firstresult)
           |    |         |    |     |    |                  |       -> False
           |    |         |    |     |    |                  -> {'item': <Function test_project_failure_exits_with_error[asyncio]>}
           |    |         |    |     |    -> <member '_hookimpls' of 'HookCaller' objects>
           |    |         |    |     -> <HookCaller 'pytest_runtest_call'>
           |    |         |    -> <member 'name' of 'HookCaller' objects>
           |    |         -> <HookCaller 'pytest_runtest_call'>
           |    -> <member '_hookexec' of 'HookCaller' objects>
           -> <HookCaller 'pytest_runtest_call'>
  File "D:\Dev\repos\advanced-memory-mcp\.venv\Lib\site-packages\pluggy\_manager.py", line 120, in _hookexec
    return self._inner_hookexec(hook_name, methods, kwargs, firstresult)
           |    |               |          |        |       -> False
           |    |               |          |        -> {'item': <Function test_project_failure_exits_with_error[asyncio]>}
           |    |               |          -> [<HookImpl plugin_name='threadexception', plugin=<module '_pytest.threadexception' from 'D:\\Dev\\repos\\advanced-memory-mcp\...
           |    |               -> 'pytest_runtest_call'
           |    -> <function _multicall at 0x0000028D8A9802C0>
           -> <_pytest.config.PytestPluginManager object at 0x0000028D8A6895B0>
  File "D:\Dev\repos\advanced-memory-mcp\.venv\Lib\site-packages\pluggy\_callers.py", line 121, in _multicall
    res = hook_impl.function(*args)
          |         |         -> [<Function test_project_failure_exits_with_error[asyncio]>]
          |         -> <member 'function' of 'HookImpl' objects>
          -> <HookImpl plugin_name='runner', plugin=<module '_pytest.runner' from 'D:\\Dev\\repos\\advanced-memory-mcp\\.venv\\Lib\\site-p...
  File "D:\Dev\repos\advanced-memory-mcp\.venv\Lib\site-packages\_pytest\runner.py", line 178, in pytest_runtest_call
    item.runtest()
    |    -> <function Function.runtest at 0x0000028D8AFBEC00>
    -> <Function test_project_failure_exits_with_error[asyncio]>
  File "D:\Dev\repos\advanced-memory-mcp\.venv\Lib\site-packages\_pytest\python.py", line 1671, in runtest
    self.ihook.pytest_pyfunc_call(pyfuncitem=self)
    |    |                                   -> <Function test_project_failure_exits_with_error[asyncio]>
    |    -> <property object at 0x0000028D8AE180E0>
    -> <Function test_project_failure_exits_with_error[asyncio]>
  File "D:\Dev\repos\advanced-memory-mcp\.venv\Lib\site-packages\pluggy\_hooks.py", line 512, in __call__
    return self._hookexec(self.name, self._hookimpls.copy(), kwargs, firstresult)
           |    |         |    |     |    |                  |       -> True
           |    |         |    |     |    |                  -> {'pyfuncitem': <Function test_project_failure_exits_with_error[asyncio]>}
           |    |         |    |     |    -> <member '_hookimpls' of 'HookCaller' objects>
           |    |         |    |     -> <HookCaller 'pytest_pyfunc_call'>
           |    |         |    -> <member 'name' of 'HookCaller' objects>
           |    |         -> <HookCaller 'pytest_pyfunc_call'>
           |    -> <member '_hookexec' of 'HookCaller' objects>
           -> <HookCaller 'pytest_pyfunc_call'>
  File "D:\Dev\repos\advanced-memory-mcp\.venv\Lib\site-packages\pluggy\_manager.py", line 120, in _hookexec
    return self._inner_hookexec(hook_name, methods, kwargs, firstresult)
           |    |               |          |        |       -> True
           |    |               |          |        -> {'pyfuncitem': <Function test_project_failure_exits_with_error[asyncio]>}
           |    |               |          -> [<HookImpl plugin_name='python', plugin=<module '_pytest.python' from 'D:\\Dev\\repos\\advanced-memory-mcp\\.venv\\Lib\\site-...
           |    |               -> 'pytest_pyfunc_call'
           |    -> <function _multicall at 0x0000028D8A9802C0>
           -> <_pytest.config.PytestPluginManager object at 0x0000028D8A6895B0>
  File "D:\Dev\repos\advanced-memory-mcp\.venv\Lib\site-packages\pluggy\_callers.py", line 121, in _multicall
    res = hook_impl.function(*args)
          |         |         -> [<Function test_project_failure_exits_with_error[asyncio]>]
          |         -> <member 'function' of 'HookImpl' objects>
          -> <HookImpl plugin_name='python', plugin=<module '_pytest.python' from 'D:\\Dev\\repos\\advanced-memory-mcp\\.venv\\Lib\\site-p...
  File "D:\Dev\repos\advanced-memory-mcp\.venv\Lib\site-packages\_pytest\python.py", line 157, in pytest_pyfunc_call
    result = testfunction(**testargs)
             |              -> {'cli_env': {'project_config': ProjectConfig(name='test-project', home=WindowsPath('C:/Users/sandr/AppData/Local/Temp/pytest-...
             -> <function test_project_failure_exits_with_error at 0x0000028D8F8E3C40>
  File "C:\Users\sandr\AppData\Roaming\uv\python\cpython-3.12.9-windows-x86_64-none\Lib\unittest\mock.py", line 1396, in patched
    return func(*newargs, **newkeywargs)
           |     |          -> {'cli_env': {'project_config': ProjectConfig(name='test-project', home=WindowsPath('C:/Users/sandr/AppData/Local/Temp/pytest-...
           |     -> (<MagicMock name='run' id='2807049251552'>,)
           -> <function test_project_failure_exits_with_error at 0x0000028D8F8E3BA0>

  File "D:\Dev\repos\advanced-memory-mcp\tests\cli\test_project_commands.py", line 131, in test_project_failure_exits_with_error
    default_result = runner.invoke(cli_app, ["project", "default", "test-project"])
                     |      |      -> <typer.main.Typer object at 0x0000028D8EDBB830>
                     |      -> <function CliRunner.invoke at 0x0000028D8EE0A020>
                     -> <typer.testing.CliRunner object at 0x0000028D913FCF50>

  File "D:\Dev\repos\advanced-memory-mcp\.venv\Lib\site-packages\typer\testing.py", line 21, in invoke
    return super().invoke(
  File "D:\Dev\repos\advanced-memory-mcp\.venv\Lib\site-packages\click\testing.py", line 494, in invoke
    return_value = cli.main(args=args or (), prog_name=prog_name, **extra)
                   |   |         |                     |            -> {}
                   |   |         |                     -> 'advanced-memory'
                   |   |         -> ['project', 'default', 'test-project']
                   |   -> <function TyperGroup.main at 0x0000028D8EE2F920>
                   -> <TyperGroup advanced-memory>
  File "D:\Dev\repos\advanced-memory-mcp\.venv\Lib\site-packages\typer\core.py", line 757, in main
    return _main(
           -> <function _main at 0x0000028D8EE2E8E0>
  File "D:\Dev\repos\advanced-memory-mcp\.venv\Lib\site-packages\typer\core.py", line 195, in _main
    rv = self.invoke(ctx)
         |    |      -> <click.core.Context object at 0x0000028D91469CA0>
         |    -> <function Group.invoke at 0x0000028D8E527740>
         -> <TyperGroup advanced-memory>
  File "D:\Dev\repos\advanced-memory-mcp\.venv\Lib\site-packages\click\core.py", line 1827, in invoke
    super().invoke(ctx)
                   -> <click.core.Context object at 0x0000028D91469CA0>
  File "D:\Dev\repos\advanced-memory-mcp\.venv\Lib\site-packages\click\core.py", line 1226, in invoke
    return ctx.invoke(self.callback, **ctx.params)
           |   |      |    |           |   -> {'version': None, 'project': None}
           |   |      |    |           -> <click.core.Context object at 0x0000028D91469CA0>
           |   |      |    -> <function app_callback at 0x0000028D909CC220>
           |   |      -> <TyperGroup advanced-memory>
           |   -> <function Context.invoke at 0x0000028D8E525760>
           -> <click.core.Context object at 0x0000028D91469CA0>
  File "D:\Dev\repos\advanced-memory-mcp\.venv\Lib\site-packages\click\core.py", line 794, in invoke
    return callback(*args, **kwargs)
           |         |       -> {'version': None, 'project': None}
           |         -> ()
           -> <function app_callback at 0x0000028D909CC220>
  File "D:\Dev\repos\advanced-memory-mcp\.venv\Lib\site-packages\typer\main.py", line 699, in wrapper
    return callback(**use_params)
           |          -> {'ctx': <click.core.Context object at 0x0000028D91469CA0>, 'project': None, 'version': None}
           -> <function app_callback at 0x0000028D8EDE5620>

  File "D:\Dev\repos\advanced-memory-mcp\src\advanced_memory\cli\app.py", line 47, in app_callback
    ensure_initialization(app_config)
    |                     -> AdvancedMemoryConfig(env='test', projects={'test-project': 'C:\\Users\\sandr\\AppData\\Local\\Temp\\pytest-of-sandr\\pytest-2...
    -> <function ensure_initialization at 0x0000028D8EB7D760>

> File "D:\Dev\repos\advanced-memory-mcp\src\advanced_memory\services\initialization.py", line 176, in ensure_initialization
    result = asyncio.run(initialize_app(app_config))
             |       |   |              -> AdvancedMemoryConfig(env='test', projects={'test-project': 'C:\\Users\\sandr\\AppData\\Local\\Temp\\pytest-of-sandr\\pytest-2...
             |       |   -> <function initialize_app at 0x0000028D8EB7E5C0>
             |       -> <MagicMock name='run' id='2807049251552'>
             -> <module 'asyncio' from 'C:\\Users\\sandr\\AppData\\Roaming\\uv\\python\\cpython-3.12.9-windows-x86_64-none\\Lib\\asyncio\\__i...

  File "C:\Users\sandr\AppData\Roaming\uv\python\cpython-3.12.9-windows-x86_64-none\Lib\unittest\mock.py", line 1139, in __call__
    return self._mock_call(*args, **kwargs)
           |    |           |       -> {}
           |    |           -> (<coroutine object initialize_app at 0x0000028D912AE740>,)
           |    -> <function CallableMixin._mock_call at 0x0000028D8BE48C20>
           -> <MagicMock name='run' id='2807049251552'>
  File "C:\Users\sandr\AppData\Roaming\uv\python\cpython-3.12.9-windows-x86_64-none\Lib\unittest\mock.py", line 1143, in _mock_call
    return self._execute_mock_call(*args, **kwargs)
           |    |                   |       -> {}
           |    |                   -> (<coroutine object initialize_app at 0x0000028D912AE740>,)
           |    -> <function CallableMixin._execute_mock_call at 0x0000028D8BE48D60>
           -> <MagicMock name='run' id='2807049251552'>
  File "C:\Users\sandr\AppData\Roaming\uv\python\cpython-3.12.9-windows-x86_64-none\Lib\unittest\mock.py", line 1198, in _execute_mock_call
    raise effect
          -> Exception('API server not running')

  File "D:\Dev\repos\advanced-memory-mcp\src\advanced_memory\cli\commands\project.py", line 98, in remove_project
    response = asyncio.run(call_delete(client, f"/projects/{project_name}"))
               |       |   |           |                    -> 'test-project'
               |       |   |           -> <httpx.AsyncClient object at 0x0000028D8E5AAF60>
               |       |   -> <function call_delete at 0x0000028D8F62A340>
               |       -> <MagicMock name='run' id='2807049251552'>
               -> <module 'asyncio' from 'C:\\Users\\sandr\\AppData\\Roaming\\uv\\python\\cpython-3.12.9-windows-x86_64-none\\Lib\\asyncio\\__i...

  File "C:\Users\sandr\AppData\Roaming\uv\python\cpython-3.12.9-windows-x86_64-none\Lib\unittest\mock.py", line 1139, in __call__
    return self._mock_call(*args, **kwargs)
           |    |           |       -> {}
           |    |           -> (<coroutine object call_delete at 0x0000028D91003B60>,)
           |    -> <function CallableMixin._mock_call at 0x0000028D8BE48C20>
           -> <MagicMock name='run' id='2807049251552'>
  File "C:\Users\sandr\AppData\Roaming\uv\python\cpython-3.12.9-windows-x86_64-none\Lib\unittest\mock.py", line 1143, in _mock_call
    return self._execute_mock_call(*args, **kwargs)
           |    |                   |       -> {}
           |    |                   -> (<coroutine object call_delete at 0x0000028D91003B60>,)
           |    -> <function CallableMixin._execute_mock_call at 0x0000028D8BE48D60>
           -> <MagicMock name='run' id='2807049251552'>
  File "C:\Users\sandr\AppData\Roaming\uv\python\cpython-3.12.9-windows-x86_64-none\Lib\unittest\mock.py", line 1198, in _execute_mock_call
    raise effect
          -> Exception('API server not running')

  File "D:\Dev\repos\advanced-memory-mcp\src\advanced_memory\services\initialization.py", line 176, in ensure_initialization
    result = asyncio.run(initialize_app(app_config))
             |       |   |              -> AdvancedMemoryConfig(env='test', projects={'test-project': 'C:\\Users\\sandr\\AppData\\Local\\Temp\\pytest-of-sandr\\pytest-2...
             |       |   -> <function initialize_app at 0x0000028D8EB7E5C0>
             |       -> <MagicMock name='run' id='2807049251552'>
             -> <module 'asyncio' from 'C:\\Users\\sandr\\AppData\\Roaming\\uv\\python\\cpython-3.12.9-windows-x86_64-none\\Lib\\asyncio\\__i...

  File "C:\Users\sandr\AppData\Roaming\uv\python\cpython-3.12.9-windows-x86_64-none\Lib\unittest\mock.py", line 1139, in __call__
    return self._mock_call(*args, **kwargs)
           |    |           |       -> {}
           |    |           -> (<coroutine object initialize_app at 0x0000028D912AF7C0>,)
           |    -> <function CallableMixin._mock_call at 0x0000028D8BE48C20>
           -> <MagicMock name='run' id='2807049251552'>
  File "C:\Users\sandr\AppData\Roaming\uv\python\cpython-3.12.9-windows-x86_64-none\Lib\unittest\mock.py", line 1143, in _mock_call
    return self._execute_mock_call(*args, **kwargs)
           |    |                   |       -> {}
           |    |                   -> (<coroutine object initialize_app at 0x0000028D912AF7C0>,)
           |    -> <function CallableMixin._execute_mock_call at 0x0000028D8BE48D60>
           -> <MagicMock name='run' id='2807049251552'>
  File "C:\Users\sandr\AppData\Roaming\uv\python\cpython-3.12.9-windows-x86_64-none\Lib\unittest\mock.py", line 1198, in _execute_mock_call
    raise effect
          -> Exception('API server not running')

  File "D:\Dev\repos\advanced-memory-mcp\src\advanced_memory\cli\commands\project.py", line 76, in add_project
    response = asyncio.run(call_post(client, "/projects/projects", json=data))
               |       |   |         |                                  -> {'name': 'test-project', 'path': 'D:\\path\\to\\project', 'set_default': False}
               |       |   |         -> <httpx.AsyncClient object at 0x0000028D8E5AAF60>
               |       |   -> <function call_post at 0x0000028D8F62A2A0>
               |       -> <MagicMock name='run' id='2807049251552'>
               -> <module 'asyncio' from 'C:\\Users\\sandr\\AppData\\Roaming\\uv\\python\\cpython-3.12.9-windows-x86_64-none\\Lib\\asyncio\\__i...

  File "C:\Users\sandr\AppData\Roaming\uv\python\cpython-3.12.9-windows-x86_64-none\Lib\unittest\mock.py", line 1139, in __call__
    return self._mock_call(*args, **kwargs)
           |    |           |       -> {}
           |    |           -> (<coroutine object call_post at 0x0000028D912A4040>,)
           |    -> <function CallableMixin._mock_call at 0x0000028D8BE48C20>
           -> <MagicMock name='run' id='2807049251552'>
  File "C:\Users\sandr\AppData\Roaming\uv\python\cpython-3.12.9-windows-x86_64-none\Lib\unittest\mock.py", line 1143, in _mock_call
    return self._execute_mock_call(*args, **kwargs)
           |    |                   |       -> {}
           |    |                   -> (<coroutine object call_post at 0x0000028D912A4040>,)
           |    -> <function CallableMixin._execute_mock_call at 0x0000028D8BE48D60>
           -> <MagicMock name='run' id='2807049251552'>
  File "C:\Users\sandr\AppData\Roaming\uv\python\cpython-3.12.9-windows-x86_64-none\Lib\unittest\mock.py", line 1198, in _execute_mock_call
    raise effect
          -> Exception('API server not running')

  File "D:\Dev\repos\advanced-memory-mcp\src\advanced_memory\services\initialization.py", line 176, in ensure_initialization
    result = asyncio.run(initialize_app(app_config))
             |       |   |              -> AdvancedMemoryConfig(env='test', projects={'test-project': 'C:\\Users\\sandr\\AppData\\Local\\Temp\\pytest-of-sandr\\pytest-2...
             |       |   -> <function initialize_app at 0x0000028D8EB7E5C0>
             |       -> <MagicMock name='run' id='2807049251552'>
             -> <module 'asyncio' from 'C:\\Users\\sandr\\AppData\\Roaming\\uv\\python\\cpython-3.12.9-windows-x86_64-none\\Lib\\asyncio\\__i...

  File "C:\Users\sandr\AppData\Roaming\uv\python\cpython-3.12.9-windows-x86_64-none\Lib\unittest\mock.py", line 1139, in __call__
    return self._mock_call(*args, **kwargs)
           |    |           |       -> {}
           |    |           -> (<coroutine object initialize_app at 0x0000028D912AEC80>,)
           |    -> <function CallableMixin._mock_call at 0x0000028D8BE48C20>
           -> <MagicMock name='run' id='2807049251552'>
  File "C:\Users\sandr\AppData\Roaming\uv\python\cpython-3.12.9-windows-x86_64-none\Lib\unittest\mock.py", line 1143, in _mock_call
    return self._execute_mock_call(*args, **kwargs)
           |    |                   |       -> {}
           |    |                   -> (<coroutine object initialize_app at 0x0000028D912AEC80>,)
           |    -> <function CallableMixin._execute_mock_call at 0x0000028D8BE48D60>
           -> <MagicMock name='run' id='2807049251552'>
  File "C:\Users\sandr\AppData\Roaming\uv\python\cpython-3.12.9-windows-x86_64-none\Lib\unittest\mock.py", line 1198, in _execute_mock_call
    raise effect
          -> Exception('API server not running')

  File "D:\Dev\repos\advanced-memory-mcp\src\advanced_memory\cli\commands\project.py", line 43, in list_projects
    response = asyncio.run(call_get(client, "/projects/projects"))
               |       |   |        -> <httpx.AsyncClient object at 0x0000028D8E5AAF60>
               |       |   -> <function call_get at 0x0000028D8F62A0C0>
               |       -> <MagicMock name='run' id='2807049251552'>
               -> <module 'asyncio' from 'C:\\Users\\sandr\\AppData\\Roaming\\uv\\python\\cpython-3.12.9-windows-x86_64-none\\Lib\\asyncio\\__i...

  File "C:\Users\sandr\AppData\Roaming\uv\python\cpython-3.12.9-windows-x86_64-none\Lib\unittest\mock.py", line 1139, in __call__
    return self._mock_call(*args, **kwargs)
           |    |           |       -> {}
           |    |           -> (<coroutine object call_get at 0x0000028D91003740>,)
           |    -> <function CallableMixin._mock_call at 0x0000028D8BE48C20>
           -> <MagicMock name='run' id='2807049251552'>
  File "C:\Users\sandr\AppData\Roaming\uv\python\cpython-3.12.9-windows-x86_64-none\Lib\unittest\mock.py", line 1143, in _mock_call
    return self._execute_mock_call(*args, **kwargs)
           |    |                   |       -> {}
           |    |                   -> (<coroutine object call_get at 0x0000028D91003740>,)
           |    -> <function CallableMixin._execute_mock_call at 0x0000028D8BE48D60>
           -> <MagicMock name='run' id='2807049251552'>
  File "C:\Users\sandr\AppData\Roaming\uv\python\cpython-3.12.9-windows-x86_64-none\Lib\unittest\mock.py", line 1198, in _execute_mock_call
    raise effect
          -> Exception('API server not running')

  File "D:\Dev\repos\advanced-memory-mcp\src\advanced_memory\services\initialization.py", line 176, in ensure_initialization
    result = asyncio.run(initialize_app(app_config))
             |       |   |              -> AdvancedMemoryConfig(env='test', projects={'test-project': 'C:\\Users\\sandr\\AppData\\Local\\Temp\\pytest-of-sandr\\pytest-2...
             |       |   -> <function initialize_app at 0x0000028D8EB7E5C0>
             |       -> <MagicMock name='run' id='2807049251552'>
             -> <module 'asyncio' from 'C:\\Users\\sandr\\AppData\\Roaming\\uv\\python\\cpython-3.12.9-windows-x86_64-none\\Lib\\asyncio\\__i...

  File "C:\Users\sandr\AppData\Roaming\uv\python\cpython-3.12.9-windows-x86_64-none\Lib\unittest\mock.py", line 1139, in __call__
    return self._mock_call(*args, **kwargs)
           |    |           |       -> {}
           |    |           -> (<coroutine object initialize_app at 0x0000028D912AC7C0>,)
           |    -> <function CallableMixin._mock_call at 0x0000028D8BE48C20>
           -> <MagicMock name='run' id='2807049251552'>
  File "C:\Users\sandr\AppData\Roaming\uv\python\cpython-3.12.9-windows-x86_64-none\Lib\unittest\mock.py", line 1143, in _mock_call
    return self._execute_mock_call(*args, **kwargs)
           |    |                   |       -> {}
           |    |                   -> (<coroutine object initialize_app at 0x0000028D912AC7C0>,)
           |    -> <function CallableMixin._execute_mock_call at 0x0000028D8BE48D60>
           -> <MagicMock name='run' id='2807049251552'>
  File "C:\Users\sandr\AppData\Roaming\uv\python\cpython-3.12.9-windows-x86_64-none\Lib\unittest\mock.py", line 1198, in _execute_mock_call
    raise effect
          -> Exception('API server not running')

Exception: API server not running
tests\cli\test_project_commands.py ......
tests\cli\test_project_info.py ..
Error checking status: Database connection failed
tests\cli\test_status.py ..+----------------+
| test: Test     |
| `-- No changes |
+----------------+
+----------------+
| test: Test     |
| `-- No changes |
+----------------+
.+-------------------------------+
| test: Test                    |
| +-- New Files                 |
| |   `-- dir1/                 |
| |       `-- new.md (abcd1234) |
| +-- Modified                  |
| |   `-- dir1/                 |
| |       `-- mod.md            |
| +-- Moved                     |
| |   `-- old.md -> new.md      |
| `-- Deleted                   |
|     `-- dir2/                 |
|         `-- del.md            |
+-------------------------------+
+------------------------------+
| test: Test                   |
| +-- dir1/ +1 new ~1 modified |
| +-- dir2/ -1 deleted         |
| +-- new.md/ <->1 moved       |
| `-- old.md/ <->1 moved       |
+------------------------------+
.....
tests\cli\test_sync.py .Project 'test-project': Everything up to date
.Project 'test-project': Synced 4 files (1 new, 1 modified, 1 moved, 1 deleted)
.
Project 'test-project': Everything up to date
.
Sync Results for Project 'test-project'
Knowledge Files
+-- Created
|   `-- new.md (abcd1234)
+-- Modified
|   `-- mod.md (efgh5678)
+-- Moved
|   `-- old.md -> new.md (abcd1234)
`-- Deleted
    `-- del.md
.
Project 'test-project': Everything up to date
Sync command failed
Traceback (most recent call last):

  File "<frozen runpy>", line 198, in _run_module_as_main
  File "<frozen runpy>", line 88, in _run_code

  File "D:\Dev\repos\advanced-memory-mcp\.venv\Scripts\pytest.exe\__main__.py", line 10, in <module>

  File "D:\Dev\repos\advanced-memory-mcp\.venv\Lib\site-packages\_pytest\config\__init__.py", line 201, in console_main
    code = main()
           -> <function main at 0x0000028D8ADDD440>
  File "D:\Dev\repos\advanced-memory-mcp\.venv\Lib\site-packages\_pytest\config\__init__.py", line 175, in main
    ret: ExitCode | int = config.hook.pytest_cmdline_main(config=config)
         |                |      |    |                          -> <_pytest.config.Config object at 0x0000028D8AEADD00>
         |                |      |    -> <HookCaller 'pytest_cmdline_main'>
         |                |      -> <_pytest.config.compat.PathAwareHookProxy object at 0x0000028D8AFC4DD0>
         |                -> <_pytest.config.Config object at 0x0000028D8AEADD00>
         -> <enum 'ExitCode'>
  File "D:\Dev\repos\advanced-memory-mcp\.venv\Lib\site-packages\pluggy\_hooks.py", line 512, in __call__
    return self._hookexec(self.name, self._hookimpls.copy(), kwargs, firstresult)
           |    |         |    |     |    |                  |       -> True
           |    |         |    |     |    |                  -> {'config': <_pytest.config.Config object at 0x0000028D8AEADD00>}
           |    |         |    |     |    -> <member '_hookimpls' of 'HookCaller' objects>
           |    |         |    |     -> <HookCaller 'pytest_cmdline_main'>
           |    |         |    -> <member 'name' of 'HookCaller' objects>
           |    |         -> <HookCaller 'pytest_cmdline_main'>
           |    -> <member '_hookexec' of 'HookCaller' objects>
           -> <HookCaller 'pytest_cmdline_main'>
  File "D:\Dev\repos\advanced-memory-mcp\.venv\Lib\site-packages\pluggy\_manager.py", line 120, in _hookexec
    return self._inner_hookexec(hook_name, methods, kwargs, firstresult)
           |    |               |          |        |       -> True
           |    |               |          |        -> {'config': <_pytest.config.Config object at 0x0000028D8AEADD00>}
           |    |               |          -> [<HookImpl plugin_name='main', plugin=<module '_pytest.main' from 'D:\\Dev\\repos\\advanced-memory-mcp\\.venv\\Lib\\site-pack...
           |    |               -> 'pytest_cmdline_main'
           |    -> <function _multicall at 0x0000028D8A9802C0>
           -> <_pytest.config.PytestPluginManager object at 0x0000028D8A6895B0>
  File "D:\Dev\repos\advanced-memory-mcp\.venv\Lib\site-packages\pluggy\_callers.py", line 121, in _multicall
    res = hook_impl.function(*args)
          |         |         -> [<_pytest.config.Config object at 0x0000028D8AEADD00>]
          |         -> <member 'function' of 'HookImpl' objects>
          -> <HookImpl plugin_name='main', plugin=<module '_pytest.main' from 'D:\\Dev\\repos\\advanced-memory-mcp\\.venv\\Lib\\site-packa...
  File "D:\Dev\repos\advanced-memory-mcp\.venv\Lib\site-packages\_pytest\main.py", line 336, in pytest_cmdline_main
    return wrap_session(config, _main)
           |            |       -> <function _main at 0x0000028D8AEA7100>
           |            -> <_pytest.config.Config object at 0x0000028D8AEADD00>
           -> <function wrap_session at 0x0000028D8AEA6FC0>
  File "D:\Dev\repos\advanced-memory-mcp\.venv\Lib\site-packages\_pytest\main.py", line 289, in wrap_session
    session.exitstatus = doit(config, session) or 0
    |       |            |    |       -> <Session  exitstatus=<ExitCode.OK: 0> testsfailed=0 testscollected=1190>
    |       |            |    -> <_pytest.config.Config object at 0x0000028D8AEADD00>
    |       |            -> <function _main at 0x0000028D8AEA7100>
    |       -> <ExitCode.OK: 0>
    -> <Session  exitstatus=<ExitCode.OK: 0> testsfailed=0 testscollected=1190>
  File "D:\Dev\repos\advanced-memory-mcp\.venv\Lib\site-packages\_pytest\main.py", line 343, in _main
    config.hook.pytest_runtestloop(session=session)
    |      |    |                          -> <Session  exitstatus=<ExitCode.OK: 0> testsfailed=0 testscollected=1190>
    |      |    -> <HookCaller 'pytest_runtestloop'>
    |      -> <_pytest.config.compat.PathAwareHookProxy object at 0x0000028D8AFC4DD0>
    -> <_pytest.config.Config object at 0x0000028D8AEADD00>
  File "D:\Dev\repos\advanced-memory-mcp\.venv\Lib\site-packages\pluggy\_hooks.py", line 512, in __call__
    return self._hookexec(self.name, self._hookimpls.copy(), kwargs, firstresult)
           |    |         |    |     |    |                  |       -> True
           |    |         |    |     |    |                  -> {'session': <Session  exitstatus=<ExitCode.OK: 0> testsfailed=0 testscollected=1190>}
           |    |         |    |     |    -> <member '_hookimpls' of 'HookCaller' objects>
           |    |         |    |     -> <HookCaller 'pytest_runtestloop'>
           |    |         |    -> <member 'name' of 'HookCaller' objects>
           |    |         -> <HookCaller 'pytest_runtestloop'>
           |    -> <member '_hookexec' of 'HookCaller' objects>
           -> <HookCaller 'pytest_runtestloop'>
  File "D:\Dev\repos\advanced-memory-mcp\.venv\Lib\site-packages\pluggy\_manager.py", line 120, in _hookexec
    return self._inner_hookexec(hook_name, methods, kwargs, firstresult)
           |    |               |          |        |       -> True
           |    |               |          |        -> {'session': <Session  exitstatus=<ExitCode.OK: 0> testsfailed=0 testscollected=1190>}
           |    |               |          -> [<HookImpl plugin_name='main', plugin=<module '_pytest.main' from 'D:\\Dev\\repos\\advanced-memory-mcp\\.venv\\Lib\\site-pack...
           |    |               -> 'pytest_runtestloop'
           |    -> <function _multicall at 0x0000028D8A9802C0>
           -> <_pytest.config.PytestPluginManager object at 0x0000028D8A6895B0>
  File "D:\Dev\repos\advanced-memory-mcp\.venv\Lib\site-packages\pluggy\_callers.py", line 121, in _multicall
    res = hook_impl.function(*args)
          |         |         -> [<Session  exitstatus=<ExitCode.OK: 0> testsfailed=0 testscollected=1190>]
          |         -> <member 'function' of 'HookImpl' objects>
          -> <HookImpl plugin_name='main', plugin=<module '_pytest.main' from 'D:\\Dev\\repos\\advanced-memory-mcp\\.venv\\Lib\\site-packa...
  File "D:\Dev\repos\advanced-memory-mcp\.venv\Lib\site-packages\_pytest\main.py", line 367, in pytest_runtestloop
    item.config.hook.pytest_runtest_protocol(item=item, nextitem=nextitem)
    |    |                                        |              -> <Function test_version_arg[asyncio]>
    |    |                                        -> <Function test_sync_command_error[asyncio]>
    |    -> <member 'config' of 'Node' objects>
    -> <Function test_sync_command_error[asyncio]>
  File "D:\Dev\repos\advanced-memory-mcp\.venv\Lib\site-packages\pluggy\_hooks.py", line 512, in __call__
    return self._hookexec(self.name, self._hookimpls.copy(), kwargs, firstresult)
           |    |         |    |     |    |                  |       -> True
           |    |         |    |     |    |                  -> {'item': <Function test_sync_command_error[asyncio]>, 'nextitem': <Function test_version_arg[asyncio]>}
           |    |         |    |     |    -> <member '_hookimpls' of 'HookCaller' objects>
           |    |         |    |     -> <HookCaller 'pytest_runtest_protocol'>
           |    |         |    -> <member 'name' of 'HookCaller' objects>
           |    |         -> <HookCaller 'pytest_runtest_protocol'>
           |    -> <member '_hookexec' of 'HookCaller' objects>
           -> <HookCaller 'pytest_runtest_protocol'>
  File "D:\Dev\repos\advanced-memory-mcp\.venv\Lib\site-packages\pluggy\_manager.py", line 120, in _hookexec
    return self._inner_hookexec(hook_name, methods, kwargs, firstresult)
           |    |               |          |        |       -> True
           |    |               |          |        -> {'item': <Function test_sync_command_error[asyncio]>, 'nextitem': <Function test_version_arg[asyncio]>}
           |    |               |          -> [<HookImpl plugin_name='runner', plugin=<module '_pytest.runner' from 'D:\\Dev\\repos\\advanced-memory-mcp\\.venv\\Lib\\site-...
           |    |               -> 'pytest_runtest_protocol'
           |    -> <function _multicall at 0x0000028D8A9802C0>
           -> <_pytest.config.PytestPluginManager object at 0x0000028D8A6895B0>
  File "D:\Dev\repos\advanced-memory-mcp\.venv\Lib\site-packages\pluggy\_callers.py", line 121, in _multicall
    res = hook_impl.function(*args)
          |         |         -> [<Function test_sync_command_error[asyncio]>, <Function test_version_arg[asyncio]>]
          |         -> <member 'function' of 'HookImpl' objects>
          -> <HookImpl plugin_name='runner', plugin=<module '_pytest.runner' from 'D:\\Dev\\repos\\advanced-memory-mcp\\.venv\\Lib\\site-p...
  File "D:\Dev\repos\advanced-memory-mcp\.venv\Lib\site-packages\_pytest\runner.py", line 117, in pytest_runtest_protocol
    runtestprotocol(item, nextitem=nextitem)
    |               |              -> <Function test_version_arg[asyncio]>
    |               -> <Function test_sync_command_error[asyncio]>
    -> <function runtestprotocol at 0x0000028D8AEA62A0>
  File "D:\Dev\repos\advanced-memory-mcp\.venv\Lib\site-packages\_pytest\runner.py", line 136, in runtestprotocol
    reports.append(call_and_report(item, "call", log))
    |       |      |               |             -> True
    |       |      |               -> <Function test_sync_command_error[asyncio]>
    |       |      -> <function call_and_report at 0x0000028D8AEA6700>
    |       -> <method 'append' of 'list' objects>
    -> [<TestReport 'tests/cli/test_sync.py::test_sync_command_error[asyncio]' when='setup' outcome='passed'>]
  File "D:\Dev\repos\advanced-memory-mcp\.venv\Lib\site-packages\_pytest\runner.py", line 245, in call_and_report
    call = CallInfo.from_call(
           |        -> <classmethod(<function CallInfo.from_call at 0x0000028D8AEA6A20>)>
           -> <class '_pytest.runner.CallInfo'>
  File "D:\Dev\repos\advanced-memory-mcp\.venv\Lib\site-packages\_pytest\runner.py", line 344, in from_call
    result: TResult | None = func()
            |                -> <function call_and_report.<locals>.<lambda> at 0x0000028D90C0E0C0>
            -> +TResult
  File "D:\Dev\repos\advanced-memory-mcp\.venv\Lib\site-packages\_pytest\runner.py", line 246, in <lambda>
    lambda: runtest_hook(item=item, **kwds), when=when, reraise=reraise
            |                 |       -> {}
            |                 -> <Function test_sync_command_error[asyncio]>
            -> <HookCaller 'pytest_runtest_call'>
  File "D:\Dev\repos\advanced-memory-mcp\.venv\Lib\site-packages\pluggy\_hooks.py", line 512, in __call__
    return self._hookexec(self.name, self._hookimpls.copy(), kwargs, firstresult)
           |    |         |    |     |    |                  |       -> False
           |    |         |    |     |    |                  -> {'item': <Function test_sync_command_error[asyncio]>}
           |    |         |    |     |    -> <member '_hookimpls' of 'HookCaller' objects>
           |    |         |    |     -> <HookCaller 'pytest_runtest_call'>
           |    |         |    -> <member 'name' of 'HookCaller' objects>
           |    |         -> <HookCaller 'pytest_runtest_call'>
           |    -> <member '_hookexec' of 'HookCaller' objects>
           -> <HookCaller 'pytest_runtest_call'>
  File "D:\Dev\repos\advanced-memory-mcp\.venv\Lib\site-packages\pluggy\_manager.py", line 120, in _hookexec
    return self._inner_hookexec(hook_name, methods, kwargs, firstresult)
           |    |               |          |        |       -> False
           |    |               |          |        -> {'item': <Function test_sync_command_error[asyncio]>}
           |    |               |          -> [<HookImpl plugin_name='threadexception', plugin=<module '_pytest.threadexception' from 'D:\\Dev\\repos\\advanced-memory-mcp\...
           |    |               -> 'pytest_runtest_call'
           |    -> <function _multicall at 0x0000028D8A9802C0>
           -> <_pytest.config.PytestPluginManager object at 0x0000028D8A6895B0>
  File "D:\Dev\repos\advanced-memory-mcp\.venv\Lib\site-packages\pluggy\_callers.py", line 121, in _multicall
    res = hook_impl.function(*args)
          |         |         -> [<Function test_sync_command_error[asyncio]>]
          |         -> <member 'function' of 'HookImpl' objects>
          -> <HookImpl plugin_name='runner', plugin=<module '_pytest.runner' from 'D:\\Dev\\repos\\advanced-memory-mcp\\.venv\\Lib\\site-p...
  File "D:\Dev\repos\advanced-memory-mcp\.venv\Lib\site-packages\_pytest\runner.py", line 178, in pytest_runtest_call
    item.runtest()
    |    -> <function Function.runtest at 0x0000028D8AFBEC00>
    -> <Function test_sync_command_error[asyncio]>
  File "D:\Dev\repos\advanced-memory-mcp\.venv\Lib\site-packages\_pytest\python.py", line 1671, in runtest
    self.ihook.pytest_pyfunc_call(pyfuncitem=self)
    |    |                                   -> <Function test_sync_command_error[asyncio]>
    |    -> <property object at 0x0000028D8AE180E0>
    -> <Function test_sync_command_error[asyncio]>
  File "D:\Dev\repos\advanced-memory-mcp\.venv\Lib\site-packages\pluggy\_hooks.py", line 512, in __call__
    return self._hookexec(self.name, self._hookimpls.copy(), kwargs, firstresult)
           |    |         |    |     |    |                  |       -> True
           |    |         |    |     |    |                  -> {'pyfuncitem': <Function test_sync_command_error[asyncio]>}
           |    |         |    |     |    -> <member '_hookimpls' of 'HookCaller' objects>
           |    |         |    |     -> <HookCaller 'pytest_pyfunc_call'>
           |    |         |    -> <member 'name' of 'HookCaller' objects>
           |    |         -> <HookCaller 'pytest_pyfunc_call'>
           |    -> <member '_hookexec' of 'HookCaller' objects>
           -> <HookCaller 'pytest_pyfunc_call'>
  File "D:\Dev\repos\advanced-memory-mcp\.venv\Lib\site-packages\pluggy\_manager.py", line 120, in _hookexec
    return self._inner_hookexec(hook_name, methods, kwargs, firstresult)
           |    |               |          |        |       -> True
           |    |               |          |        -> {'pyfuncitem': <Function test_sync_command_error[asyncio]>}
           |    |               |          -> [<HookImpl plugin_name='python', plugin=<module '_pytest.python' from 'D:\\Dev\\repos\\advanced-memory-mcp\\.venv\\Lib\\site-...
           |    |               -> 'pytest_pyfunc_call'
           |    -> <function _multicall at 0x0000028D8A9802C0>
           -> <_pytest.config.PytestPluginManager object at 0x0000028D8A6895B0>
  File "D:\Dev\repos\advanced-memory-mcp\.venv\Lib\site-packages\pluggy\_callers.py", line 121, in _multicall
    res = hook_impl.function(*args)
          |         |         -> [<Function test_sync_command_error[asyncio]>]
          |         -> <member 'function' of 'HookImpl' objects>
          -> <HookImpl plugin_name='python', plugin=<module '_pytest.python' from 'D:\\Dev\\repos\\advanced-memory-mcp\\.venv\\Lib\\site-p...
  File "D:\Dev\repos\advanced-memory-mcp\.venv\Lib\site-packages\_pytest\python.py", line 157, in pytest_pyfunc_call
    result = testfunction(**testargs)
             |              -> {}
             -> <function test_sync_command_error at 0x0000028D8F91CAE0>

  File "D:\Dev\repos\advanced-memory-mcp\tests\cli\test_sync.py", line 139, in test_sync_command_error
    result = runner.invoke(app, ["sync", "--verbose"])
             |      |      -> <typer.main.Typer object at 0x0000028D8EDBB830>
             |      -> <function CliRunner.invoke at 0x0000028D8EE0A020>
             -> <typer.testing.CliRunner object at 0x0000028D8F929760>

  File "D:\Dev\repos\advanced-memory-mcp\.venv\Lib\site-packages\typer\testing.py", line 21, in invoke
    return super().invoke(
  File "D:\Dev\repos\advanced-memory-mcp\.venv\Lib\site-packages\click\testing.py", line 494, in invoke
    return_value = cli.main(args=args or (), prog_name=prog_name, **extra)
                   |   |         |                     |            -> {}
                   |   |         |                     -> 'advanced-memory'
                   |   |         -> ['sync', '--verbose']
                   |   -> <function TyperGroup.main at 0x0000028D8EE2F920>
                   -> <TyperGroup advanced-memory>
  File "D:\Dev\repos\advanced-memory-mcp\.venv\Lib\site-packages\typer\core.py", line 757, in main
    return _main(
           -> <function _main at 0x0000028D8EE2E8E0>
  File "D:\Dev\repos\advanced-memory-mcp\.venv\Lib\site-packages\typer\core.py", line 195, in _main
    rv = self.invoke(ctx)
         |    |      -> <click.core.Context object at 0x0000028D90296AB0>
         |    -> <function Group.invoke at 0x0000028D8E527740>
         -> <TyperGroup advanced-memory>
  File "D:\Dev\repos\advanced-memory-mcp\.venv\Lib\site-packages\click\core.py", line 1830, in invoke
    return _process_result(sub_ctx.command.invoke(sub_ctx))
           |               |       |       |      -> <click.core.Context object at 0x0000028D90294AD0>
           |               |       |       -> <function Command.invoke at 0x0000028D8E526520>
           |               |       -> <TyperCommand sync>
           |               -> <click.core.Context object at 0x0000028D90294AD0>
           -> <function Group.invoke.<locals>._process_result at 0x0000028D91623F60>
  File "D:\Dev\repos\advanced-memory-mcp\.venv\Lib\site-packages\click\core.py", line 1226, in invoke
    return ctx.invoke(self.callback, **ctx.params)
           |   |      |    |           |   -> {'verbose': True}
           |   |      |    |           -> <click.core.Context object at 0x0000028D90294AD0>
           |   |      |    -> <function sync at 0x0000028D901FF240>
           |   |      -> <TyperCommand sync>
           |   -> <function Context.invoke at 0x0000028D8E525760>
           -> <click.core.Context object at 0x0000028D90294AD0>
  File "D:\Dev\repos\advanced-memory-mcp\.venv\Lib\site-packages\click\core.py", line 794, in invoke
    return callback(*args, **kwargs)
           |         |       -> {'verbose': True}
           |         -> ()
           -> <function sync at 0x0000028D901FF240>
  File "D:\Dev\repos\advanced-memory-mcp\.venv\Lib\site-packages\typer\main.py", line 699, in wrapper
    return callback(**use_params)
           |          -> {'verbose': True}
           -> <function sync at 0x0000028D8F89E7A0>

> File "D:\Dev\repos\advanced-memory-mcp\src\advanced_memory\cli\commands\sync.py", line 297, in sync
    asyncio.run(run_sync(verbose=verbose))
    |       |   |                -> True
    |       |   -> <AsyncMock name='run_sync' id='2807041083536'>
    |       -> <function run at 0x0000028D8BA21F80>
    -> <module 'asyncio' from 'C:\\Users\\sandr\\AppData\\Roaming\\uv\\python\\cpython-3.12.9-windows-x86_64-none\\Lib\\asyncio\\__i...

  File "C:\Users\sandr\AppData\Roaming\uv\python\cpython-3.12.9-windows-x86_64-none\Lib\asyncio\runners.py", line 195, in run
    return runner.run(main)
           |      |   -> <coroutine object AsyncMockMixin._execute_mock_call at 0x0000028D908E8B40>
           |      -> <function Runner.run at 0x0000028D8BA858A0>
           -> <asyncio.runners.Runner object at 0x0000028D90295490>
  File "C:\Users\sandr\AppData\Roaming\uv\python\cpython-3.12.9-windows-x86_64-none\Lib\asyncio\runners.py", line 118, in run
    return self._loop.run_until_complete(task)
           |    |                        -> <Task finished name='Task-2975' coro=<AsyncMockMixin._execute_mock_call() done, defined at C:\Users\sandr\AppData\Roaming\uv\...
           |    -> None
           -> <asyncio.runners.Runner object at 0x0000028D90295490>
  File "C:\Users\sandr\AppData\Roaming\uv\python\cpython-3.12.9-windows-x86_64-none\Lib\asyncio\base_events.py", line 691, in run_until_complete
    return future.result()
           |      -> <method 'result' of '_asyncio.Task' objects>
           -> <Task finished name='Task-2975' coro=<AsyncMockMixin._execute_mock_call() done, defined at C:\Users\sandr\AppData\Roaming\uv\...
  File "C:\Users\sandr\AppData\Roaming\uv\python\cpython-3.12.9-windows-x86_64-none\Lib\unittest\mock.py", line 2291, in _execute_mock_call
    raise effect
          -> Exception('Sync failed')

Exception: Sync failed
...
tests\cli\test_version.py .
tests\cli\test_zettelkasten_imports.py ..
2025-10-17 06:21:30,671 - test_importer_base - ERROR - Test error message
2025-10-17 06:21:30,671 - test_importer_base - ERROR - Error occurred: Test exception
tests\importers\test_importer_base.py ...
2025-10-17 06:21:30,754 - mcp.server.lowlevel.server - INFO - Processing request of type CallToolRequest
2025-10-17 06:21:30,915 - mcp.server.lowlevel.server - INFO - Warning: DeprecationWarning: The default datetime adapter is deprecated as of Python 3.12; see the sqlite3 documentation for suggested replacement recipes
2025-10-17 06:21:30,916 - mcp.server.lowlevel.server - INFO - Warning: DeprecationWarning: The default datetime adapter is deprecated as of Python 3.12; see the sqlite3 documentation for suggested replacement recipes
2025-10-17 06:21:30,916 - mcp.server.lowlevel.server - INFO - Processing request of type ListToolsRequest
2025-10-17 06:21:30,920 - mcp.server.lowlevel.server - INFO - Processing request of type CallToolRequest
2025-10-17 06:21:30,998 - mcp.server.lowlevel.server - INFO - Processing request of type CallToolRequest
2025-10-17 06:21:31,067 - mcp.server.lowlevel.server - INFO - Processing request of type CallToolRequest
2025-10-17 06:21:31,223 - mcp.server.lowlevel.server - INFO - Processing request of type CallToolRequest
[10/17/25 06:21:31] ERROR    Error calling tool             tool_manager.py:193
                             'build_context'
                             +- Traceback (most recent ca-+
                             | D:\Dev\repos\advanced-memo |
                             | ry-mcp\.venv\Lib\site-pack |
                             | ages\fastmcp\tools\tool_ma |
                             | nager.py:184 in call_tool  |
                             |                            |
                             |   181                 rais |
                             |   182                      |
                             |   183             try:     |
                             | > 184                 retu |
                             |   185                      |
                             |   186             # raise  |
                             |   187             except T |
                             |                            |
                             | D:\Dev\repos\advanced-memo |
                             | ry-mcp\.venv\Lib\site-pack |
                             | ages\fastmcp\tools\tool.py |
                             | :273 in run                |
                             |                            |
                             |   270             argument |
                             |   271                      |
                             |   272         type_adapter |
                             | > 273         result = typ |
                             |   274                      |
                             |   275         if inspect.i |
                             |   276             result = |
                             |                            |
                             | D:\Dev\repos\advanced-memo |
                             | ry-mcp\.venv\Lib\site-pack |
                             | ages\pydantic\type_adapter |
                             | .py:421 in validate_python |
                             |                            |
                             |   418                 code |
                             |   419             )        |
                             |   420                      |
                             | > 421         return self. |
                             |   422             object,  |
                             |   423             strict=s |
                             |   424             from_att |
                             +----------------------------+
                             ValidationError: 1 validation
                             error for call[build_context]
                             url
                               Value error, Invalid memory
                             URL path: 'memory//test'
                             contains double slashes
                             [type=value_error,
                             input_value='memory//test',
                             input_type=str]
                                 For further information
                             visit
                             https://errors.pydantic.dev/2.
                             11/v/value_error
2025-10-17 06:21:31,309 - mcp.server.lowlevel.server - INFO - Processing request of type CallToolRequest
                    ERROR    Error calling tool             tool_manager.py:193
                             'build_context'
                             +- Traceback (most recent ca-+
                             | D:\Dev\repos\advanced-memo |
                             | ry-mcp\.venv\Lib\site-pack |
                             | ages\fastmcp\tools\tool_ma |
                             | nager.py:184 in call_tool  |
                             |                            |
                             |   181                 rais |
                             |   182                      |
                             |   183             try:     |
                             | > 184                 retu |
                             |   185                      |
                             |   186             # raise  |
                             |   187             except T |
                             |                            |
                             | D:\Dev\repos\advanced-memo |
                             | ry-mcp\.venv\Lib\site-pack |
                             | ages\fastmcp\tools\tool.py |
                             | :273 in run                |
                             |                            |
                             |   270             argument |
                             |   271                      |
                             |   272         type_adapter |
                             | > 273         result = typ |
                             |   274                      |
                             |   275         if inspect.i |
                             |   276             result = |
                             |                            |
                             | D:\Dev\repos\advanced-memo |
                             | ry-mcp\.venv\Lib\site-pack |
                             | ages\pydantic\type_adapter |
                             | .py:421 in validate_python |
                             |                            |
                             |   418                 code |
                             |   419             )        |
                             |   420                      |
                             | > 421         return self. |
                             |   422             object,  |
                             |   423             strict=s |
                             |   424             from_att |
                             +----------------------------+
                             ValidationError: 1 validation
                             error for call[build_context]
                             url
                               Value error, Invalid memory
                             URL path: 'invalid://test'
                             contains protocol scheme
                             [type=value_error,
                             input_value='invalid://test',
                             input_type=str]
                                 For further information
                             visit
                             https://errors.pydantic.dev/2.
                             11/v/value_error
2025-10-17 06:21:31,365 - mcp.server.lowlevel.server - INFO - Processing request of type CallToolRequest
                    ERROR    Error calling tool             tool_manager.py:193
                             'build_context'
                             +- Traceback (most recent ca-+
                             | D:\Dev\repos\advanced-memo |
                             | ry-mcp\.venv\Lib\site-pack |
                             | ages\fastmcp\tools\tool_ma |
                             | nager.py:184 in call_tool  |
                             |                            |
                             |   181                 rais |
                             |   182                      |
                             |   183             try:     |
                             | > 184                 retu |
                             |   185                      |
                             |   186             # raise  |
                             |   187             except T |
                             |                            |
                             | D:\Dev\repos\advanced-memo |
                             | ry-mcp\.venv\Lib\site-pack |
                             | ages\fastmcp\tools\tool.py |
                             | :273 in run                |
                             |                            |
                             |   270             argument |
                             |   271                      |
                             |   272         type_adapter |
                             | > 273         result = typ |
                             |   274                      |
                             |   275         if inspect.i |
                             |   276             result = |
                             |                            |
                             | D:\Dev\repos\advanced-memo |
                             | ry-mcp\.venv\Lib\site-pack |
                             | ages\pydantic\type_adapter |
                             | .py:421 in validate_python |
                             |                            |
                             |   418                 code |
                             |   419             )        |
                             |   420                      |
                             | > 421         return self. |
                             |   422             object,  |
                             |   423             strict=s |
                             |   424             from_att |
                             +----------------------------+
                             ValidationError: 1 validation
                             error for call[build_context]
                             url
                               Value error, Invalid memory
                             URL path: 'notes<brackets>'
                             contains invalid characters
                             [type=value_error,
                             input_value='notes<brackets>',
                             input_type=str]
                                 For further information
                             visit
                             https://errors.pydantic.dev/2.
                             11/v/value_error
2025-10-17 06:21:31,423 - mcp.server.lowlevel.server - INFO - Processing request of type CallToolRequest
                    ERROR    Error calling tool             tool_manager.py:193
                             'build_context'
                             +- Traceback (most recent ca-+
                             | D:\Dev\repos\advanced-memo |
                             | ry-mcp\.venv\Lib\site-pack |
                             | ages\fastmcp\tools\tool_ma |
                             | nager.py:184 in call_tool  |
                             |                            |
                             |   181                 rais |
                             |   182                      |
                             |   183             try:     |
                             | > 184                 retu |
                             |   185                      |
                             |   186             # raise  |
                             |   187             except T |
                             |                            |
                             | D:\Dev\repos\advanced-memo |
                             | ry-mcp\.venv\Lib\site-pack |
                             | ages\fastmcp\tools\tool.py |
                             | :273 in run                |
                             |                            |
                             |   270             argument |
                             |   271                      |
                             |   272         type_adapter |
                             | > 273         result = typ |
                             |   274                      |
                             |   275         if inspect.i |
                             |   276             result = |
                             |                            |
                             | D:\Dev\repos\advanced-memo |
                             | ry-mcp\.venv\Lib\site-pack |
                             | ages\pydantic\type_adapter |
                             | .py:421 in validate_python |
                             |                            |
                             |   418                 code |
                             |   419             )        |
                             |   420                      |
                             | > 421         return self. |
                             |   422             object,  |
                             |   423             strict=s |
                             |   424             from_att |
                             +----------------------------+
                             ValidationError: 1 validation
                             error for call[build_context]
                             url
                               Value error, Invalid memory
                             URL path: 'notes"quotes"'
                             contains invalid characters
                             [type=value_error,
                             input_value='notes"quotes"',
                             input_type=str]
                                 For further information
                             visit
                             https://errors.pydantic.dev/2.
                             11/v/value_error
2025-10-17 06:21:31,563 - mcp.server.lowlevel.server - INFO - Processing request of type CallToolRequest
2025-10-17 06:21:31,567 - mcp.server.lowlevel.server - INFO - Processing request of type CallToolRequest
                    ERROR    Error calling tool             tool_manager.py:193
                             'build_context'
                             +- Traceback (most recent ca-+
                             | D:\Dev\repos\advanced-memo |
                             | ry-mcp\.venv\Lib\site-pack |
                             | ages\fastmcp\tools\tool_ma |
                             | nager.py:184 in call_tool  |
                             |                            |
                             |   181                 rais |
                             |   182                      |
                             |   183             try:     |
                             | > 184                 retu |
                             |   185                      |
                             |   186             # raise  |
                             |   187             except T |
                             |                            |
                             | D:\Dev\repos\advanced-memo |
                             | ry-mcp\.venv\Lib\site-pack |
                             | ages\fastmcp\tools\tool.py |
                             | :273 in run                |
                             |                            |
                             |   270             argument |
                             |   271                      |
                             |   272         type_adapter |
                             | > 273         result = typ |
                             |   274                      |
                             |   275         if inspect.i |
                             |   276             result = |
                             |                            |
                             | D:\Dev\repos\advanced-memo |
                             | ry-mcp\.venv\Lib\site-pack |
                             | ages\pydantic\type_adapter |
                             | .py:421 in validate_python |
                             |                            |
                             |   418                 code |
                             |   419             )        |
                             |   420                      |
                             | > 421         return self. |
                             |   422             object,  |
                             |   423             strict=s |
                             |   424             from_att |
                             +----------------------------+
                             ValidationError: 1 validation
                             error for call[build_context]
                             url
                               Value error, Memory URL path
                             cannot be empty or whitespace
                             [type=value_error,
                             input_value='   ',
                             input_type=str]
                                 For further information
                             visit
                             https://errors.pydantic.dev/2.
                             11/v/value_error
2025-10-17 06:21:31,705 - mcp.server.lowlevel.server - INFO - Processing request of type CallToolRequest
2025-10-17 06:21:31,743 - mcp.server.lowlevel.server - INFO - Processing request of type ListToolsRequest
2025-10-17 06:21:31,767 - mcp.server.lowlevel.server - INFO - Processing request of type CallToolRequest
2025-10-17 06:21:31,833 - mcp.server.lowlevel.server - INFO - Processing request of type CallToolRequest
2025-10-17 06:21:31,990 - mcp.server.lowlevel.server - INFO - Processing request of type CallToolRequest
                    ERROR    Error calling tool             tool_manager.py:193
                             'build_context'
                             +- Traceback (most recent ca-+
                             | D:\Dev\repos\advanced-memo |
                             | ry-mcp\.venv\Lib\site-pack |
                             | ages\fastmcp\tools\tool_ma |
                             | nager.py:184 in call_tool  |
                             |                            |
                             |   181                 rais |
                             |   182                      |
                             |   183             try:     |
                             | > 184                 retu |
                             |   185                      |
                             |   186             # raise  |
                             |   187             except T |
                             |                            |
                             | D:\Dev\repos\advanced-memo |
                             | ry-mcp\.venv\Lib\site-pack |
                             | ages\fastmcp\tools\tool.py |
                             | :273 in run                |
                             |                            |
                             |   270             argument |
                             |   271                      |
                             |   272         type_adapter |
                             | > 273         result = typ |
                             |   274                      |
                             |   275         if inspect.i |
                             |   276             result = |
                             |                            |
                             | D:\Dev\repos\advanced-memo |
                             | ry-mcp\.venv\Lib\site-pack |
                             | ages\pydantic\type_adapter |
                             | .py:421 in validate_python |
                             |                            |
                             |   418                 code |
                             |   419             )        |
                             |   420                      |
                             | > 421         return self. |
                             |   422             object,  |
                             |   423             strict=s |
                             |   424             from_att |
                             +----------------------------+
                             ValidationError: 1 validation
                             error for call[build_context]
                             url
                               Value error, Invalid memory
                             URL path: 'memory//bad'
                             contains double slashes
                             [type=value_error,
                             input_value='memory//bad',
                             input_type=str]
                                 For further information
                             visit
                             https://errors.pydantic.dev/2.
                             11/v/value_error
2025-10-17 06:21:32,236 - mcp.server.lowlevel.server - INFO - Warning: RuntimeWarning: coroutine 'initialize_app' was never awaited
2025-10-17 06:21:32,236 - mcp.server.lowlevel.server - INFO - Warning: RuntimeWarning: coroutine 'call_get' was never awaited
2025-10-17 06:21:32,236 - mcp.server.lowlevel.server - INFO - Warning: RuntimeWarning: coroutine 'call_post' was never awaited
2025-10-17 06:21:32,236 - mcp.server.lowlevel.server - INFO - Warning: RuntimeWarning: coroutine 'call_delete' was never awaited
2025-10-17 06:21:32,236 - mcp.server.lowlevel.server - INFO - Warning: RuntimeWarning: coroutine 'call_put' was never awaited
2025-10-17 06:21:32,237 - mcp.server.lowlevel.server - INFO - Processing request of type CallToolRequest
[10/17/25 06:21:32] ERROR    Error calling tool             tool_manager.py:193
                             'build_context'
                             +- Traceback (most recent ca-+
                             | D:\Dev\repos\advanced-memo |
                             | ry-mcp\.venv\Lib\site-pack |
                             | ages\fastmcp\tools\tool_ma |
                             | nager.py:184 in call_tool  |
                             |                            |
                             |   181                 rais |
                             |   182                      |
                             |   183             try:     |
                             | > 184                 retu |
                             |   185                      |
                             |   186             # raise  |
                             |   187             except T |
                             |                            |
                             | D:\Dev\repos\advanced-memo |
                             | ry-mcp\.venv\Lib\site-pack |
                             | ages\fastmcp\tools\tool.py |
                             | :273 in run                |
                             |                            |
                             |   270             argument |
                             |   271                      |
                             |   272         type_adapter |
                             | > 273         result = typ |
                             |   274                      |
                             |   275         if inspect.i |
                             |   276             result = |
                             |                            |
                             | D:\Dev\repos\advanced-memo |
                             | ry-mcp\.venv\Lib\site-pack |
                             | ages\pydantic\type_adapter |
                             | .py:421 in validate_python |
                             |                            |
                             |   418                 code |
                             |   419             )        |
                             |   420                      |
                             | > 421         return self. |
                             |   422             object,  |
                             |   423             strict=s |
                             |   424             from_att |
                             +----------------------------+
                             ValidationError: 1 validation
                             error for call[build_context]
                             url
                               Value error, Invalid memory
                             URL path: 'http://example.com'
                             contains protocol scheme
                             [type=value_error,
                             input_value='http://example.co
                             m', input_type=str]
                                 For further information
                             visit
                             https://errors.pydantic.dev/2.
                             11/v/value_error
2025-10-17 06:21:32,399 - mcp.server.lowlevel.server - INFO - Processing request of type CallToolRequest
2025-10-17 06:21:32,540 - mcp.server.lowlevel.server - INFO - Warning: DeprecationWarning: The default datetime adapter is deprecated as of Python 3.12; see the sqlite3 documentation for suggested replacement recipes
2025-10-17 06:21:32,540 - mcp.server.lowlevel.server - INFO - Warning: DeprecationWarning: The default datetime adapter is deprecated as of Python 3.12; see the sqlite3 documentation for suggested replacement recipes
2025-10-17 06:21:32,540 - mcp.server.lowlevel.server - INFO - Processing request of type ListToolsRequest
2025-10-17 06:21:32,543 - mcp.server.lowlevel.server - INFO - Processing request of type CallToolRequest
2025-10-17 06:21:32,727 - mcp.server.lowlevel.server - INFO - Warning: DeprecationWarning: The default datetime adapter is deprecated as of Python 3.12; see the sqlite3 documentation for suggested replacement recipes
2025-10-17 06:21:32,727 - mcp.server.lowlevel.server - INFO - Warning: DeprecationWarning: The default datetime adapter is deprecated as of Python 3.12; see the sqlite3 documentation for suggested replacement recipes
2025-10-17 06:21:32,729 - mcp.server.lowlevel.server - INFO - Processing request of type CallToolRequest
2025-10-17 06:21:32,999 - mcp.server.lowlevel.server - INFO - Warning: DeprecationWarning: The default datetime adapter is deprecated as of Python 3.12; see the sqlite3 documentation for suggested replacement recipes
2025-10-17 06:21:32,999 - mcp.server.lowlevel.server - INFO - Warning: DeprecationWarning: The default datetime adapter is deprecated as of Python 3.12; see the sqlite3 documentation for suggested replacement recipes
2025-10-17 06:21:33,000 - mcp.server.lowlevel.server - INFO - Processing request of type CallToolRequest
tests\integration\mcp\test_build_context_validation.py ......
2025-10-17 06:21:33,191 - mcp.server.lowlevel.server - INFO - Processing request of type CallToolRequest
2025-10-17 06:21:33,413 - mcp.server.lowlevel.server - INFO - Warning: DeprecationWarning: The default datetime adapter is deprecated as of Python 3.12; see the sqlite3 documentation for suggested replacement recipes
2025-10-17 06:21:33,413 - mcp.server.lowlevel.server - INFO - Warning: DeprecationWarning: The default datetime adapter is deprecated as of Python 3.12; see the sqlite3 documentation for suggested replacement recipes
2025-10-17 06:21:33,413 - mcp.server.lowlevel.server - INFO - Processing request of type ListToolsRequest
2025-10-17 06:21:33,417 - mcp.server.lowlevel.server - INFO - Processing request of type CallToolRequest
2025-10-17 06:21:33,482 - mcp.server.lowlevel.server - INFO - Processing request of type CallToolRequest
2025-10-17 06:21:33,568 - mcp.server.lowlevel.server - INFO - Processing request of type CallToolRequest
2025-10-17 06:21:33,864 - mcp.server.lowlevel.server - INFO - Processing request of type CallToolRequest
2025-10-17 06:21:34,067 - mcp.server.lowlevel.server - INFO - Warning: DeprecationWarning: The default datetime adapter is deprecated as of Python 3.12; see the sqlite3 documentation for suggested replacement recipes
2025-10-17 06:21:34,068 - mcp.server.lowlevel.server - INFO - Warning: DeprecationWarning: The default datetime adapter is deprecated as of Python 3.12; see the sqlite3 documentation for suggested replacement recipes
2025-10-17 06:21:34,068 - mcp.server.lowlevel.server - INFO - Processing request of type ListToolsRequest
2025-10-17 06:21:34,072 - mcp.server.lowlevel.server - INFO - Processing request of type CallToolRequest
2025-10-17 06:21:34,141 - mcp.server.lowlevel.server - INFO - Processing request of type CallToolRequest
2025-10-17 06:21:34,285 - mcp.server.lowlevel.server - INFO - Processing request of type CallToolRequest
2025-10-17 06:21:34,559 - mcp.server.lowlevel.server - INFO - Warning: DeprecationWarning: The default datetime adapter is deprecated as of Python 3.12; see the sqlite3 documentation for suggested replacement recipes
2025-10-17 06:21:34,559 - mcp.server.lowlevel.server - INFO - Warning: DeprecationWarning: The default datetime adapter is deprecated as of Python 3.12; see the sqlite3 documentation for suggested replacement recipes
2025-10-17 06:21:34,559 - mcp.server.lowlevel.server - INFO - Warning: DeprecationWarning: The default datetime adapter is deprecated as of Python 3.12; see the sqlite3 documentation for suggested replacement recipes
2025-10-17 06:21:34,559 - mcp.server.lowlevel.server - INFO - Warning: DeprecationWarning: The default datetime adapter is deprecated as of Python 3.12; see the sqlite3 documentation for suggested replacement recipes
2025-10-17 06:21:34,559 - mcp.server.lowlevel.server - INFO - Warning: DeprecationWarning: The default datetime adapter is deprecated as of Python 3.12; see the sqlite3 documentation for suggested replacement recipes
2025-10-17 06:21:34,559 - mcp.server.lowlevel.server - INFO - Warning: DeprecationWarning: The default datetime adapter is deprecated as of Python 3.12; see the sqlite3 documentation for suggested replacement recipes
2025-10-17 06:21:34,559 - mcp.server.lowlevel.server - INFO - Warning: DeprecationWarning: The default datetime adapter is deprecated as of Python 3.12; see the sqlite3 documentation for suggested replacement recipes
2025-10-17 06:21:34,559 - mcp.server.lowlevel.server - INFO - Warning: DeprecationWarning: The default datetime adapter is deprecated as of Python 3.12; see the sqlite3 documentation for suggested replacement recipes
2025-10-17 06:21:34,559 - mcp.server.lowlevel.server - INFO - Warning: DeprecationWarning: The default datetime adapter is deprecated as of Python 3.12; see the sqlite3 documentation for suggested replacement recipes
2025-10-17 06:21:34,559 - mcp.server.lowlevel.server - INFO - Warning: DeprecationWarning: The default datetime adapter is deprecated as of Python 3.12; see the sqlite3 documentation for suggested replacement recipes
2025-10-17 06:21:34,561 - mcp.server.lowlevel.server - INFO - Warning: DeprecationWarning: The default datetime adapter is deprecated as of Python 3.12; see the sqlite3 documentation for suggested replacement recipes
2025-10-17 06:21:34,561 - mcp.server.lowlevel.server - INFO - Warning: DeprecationWarning: The default datetime adapter is deprecated as of Python 3.12; see the sqlite3 documentation for suggested replacement recipes
2025-10-17 06:21:34,561 - mcp.server.lowlevel.server - INFO - Warning: DeprecationWarning: The default datetime adapter is deprecated as of Python 3.12; see the sqlite3 documentation for suggested replacement recipes
2025-10-17 06:21:34,561 - mcp.server.lowlevel.server - INFO - Warning: DeprecationWarning: The default datetime adapter is deprecated as of Python 3.12; see the sqlite3 documentation for suggested replacement recipes
2025-10-17 06:21:34,561 - mcp.server.lowlevel.server - INFO - Warning: DeprecationWarning: The default datetime adapter is deprecated as of Python 3.12; see the sqlite3 documentation for suggested replacement recipes
2025-10-17 06:21:34,561 - mcp.server.lowlevel.server - INFO - Warning: DeprecationWarning: The default datetime adapter is deprecated as of Python 3.12; see the sqlite3 documentation for suggested replacement recipes
2025-10-17 06:21:34,561 - mcp.server.lowlevel.server - INFO - Processing request of type ListToolsRequest
2025-10-17 06:21:34,563 - mcp.server.lowlevel.server - INFO - Processing request of type CallToolRequest
2025-10-17 06:21:34,619 - mcp.server.lowlevel.server - INFO - Processing request of type CallToolRequest
2025-10-17 06:21:34,702 - mcp.server.lowlevel.server - INFO - Processing request of type CallToolRequest
2025-10-17 06:21:34,980 - mcp.server.lowlevel.server - INFO - Processing request of type CallToolRequest
2025-10-17 06:21:35,146 - mcp.server.lowlevel.server - INFO - Warning: DeprecationWarning: The default datetime adapter is deprecated as of Python 3.12; see the sqlite3 documentation for suggested replacement recipes
2025-10-17 06:21:35,146 - mcp.server.lowlevel.server - INFO - Warning: DeprecationWarning: The default datetime adapter is deprecated as of Python 3.12; see the sqlite3 documentation for suggested replacement recipes
2025-10-17 06:21:35,148 - mcp.server.lowlevel.server - INFO - Processing request of type ListToolsRequest
2025-10-17 06:21:35,152 - mcp.server.lowlevel.server - INFO - Processing request of type CallToolRequest
2025-10-17 06:21:35,355 - mcp.server.lowlevel.server - INFO - Warning: DeprecationWarning: The default datetime adapter is deprecated as of Python 3.12; see the sqlite3 documentation for suggested replacement recipes
2025-10-17 06:21:35,355 - mcp.server.lowlevel.server - INFO - Warning: DeprecationWarning: The default datetime adapter is deprecated as of Python 3.12; see the sqlite3 documentation for suggested replacement recipes
2025-10-17 06:21:35,357 - mcp.server.lowlevel.server - INFO - Processing request of type CallToolRequest
2025-10-17 06:21:35,711 - mcp.server.lowlevel.server - INFO - Warning: DeprecationWarning: The default datetime adapter is deprecated as of Python 3.12; see the sqlite3 documentation for suggested replacement recipes
2025-10-17 06:21:35,711 - mcp.server.lowlevel.server - INFO - Warning: DeprecationWarning: The default datetime adapter is deprecated as of Python 3.12; see the sqlite3 documentation for suggested replacement recipes
2025-10-17 06:21:35,713 - mcp.server.lowlevel.server - INFO - Processing request of type CallToolRequest
2025-10-17 06:21:35,888 - mcp.server.lowlevel.server - INFO - Warning: DeprecationWarning: The default datetime adapter is deprecated as of Python 3.12; see the sqlite3 documentation for suggested replacement recipes
2025-10-17 06:21:35,888 - mcp.server.lowlevel.server - INFO - Warning: DeprecationWarning: The default datetime adapter is deprecated as of Python 3.12; see the sqlite3 documentation for suggested replacement recipes
2025-10-17 06:21:35,892 - mcp.server.lowlevel.server - INFO - Processing request of type CallToolRequest
2025-10-17 06:21:36,052 - mcp.server.lowlevel.server - INFO - Warning: DeprecationWarning: The default datetime adapter is deprecated as of Python 3.12; see the sqlite3 documentation for suggested replacement recipes
2025-10-17 06:21:36,052 - mcp.server.lowlevel.server - INFO - Warning: DeprecationWarning: The default datetime adapter is deprecated as of Python 3.12; see the sqlite3 documentation for suggested replacement recipes
2025-10-17 06:21:36,054 - mcp.server.lowlevel.server - INFO - Processing request of type CallToolRequest
2025-10-17 06:21:36,121 - mcp.server.lowlevel.server - INFO - Processing request of type CallToolRequest
2025-10-17 06:21:36,287 - mcp.server.lowlevel.server - INFO - Processing request of type CallToolRequest
2025-10-17 06:21:36,353 - mcp.server.lowlevel.server - INFO - Processing request of type CallToolRequest
2025-10-17 06:21:36,462 - mcp.server.lowlevel.server - INFO - Processing request of type CallToolRequest
2025-10-17 06:21:36,525 - mcp.server.lowlevel.server - INFO - Processing request of type CallToolRequest
2025-10-17 06:21:36,631 - mcp.server.lowlevel.server - INFO - Processing request of type CallToolRequest
2025-10-17 06:21:36,696 - mcp.server.lowlevel.server - INFO - Processing request of type CallToolRequest
2025-10-17 06:21:36,852 - mcp.server.lowlevel.server - INFO - Processing request of type CallToolRequest
2025-10-17 06:21:36,915 - mcp.server.lowlevel.server - INFO - Processing request of type CallToolRequest
2025-10-17 06:21:37,182 - mcp.server.lowlevel.server - INFO - Processing request of type CallToolRequest
2025-10-17 06:21:37,232 - mcp.server.lowlevel.server - INFO - Processing request of type ListToolsRequest
2025-10-17 06:21:37,324 - mcp.server.lowlevel.server - INFO - Processing request of type CallToolRequest
2025-10-17 06:21:37,476 - mcp.server.lowlevel.server - INFO - Warning: DeprecationWarning: The default datetime adapter is deprecated as of Python 3.12; see the sqlite3 documentation for suggested replacement recipes
2025-10-17 06:21:37,476 - mcp.server.lowlevel.server - INFO - Warning: DeprecationWarning: The default datetime adapter is deprecated as of Python 3.12; see the sqlite3 documentation for suggested replacement recipes
2025-10-17 06:21:37,476 - mcp.server.lowlevel.server - INFO - Processing request of type ListToolsRequest
2025-10-17 06:21:37,479 - mcp.server.lowlevel.server - INFO - Processing request of type CallToolRequest
2025-10-17 06:21:37,550 - mcp.server.lowlevel.server - INFO - Processing request of type CallToolRequest
2025-10-17 06:21:37,794 - mcp.server.lowlevel.server - INFO - Processing request of type CallToolRequest
2025-10-17 06:21:37,956 - mcp.server.lowlevel.server - INFO - Warning: DeprecationWarning: The default datetime adapter is deprecated as of Python 3.12; see the sqlite3 documentation for suggested replacement recipes
2025-10-17 06:21:37,956 - mcp.server.lowlevel.server - INFO - Warning: DeprecationWarning: The default datetime adapter is deprecated as of Python 3.12; see the sqlite3 documentation for suggested replacement recipes
2025-10-17 06:21:37,957 - mcp.server.lowlevel.server - INFO - Processing request of type ListToolsRequest
2025-10-17 06:21:37,959 - mcp.server.lowlevel.server - INFO - Processing request of type CallToolRequest
2025-10-17 06:21:38,128 - mcp.server.lowlevel.server - INFO - Processing request of type CallToolRequest
2025-10-17 06:21:38,286 - mcp.server.lowlevel.server - INFO - Warning: DeprecationWarning: The default datetime adapter is deprecated as of Python 3.12; see the sqlite3 documentation for suggested replacement recipes
2025-10-17 06:21:38,287 - mcp.server.lowlevel.server - INFO - Warning: DeprecationWarning: The default datetime adapter is deprecated as of Python 3.12; see the sqlite3 documentation for suggested replacement recipes
2025-10-17 06:21:38,287 - mcp.server.lowlevel.server - INFO - Processing request of type ListToolsRequest
2025-10-17 06:21:38,289 - mcp.server.lowlevel.server - INFO - Processing request of type CallToolRequest
2025-10-17 06:21:38,440 - mcp.server.lowlevel.server - INFO - Warning: DeprecationWarning: The default datetime adapter is deprecated as of Python 3.12; see the sqlite3 documentation for suggested replacement recipes
2025-10-17 06:21:38,440 - mcp.server.lowlevel.server - INFO - Warning: DeprecationWarning: The default datetime adapter is deprecated as of Python 3.12; see the sqlite3 documentation for suggested replacement recipes
2025-10-17 06:21:38,441 - mcp.server.lowlevel.server - INFO - Processing request of type CallToolRequest
2025-10-17 06:21:38,594 - mcp.server.lowlevel.server - INFO - Warning: DeprecationWarning: The default datetime adapter is deprecated as of Python 3.12; see the sqlite3 documentation for suggested replacement recipes
2025-10-17 06:21:38,594 - mcp.server.lowlevel.server - INFO - Warning: DeprecationWarning: The default datetime adapter is deprecated as of Python 3.12; see the sqlite3 documentation for suggested replacement recipes
2025-10-17 06:21:38,596 - mcp.server.lowlevel.server - INFO - Processing request of type CallToolRequest
2025-10-17 06:21:38,757 - mcp.server.lowlevel.server - INFO - Warning: DeprecationWarning: The default datetime adapter is deprecated as of Python 3.12; see the sqlite3 documentation for suggested replacement recipes
2025-10-17 06:21:38,757 - mcp.server.lowlevel.server - INFO - Warning: DeprecationWarning: The default datetime adapter is deprecated as of Python 3.12; see the sqlite3 documentation for suggested replacement recipes
2025-10-17 06:21:38,758 - mcp.server.lowlevel.server - INFO - Processing request of type CallToolRequest
2025-10-17 06:21:38,926 - mcp.server.lowlevel.server - INFO - Warning: DeprecationWarning: The default datetime adapter is deprecated as of Python 3.12; see the sqlite3 documentation for suggested replacement recipes
2025-10-17 06:21:38,927 - mcp.server.lowlevel.server - INFO - Warning: DeprecationWarning: The default datetime adapter is deprecated as of Python 3.12; see the sqlite3 documentation for suggested replacement recipes
2025-10-17 06:21:38,928 - mcp.server.lowlevel.server - INFO - Processing request of type CallToolRequest
2025-10-17 06:21:39,000 - mcp.server.lowlevel.server - INFO - Processing request of type CallToolRequest
2025-10-17 06:21:39,069 - mcp.server.lowlevel.server - INFO - Processing request of type CallToolRequest
2025-10-17 06:21:39,147 - mcp.server.lowlevel.server - INFO - Processing request of type CallToolRequest
2025-10-17 06:21:39,407 - mcp.server.lowlevel.server - INFO - Processing request of type CallToolRequest
2025-10-17 06:21:39,467 - mcp.server.lowlevel.server - INFO - Processing request of type CallToolRequest
2025-10-17 06:21:39,609 - mcp.server.lowlevel.server - INFO - Processing request of type CallToolRequest
2025-10-17 06:21:39,840 - mcp.server.lowlevel.server - INFO - Warning: DeprecationWarning: The default datetime adapter is deprecated as of Python 3.12; see the sqlite3 documentation for suggested replacement recipes
2025-10-17 06:21:39,840 - mcp.server.lowlevel.server - INFO - Warning: DeprecationWarning: The default datetime adapter is deprecated as of Python 3.12; see the sqlite3 documentation for suggested replacement recipes
2025-10-17 06:21:39,840 - mcp.server.lowlevel.server - INFO - Warning: DeprecationWarning: The default datetime adapter is deprecated as of Python 3.12; see the sqlite3 documentation for suggested replacement recipes
2025-10-17 06:21:39,840 - mcp.server.lowlevel.server - INFO - Warning: DeprecationWarning: The default datetime adapter is deprecated as of Python 3.12; see the sqlite3 documentation for suggested replacement recipes
2025-10-17 06:21:39,840 - mcp.server.lowlevel.server - INFO - Warning: DeprecationWarning: The default datetime adapter is deprecated as of Python 3.12; see the sqlite3 documentation for suggested replacement recipes
2025-10-17 06:21:39,840 - mcp.server.lowlevel.server - INFO - Warning: DeprecationWarning: The default datetime adapter is deprecated as of Python 3.12; see the sqlite3 documentation for suggested replacement recipes
2025-10-17 06:21:39,840 - mcp.server.lowlevel.server - INFO - Warning: DeprecationWarning: The default datetime adapter is deprecated as of Python 3.12; see the sqlite3 documentation for suggested replacement recipes
2025-10-17 06:21:39,840 - mcp.server.lowlevel.server - INFO - Warning: DeprecationWarning: The default datetime adapter is deprecated as of Python 3.12; see the sqlite3 documentation for suggested replacement recipes
2025-10-17 06:21:39,840 - mcp.server.lowlevel.server - INFO - Warning: DeprecationWarning: The default datetime adapter is deprecated as of Python 3.12; see the sqlite3 documentation for suggested replacement recipes
2025-10-17 06:21:39,840 - mcp.server.lowlevel.server - INFO - Warning: DeprecationWarning: The default datetime adapter is deprecated as of Python 3.12; see the sqlite3 documentation for suggested replacement recipes
2025-10-17 06:21:39,841 - mcp.server.lowlevel.server - INFO - Processing request of type ListToolsRequest
2025-10-17 06:21:39,844 - mcp.server.lowlevel.server - INFO - Processing request of type CallToolRequest
2025-10-17 06:21:39,939 - mcp.server.lowlevel.server - INFO - Processing request of type CallToolRequest
tests\integration\mcp\test_delete_note_integration.py .........
2025-10-17 06:21:40,184 - mcp.server.lowlevel.server - INFO - Processing request of type CallToolRequest
2025-10-17 06:21:40,357 - mcp.server.lowlevel.server - INFO - Warning: DeprecationWarning: The default datetime adapter is deprecated as of Python 3.12; see the sqlite3 documentation for suggested replacement recipes
2025-10-17 06:21:40,357 - mcp.server.lowlevel.server - INFO - Warning: DeprecationWarning: The default datetime adapter is deprecated as of Python 3.12; see the sqlite3 documentation for suggested replacement recipes
2025-10-17 06:21:40,358 - mcp.server.lowlevel.server - INFO - Processing request of type ListToolsRequest
2025-10-17 06:21:40,361 - mcp.server.lowlevel.server - INFO - Processing request of type CallToolRequest
2025-10-17 06:21:40,493 - mcp.server.lowlevel.server - INFO - Warning: DeprecationWarning: The default datetime adapter is deprecated as of Python 3.12; see the sqlite3 documentation for suggested replacement recipes
2025-10-17 06:21:40,493 - mcp.server.lowlevel.server - INFO - Warning: DeprecationWarning: The default datetime adapter is deprecated as of Python 3.12; see the sqlite3 documentation for suggested replacement recipes
2025-10-17 06:21:40,495 - mcp.server.lowlevel.server - INFO - Processing request of type CallToolRequest
2025-10-17 06:21:40,676 - mcp.server.lowlevel.server - INFO - Processing request of type CallToolRequest
2025-10-17 06:21:40,854 - mcp.server.lowlevel.server - INFO - Warning: DeprecationWarning: The default datetime adapter is deprecated as of Python 3.12; see the sqlite3 documentation for suggested replacement recipes
2025-10-17 06:21:40,854 - mcp.server.lowlevel.server - INFO - Warning: DeprecationWarning: The default datetime adapter is deprecated as of Python 3.12; see the sqlite3 documentation for suggested replacement recipes
2025-10-17 06:21:40,855 - mcp.server.lowlevel.server - INFO - Processing request of type ListToolsRequest
2025-10-17 06:21:40,858 - mcp.server.lowlevel.server - INFO - Processing request of type CallToolRequest
2025-10-17 06:21:40,964 - mcp.server.lowlevel.server - INFO - Warning: DeprecationWarning: The default datetime adapter is deprecated as of Python 3.12; see the sqlite3 documentation for suggested replacement recipes
2025-10-17 06:21:40,964 - mcp.server.lowlevel.server - INFO - Warning: DeprecationWarning: The default datetime adapter is deprecated as of Python 3.12; see the sqlite3 documentation for suggested replacement recipes
2025-10-17 06:21:40,966 - mcp.server.lowlevel.server - INFO - Processing request of type CallToolRequest
2025-10-17 06:21:41,111 - mcp.server.lowlevel.server - INFO - Processing request of type CallToolRequest
2025-10-17 06:21:41,276 - mcp.server.lowlevel.server - INFO - Warning: DeprecationWarning: The default datetime adapter is deprecated as of Python 3.12; see the sqlite3 documentation for suggested replacement recipes
2025-10-17 06:21:41,277 - mcp.server.lowlevel.server - INFO - Warning: DeprecationWarning: The default datetime adapter is deprecated as of Python 3.12; see the sqlite3 documentation for suggested replacement recipes
2025-10-17 06:21:41,277 - mcp.server.lowlevel.server - INFO - Processing request of type ListToolsRequest
2025-10-17 06:21:41,280 - mcp.server.lowlevel.server - INFO - Processing request of type CallToolRequest
2025-10-17 06:21:41,396 - mcp.server.lowlevel.server - INFO - Warning: DeprecationWarning: The default datetime adapter is deprecated as of Python 3.12; see the sqlite3 documentation for suggested replacement recipes
2025-10-17 06:21:41,396 - mcp.server.lowlevel.server - INFO - Warning: DeprecationWarning: The default datetime adapter is deprecated as of Python 3.12; see the sqlite3 documentation for suggested replacement recipes
2025-10-17 06:21:41,398 - mcp.server.lowlevel.server - INFO - Processing request of type CallToolRequest
2025-10-17 06:21:41,539 - mcp.server.lowlevel.server - INFO - Processing request of type CallToolRequest
2025-10-17 06:21:41,703 - mcp.server.lowlevel.server - INFO - Warning: DeprecationWarning: The default datetime adapter is deprecated as of Python 3.12; see the sqlite3 documentation for suggested replacement recipes
2025-10-17 06:21:41,703 - mcp.server.lowlevel.server - INFO - Warning: DeprecationWarning: The default datetime adapter is deprecated as of Python 3.12; see the sqlite3 documentation for suggested replacement recipes
2025-10-17 06:21:41,703 - mcp.server.lowlevel.server - INFO - Processing request of type ListToolsRequest
2025-10-17 06:21:41,706 - mcp.server.lowlevel.server - INFO - Processing request of type CallToolRequest
2025-10-17 06:21:41,785 - mcp.server.lowlevel.server - INFO - Warning: DeprecationWarning: The default datetime adapter is deprecated as of Python 3.12; see the sqlite3 documentation for suggested replacement recipes
2025-10-17 06:21:41,785 - mcp.server.lowlevel.server - INFO - Warning: DeprecationWarning: The default datetime adapter is deprecated as of Python 3.12; see the sqlite3 documentation for suggested replacement recipes
2025-10-17 06:21:41,787 - mcp.server.lowlevel.server - INFO - Processing request of type CallToolRequest
2025-10-17 06:21:41,919 - mcp.server.lowlevel.server - INFO - Processing request of type CallToolRequest
2025-10-17 06:21:42,382 - mcp.server.lowlevel.server - INFO - Warning: DeprecationWarning: The default datetime adapter is deprecated as of Python 3.12; see the sqlite3 documentation for suggested replacement recipes
2025-10-17 06:21:42,382 - mcp.server.lowlevel.server - INFO - Warning: DeprecationWarning: The default datetime adapter is deprecated as of Python 3.12; see the sqlite3 documentation for suggested replacement recipes
2025-10-17 06:21:42,382 - mcp.server.lowlevel.server - INFO - Warning: DeprecationWarning: The default datetime adapter is deprecated as of Python 3.12; see the sqlite3 documentation for suggested replacement recipes
2025-10-17 06:21:42,383 - mcp.server.lowlevel.server - INFO - Warning: DeprecationWarning: The default datetime adapter is deprecated as of Python 3.12; see the sqlite3 documentation for suggested replacement recipes
2025-10-17 06:21:42,383 - mcp.server.lowlevel.server - INFO - Warning: DeprecationWarning: The default datetime adapter is deprecated as of Python 3.12; see the sqlite3 documentation for suggested replacement recipes
2025-10-17 06:21:42,383 - mcp.server.lowlevel.server - INFO - Warning: DeprecationWarning: The default datetime adapter is deprecated as of Python 3.12; see the sqlite3 documentation for suggested replacement recipes
2025-10-17 06:21:42,383 - mcp.server.lowlevel.server - INFO - Warning: DeprecationWarning: The default datetime adapter is deprecated as of Python 3.12; see the sqlite3 documentation for suggested replacement recipes
2025-10-17 06:21:42,383 - mcp.server.lowlevel.server - INFO - Warning: DeprecationWarning: The default datetime adapter is deprecated as of Python 3.12; see the sqlite3 documentation for suggested replacement recipes
2025-10-17 06:21:42,383 - mcp.server.lowlevel.server - INFO - Warning: DeprecationWarning: The default datetime adapter is deprecated as of Python 3.12; see the sqlite3 documentation for suggested replacement recipes
2025-10-17 06:21:42,383 - mcp.server.lowlevel.server - INFO - Warning: DeprecationWarning: The default datetime adapter is deprecated as of Python 3.12; see the sqlite3 documentation for suggested replacement recipes
2025-10-17 06:21:42,383 - mcp.server.lowlevel.server - INFO - Warning: DeprecationWarning: The default datetime adapter is deprecated as of Python 3.12; see the sqlite3 documentation for suggested replacement recipes
2025-10-17 06:21:42,383 - mcp.server.lowlevel.server - INFO - Warning: DeprecationWarning: The default datetime adapter is deprecated as of Python 3.12; see the sqlite3 documentation for suggested replacement recipes
2025-10-17 06:21:42,383 - mcp.server.lowlevel.server - INFO - Warning: DeprecationWarning: The default datetime adapter is deprecated as of Python 3.12; see the sqlite3 documentation for suggested replacement recipes
2025-10-17 06:21:42,383 - mcp.server.lowlevel.server - INFO - Warning: DeprecationWarning: The default datetime adapter is deprecated as of Python 3.12; see the sqlite3 documentation for suggested replacement recipes
2025-10-17 06:21:42,384 - mcp.server.lowlevel.server - INFO - Processing request of type ListToolsRequest
2025-10-17 06:21:42,387 - mcp.server.lowlevel.server - INFO - Processing request of type CallToolRequest
2025-10-17 06:21:42,686 - mcp.server.lowlevel.server - INFO - Warning: DeprecationWarning: The default datetime adapter is deprecated as of Python 3.12; see the sqlite3 documentation for suggested replacement recipes
2025-10-17 06:21:42,686 - mcp.server.lowlevel.server - INFO - Warning: DeprecationWarning: The default datetime adapter is deprecated as of Python 3.12; see the sqlite3 documentation for suggested replacement recipes
2025-10-17 06:21:42,686 - mcp.server.lowlevel.server - INFO - Warning: DeprecationWarning: The default datetime adapter is deprecated as of Python 3.12; see the sqlite3 documentation for suggested replacement recipes
2025-10-17 06:21:42,686 - mcp.server.lowlevel.server - INFO - Warning: DeprecationWarning: The default datetime adapter is deprecated as of Python 3.12; see the sqlite3 documentation for suggested replacement recipes
2025-10-17 06:21:42,686 - mcp.server.lowlevel.server - INFO - Warning: DeprecationWarning: The default datetime adapter is deprecated as of Python 3.12; see the sqlite3 documentation for suggested replacement recipes
2025-10-17 06:21:42,686 - mcp.server.lowlevel.server - INFO - Warning: DeprecationWarning: The default datetime adapter is deprecated as of Python 3.12; see the sqlite3 documentation for suggested replacement recipes
2025-10-17 06:21:42,686 - mcp.server.lowlevel.server - INFO - Warning: DeprecationWarning: The default datetime adapter is deprecated as of Python 3.12; see the sqlite3 documentation for suggested replacement recipes
2025-10-17 06:21:42,687 - mcp.server.lowlevel.server - INFO - Warning: DeprecationWarning: The default datetime adapter is deprecated as of Python 3.12; see the sqlite3 documentation for suggested replacement recipes
2025-10-17 06:21:42,687 - mcp.server.lowlevel.server - INFO - Warning: DeprecationWarning: The default datetime adapter is deprecated as of Python 3.12; see the sqlite3 documentation for suggested replacement recipes
2025-10-17 06:21:42,687 - mcp.server.lowlevel.server - INFO - Warning: DeprecationWarning: The default datetime adapter is deprecated as of Python 3.12; see the sqlite3 documentation for suggested replacement recipes
2025-10-17 06:21:42,687 - mcp.server.lowlevel.server - INFO - Warning: DeprecationWarning: The default datetime adapter is deprecated as of Python 3.12; see the sqlite3 documentation for suggested replacement recipes
2025-10-17 06:21:42,687 - mcp.server.lowlevel.server - INFO - Warning: DeprecationWarning: The default datetime adapter is deprecated as of Python 3.12; see the sqlite3 documentation for suggested replacement recipes
2025-10-17 06:21:42,687 - mcp.server.lowlevel.server - INFO - Warning: DeprecationWarning: The default datetime adapter is deprecated as of Python 3.12; see the sqlite3 documentation for suggested replacement recipes
2025-10-17 06:21:42,687 - mcp.server.lowlevel.server - INFO - Warning: DeprecationWarning: The default datetime adapter is deprecated as of Python 3.12; see the sqlite3 documentation for suggested replacement recipes
2025-10-17 06:21:42,687 - mcp.server.lowlevel.server - INFO - Warning: DeprecationWarning: The default datetime adapter is deprecated as of Python 3.12; see the sqlite3 documentation for suggested replacement recipes
2025-10-17 06:21:42,687 - mcp.server.lowlevel.server - INFO - Warning: DeprecationWarning: The default datetime adapter is deprecated as of Python 3.12; see the sqlite3 documentation for suggested replacement recipes
2025-10-17 06:21:42,687 - mcp.server.lowlevel.server - INFO - Warning: DeprecationWarning: The default datetime adapter is deprecated as of Python 3.12; see the sqlite3 documentation for suggested replacement recipes
2025-10-17 06:21:42,687 - mcp.server.lowlevel.server - INFO - Warning: DeprecationWarning: The default datetime adapter is deprecated as of Python 3.12; see the sqlite3 documentation for suggested replacement recipes
2025-10-17 06:21:42,687 - mcp.server.lowlevel.server - INFO - Warning: DeprecationWarning: The default datetime adapter is deprecated as of Python 3.12; see the sqlite3 documentation for suggested replacement recipes
2025-10-17 06:21:42,687 - mcp.server.lowlevel.server - INFO - Warning: DeprecationWarning: The default datetime adapter is deprecated as of Python 3.12; see the sqlite3 documentation for suggested replacement recipes
2025-10-17 06:21:42,687 - mcp.server.lowlevel.server - INFO - Warning: DeprecationWarning: The default datetime adapter is deprecated as of Python 3.12; see the sqlite3 documentation for suggested replacement recipes
2025-10-17 06:21:42,687 - mcp.server.lowlevel.server - INFO - Warning: DeprecationWarning: The default datetime adapter is deprecated as of Python 3.12; see the sqlite3 documentation for suggested replacement recipes
2025-10-17 06:21:42,687 - mcp.server.lowlevel.server - INFO - Warning: DeprecationWarning: The default datetime adapter is deprecated as of Python 3.12; see the sqlite3 documentation for suggested replacement recipes
2025-10-17 06:21:42,688 - mcp.server.lowlevel.server - INFO - Warning: DeprecationWarning: The default datetime adapter is deprecated as of Python 3.12; see the sqlite3 documentation for suggested replacement recipes
2025-10-17 06:21:42,690 - mcp.server.lowlevel.server - INFO - Processing request of type CallToolRequest
2025-10-17 06:21:42,898 - mcp.server.lowlevel.server - INFO - Processing request of type CallToolRequest
Error editing entity: Entity not found: Non-existent Note
Error editing note: Entity not found: Non-existent Note
2025-10-17 06:21:42,977 - mcp.server.lowlevel.server - INFO - Processing request of type ListToolsRequest
2025-10-17 06:21:43,099 - mcp.server.lowlevel.server - INFO - Processing request of type CallToolRequest
2025-10-17 06:21:43,279 - mcp.server.lowlevel.server - INFO - Warning: DeprecationWarning: The default datetime adapter is deprecated as of Python 3.12; see the sqlite3 documentation for suggested replacement recipes
2025-10-17 06:21:43,279 - mcp.server.lowlevel.server - INFO - Warning: DeprecationWarning: The default datetime adapter is deprecated as of Python 3.12; see the sqlite3 documentation for suggested replacement recipes
2025-10-17 06:21:43,280 - mcp.server.lowlevel.server - INFO - Processing request of type ListToolsRequest
2025-10-17 06:21:43,283 - mcp.server.lowlevel.server - INFO - Processing request of type CallToolRequest
Error editing entity: Text to replace not found: 'non-existent text'
Error editing note: Text to replace not found: 'non-existent text'
2025-10-17 06:21:43,443 - mcp.server.lowlevel.server - INFO - Processing request of type CallToolRequest
2025-10-17 06:21:43,625 - mcp.server.lowlevel.server - INFO - Warning: DeprecationWarning: The default datetime adapter is deprecated as of Python 3.12; see the sqlite3 documentation for suggested replacement recipes
2025-10-17 06:21:43,625 - mcp.server.lowlevel.server - INFO - Warning: DeprecationWarning: The default datetime adapter is deprecated as of Python 3.12; see the sqlite3 documentation for suggested replacement recipes
2025-10-17 06:21:43,626 - mcp.server.lowlevel.server - INFO - Processing request of type ListToolsRequest
2025-10-17 06:21:43,628 - mcp.server.lowlevel.server - INFO - Processing request of type CallToolRequest
Error editing entity: Expected 5 occurrences of 'test', but found 6
Error editing note: Expected 5 occurrences of 'test', but found 6
2025-10-17 06:21:43,767 - mcp.server.lowlevel.server - INFO - Processing request of type CallToolRequest
2025-10-17 06:21:43,937 - mcp.server.lowlevel.server - INFO - Warning: DeprecationWarning: The default datetime adapter is deprecated as of Python 3.12; see the sqlite3 documentation for suggested replacement recipes
2025-10-17 06:21:43,937 - mcp.server.lowlevel.server - INFO - Warning: DeprecationWarning: The default datetime adapter is deprecated as of Python 3.12; see the sqlite3 documentation for suggested replacement recipes
2025-10-17 06:21:43,938 - mcp.server.lowlevel.server - INFO - Processing request of type ListToolsRequest
2025-10-17 06:21:43,940 - mcp.server.lowlevel.server - INFO - Processing request of type CallToolRequest
[10/17/25 06:21:43] ERROR    Error calling tool 'edit_note' tool_manager.py:193
                             +- Traceback (most recent ca-+
                             | D:\Dev\repos\advanced-memo |
                             | ry-mcp\.venv\Lib\site-pack |
                             | ages\fastmcp\tools\tool_ma |
                             | nager.py:184 in call_tool  |
                             |                            |
                             |   181                 rais |
                             |   182                      |
                             |   183             try:     |
                             | > 184                 retu |
                             |   185                      |
                             |   186             # raise  |
                             |   187             except T |
                             |                            |
                             | D:\Dev\repos\advanced-memo |
                             | ry-mcp\.venv\Lib\site-pack |
                             | ages\fastmcp\tools\tool.py |
                             | :276 in run                |
                             |                            |
                             |   273         result = typ |
                             |   274                      |
                             |   275         if inspect.i |
                             | > 276             result = |
                             |   277                      |
                             |   278         if isinstanc |
                             |   279             return r |
                             |                            |
                             | D:\Dev\repos\advanced-memo |
                             | ry-mcp\src\advanced_memory |
                             | \mcp\tools\edit_note.py:27 |
                             | 5 in edit_note             |
                             |                            |
                             |   272     # Validate opera |
                             |   273     valid_operations |
                             |   274     if operation not |
                             | > 275         raise ValueE |
                             |   276             f"Invali |
                             |       '.join(valid_operati |
                             |   277         )            |
                             |   278                      |
                             +----------------------------+
                             ValueError: Invalid operation
                             'invalid_operation'. Must be
                             one of: append, prepend,
                             find_replace, replace_section
2025-10-17 06:21:44,087 - mcp.server.lowlevel.server - INFO - Processing request of type CallToolRequest
2025-10-17 06:21:44,262 - mcp.server.lowlevel.server - INFO - Warning: DeprecationWarning: The default datetime adapter is deprecated as of Python 3.12; see the sqlite3 documentation for suggested replacement recipes
2025-10-17 06:21:44,262 - mcp.server.lowlevel.server - INFO - Warning: DeprecationWarning: The default datetime adapter is deprecated as of Python 3.12; see the sqlite3 documentation for suggested replacement recipes
2025-10-17 06:21:44,262 - mcp.server.lowlevel.server - INFO - Processing request of type ListToolsRequest
2025-10-17 06:21:44,266 - mcp.server.lowlevel.server - INFO - Processing request of type CallToolRequest
[10/17/25 06:21:44] ERROR    Error calling tool 'edit_note' tool_manager.py:193
                             +- Traceback (most recent ca-+
                             | D:\Dev\repos\advanced-memo |
                             | ry-mcp\.venv\Lib\site-pack |
                             | ages\fastmcp\tools\tool_ma |
                             | nager.py:184 in call_tool  |
                             |                            |
                             |   181                 rais |
                             |   182                      |
                             |   183             try:     |
                             | > 184                 retu |
                             |   185                      |
                             |   186             # raise  |
                             |   187             except T |
                             |                            |
                             | D:\Dev\repos\advanced-memo |
                             | ry-mcp\.venv\Lib\site-pack |
                             | ages\fastmcp\tools\tool.py |
                             | :276 in run                |
                             |                            |
                             |   273         result = typ |
                             |   274                      |
                             |   275         if inspect.i |
                             | > 276             result = |
                             |   277                      |
                             |   278         if isinstanc |
                             |   279             return r |
                             |                            |
                             | D:\Dev\repos\advanced-memo |
                             | ry-mcp\src\advanced_memory |
                             | \mcp\tools\edit_note.py:28 |
                             | 1 in edit_note             |
                             |                            |
                             |   278                      |
                             |   279     # Validate requi |
                             |   280     if operation ==  |
                             | > 281         raise ValueE |
                             |   282     if operation ==  |
                             |   283         raise ValueE |
                             |   284                      |
                             +----------------------------+
                             ValueError: find_text
                             parameter is required for
                             find_replace operation
2025-10-17 06:21:44,403 - mcp.server.lowlevel.server - INFO - Processing request of type CallToolRequest
2025-10-17 06:21:44,766 - mcp.server.lowlevel.server - INFO - Warning: DeprecationWarning: The default datetime adapter is deprecated as of Python 3.12; see the sqlite3 documentation for suggested replacement recipes
2025-10-17 06:21:44,766 - mcp.server.lowlevel.server - INFO - Warning: DeprecationWarning: The default datetime adapter is deprecated as of Python 3.12; see the sqlite3 documentation for suggested replacement recipes
2025-10-17 06:21:44,767 - mcp.server.lowlevel.server - INFO - Processing request of type ListToolsRequest
2025-10-17 06:21:44,770 - mcp.server.lowlevel.server - INFO - Processing request of type CallToolRequest
2025-10-17 06:21:44,929 - mcp.server.lowlevel.server - INFO - Warning: DeprecationWarning: The default datetime adapter is deprecated as of Python 3.12; see the sqlite3 documentation for suggested replacement recipes
2025-10-17 06:21:44,929 - mcp.server.lowlevel.server - INFO - Warning: DeprecationWarning: The default datetime adapter is deprecated as of Python 3.12; see the sqlite3 documentation for suggested replacement recipes
2025-10-17 06:21:44,930 - mcp.server.lowlevel.server - INFO - Warning: DeprecationWarning: The default datetime adapter is deprecated as of Python 3.12; see the sqlite3 documentation for suggested replacement recipes
2025-10-17 06:21:44,930 - mcp.server.lowlevel.server - INFO - Warning: DeprecationWarning: The default datetime adapter is deprecated as of Python 3.12; see the sqlite3 documentation for suggested replacement recipes
2025-10-17 06:21:44,930 - mcp.server.lowlevel.server - INFO - Warning: DeprecationWarning: The default datetime adapter is deprecated as of Python 3.12; see the sqlite3 documentation for suggested replacement recipes
2025-10-17 06:21:44,930 - mcp.server.lowlevel.server - INFO - Warning: DeprecationWarning: The default datetime adapter is deprecated as of Python 3.12; see the sqlite3 documentation for suggested replacement recipes
2025-10-17 06:21:44,930 - mcp.server.lowlevel.server - INFO - Warning: DeprecationWarning: The default datetime adapter is deprecated as of Python 3.12; see the sqlite3 documentation for suggested replacement recipes
2025-10-17 06:21:44,930 - mcp.server.lowlevel.server - INFO - Warning: DeprecationWarning: The default datetime adapter is deprecated as of Python 3.12; see the sqlite3 documentation for suggested replacement recipes
2025-10-17 06:21:44,932 - mcp.server.lowlevel.server - INFO - Processing request of type CallToolRequest
2025-10-17 06:21:45,084 - mcp.server.lowlevel.server - INFO - Processing request of type CallToolRequest
2025-10-17 06:21:45,297 - mcp.server.lowlevel.server - INFO - Warning: DeprecationWarning: The default datetime adapter is deprecated as of Python 3.12; see the sqlite3 documentation for suggested replacement recipes
2025-10-17 06:21:45,297 - mcp.server.lowlevel.server - INFO - Warning: DeprecationWarning: The default datetime adapter is deprecated as of Python 3.12; see the sqlite3 documentation for suggested replacement recipes
2025-10-17 06:21:45,297 - mcp.server.lowlevel.server - INFO - Processing request of type ListToolsRequest
2025-10-17 06:21:45,302 - mcp.server.lowlevel.server - INFO - Processing request of type CallToolRequest
2025-10-17 06:21:45,422 - mcp.server.lowlevel.server - INFO - Warning: DeprecationWarning: The default datetime adapter is deprecated as of Python 3.12; see the sqlite3 documentation for suggested replacement recipes
2025-10-17 06:21:45,422 - mcp.server.lowlevel.server - INFO - Warning: DeprecationWarning: The default datetime adapter is deprecated as of Python 3.12; see the sqlite3 documentation for suggested replacement recipes
2025-10-17 06:21:45,424 - mcp.server.lowlevel.server - INFO - Processing request of type CallToolRequest
2025-10-17 06:21:45,535 - mcp.server.lowlevel.server - INFO - Warning: DeprecationWarning: The default datetime adapter is deprecated as of Python 3.12; see the sqlite3 documentation for suggested replacement recipes
2025-10-17 06:21:45,535 - mcp.server.lowlevel.server - INFO - Warning: DeprecationWarning: The default datetime adapter is deprecated as of Python 3.12; see the sqlite3 documentation for suggested replacement recipes
2025-10-17 06:21:45,536 - mcp.server.lowlevel.server - INFO - Processing request of type CallToolRequest
2025-10-17 06:21:45,672 - mcp.server.lowlevel.server - INFO - Warning: DeprecationWarning: The default datetime adapter is deprecated as of Python 3.12; see the sqlite3 documentation for suggested replacement recipes
2025-10-17 06:21:45,672 - mcp.server.lowlevel.server - INFO - Warning: DeprecationWarning: The default datetime adapter is deprecated as of Python 3.12; see the sqlite3 documentation for suggested replacement recipes
2025-10-17 06:21:45,673 - mcp.server.lowlevel.server - INFO - Processing request of type CallToolRequest
tests\integration\mcp\test_edit_note_integration.py ............
2025-10-17 06:21:45,819 - mcp.server.lowlevel.server - INFO - Processing request of type CallToolRequest
2025-10-17 06:21:45,974 - mcp.server.lowlevel.server - INFO - Warning: DeprecationWarning: The default datetime adapter is deprecated as of Python 3.12; see the sqlite3 documentation for suggested replacement recipes
2025-10-17 06:21:45,974 - mcp.server.lowlevel.server - INFO - Warning: DeprecationWarning: The default datetime adapter is deprecated as of Python 3.12; see the sqlite3 documentation for suggested replacement recipes
2025-10-17 06:21:45,975 - mcp.server.lowlevel.server - INFO - Processing request of type ListToolsRequest
2025-10-17 06:21:45,977 - mcp.server.lowlevel.server - INFO - Processing request of type CallToolRequest
2025-10-17 06:21:46,148 - mcp.server.lowlevel.server - INFO - Warning: DeprecationWarning: The default datetime adapter is deprecated as of Python 3.12; see the sqlite3 documentation for suggested replacement recipes
2025-10-17 06:21:46,148 - mcp.server.lowlevel.server - INFO - Warning: DeprecationWarning: The default datetime adapter is deprecated as of Python 3.12; see the sqlite3 documentation for suggested replacement recipes
2025-10-17 06:21:46,150 - mcp.server.lowlevel.server - INFO - Processing request of type CallToolRequest
2025-10-17 06:21:46,358 - mcp.server.lowlevel.server - INFO - Warning: DeprecationWarning: The default datetime adapter is deprecated as of Python 3.12; see the sqlite3 documentation for suggested replacement recipes
2025-10-17 06:21:46,359 - mcp.server.lowlevel.server - INFO - Warning: DeprecationWarning: The default datetime adapter is deprecated as of Python 3.12; see the sqlite3 documentation for suggested replacement recipes
2025-10-17 06:21:46,360 - mcp.server.lowlevel.server - INFO - Processing request of type CallToolRequest
2025-10-17 06:21:46,479 - mcp.server.lowlevel.server - INFO - Processing request of type CallToolRequest
2025-10-17 06:21:46,661 - mcp.server.lowlevel.server - INFO - Warning: DeprecationWarning: The default datetime adapter is deprecated as of Python 3.12; see the sqlite3 documentation for suggested replacement recipes
2025-10-17 06:21:46,661 - mcp.server.lowlevel.server - INFO - Warning: DeprecationWarning: The default datetime adapter is deprecated as of Python 3.12; see the sqlite3 documentation for suggested replacement recipes
2025-10-17 06:21:46,662 - mcp.server.lowlevel.server - INFO - Processing request of type ListToolsRequest
2025-10-17 06:21:46,667 - mcp.server.lowlevel.server - INFO - Processing request of type CallToolRequest
2025-10-17 06:21:46,834 - mcp.server.lowlevel.server - INFO - Warning: DeprecationWarning: The default datetime adapter is deprecated as of Python 3.12; see the sqlite3 documentation for suggested replacement recipes
2025-10-17 06:21:46,834 - mcp.server.lowlevel.server - INFO - Warning: DeprecationWarning: The default datetime adapter is deprecated as of Python 3.12; see the sqlite3 documentation for suggested replacement recipes
2025-10-17 06:21:46,836 - mcp.server.lowlevel.server - INFO - Processing request of type CallToolRequest
2025-10-17 06:21:46,991 - mcp.server.lowlevel.server - INFO - Warning: DeprecationWarning: The default datetime adapter is deprecated as of Python 3.12; see the sqlite3 documentation for suggested replacement recipes
2025-10-17 06:21:46,991 - mcp.server.lowlevel.server - INFO - Warning: DeprecationWarning: The default datetime adapter is deprecated as of Python 3.12; see the sqlite3 documentation for suggested replacement recipes
2025-10-17 06:21:46,992 - mcp.server.lowlevel.server - INFO - Processing request of type CallToolRequest
2025-10-17 06:21:47,104 - mcp.server.lowlevel.server - INFO - Processing request of type CallToolRequest
2025-10-17 06:21:47,277 - mcp.server.lowlevel.server - INFO - Warning: DeprecationWarning: The default datetime adapter is deprecated as of Python 3.12; see the sqlite3 documentation for suggested replacement recipes
2025-10-17 06:21:47,277 - mcp.server.lowlevel.server - INFO - Warning: DeprecationWarning: The default datetime adapter is deprecated as of Python 3.12; see the sqlite3 documentation for suggested replacement recipes
2025-10-17 06:21:47,278 - mcp.server.lowlevel.server - INFO - Processing request of type ListToolsRequest
2025-10-17 06:21:47,283 - mcp.server.lowlevel.server - INFO - Processing request of type CallToolRequest
2025-10-17 06:21:47,450 - mcp.server.lowlevel.server - INFO - Warning: DeprecationWarning: The default datetime adapter is deprecated as of Python 3.12; see the sqlite3 documentation for suggested replacement recipes
2025-10-17 06:21:47,450 - mcp.server.lowlevel.server - INFO - Warning: DeprecationWarning: The default datetime adapter is deprecated as of Python 3.12; see the sqlite3 documentation for suggested replacement recipes
2025-10-17 06:21:47,452 - mcp.server.lowlevel.server - INFO - Processing request of type CallToolRequest
2025-10-17 06:21:47,601 - mcp.server.lowlevel.server - INFO - Warning: DeprecationWarning: The default datetime adapter is deprecated as of Python 3.12; see the sqlite3 documentation for suggested replacement recipes
2025-10-17 06:21:47,601 - mcp.server.lowlevel.server - INFO - Warning: DeprecationWarning: The default datetime adapter is deprecated as of Python 3.12; see the sqlite3 documentation for suggested replacement recipes
2025-10-17 06:21:47,602 - mcp.server.lowlevel.server - INFO - Processing request of type CallToolRequest
2025-10-17 06:21:47,710 - mcp.server.lowlevel.server - INFO - Processing request of type CallToolRequest
2025-10-17 06:21:47,887 - mcp.server.lowlevel.server - INFO - Warning: DeprecationWarning: The default datetime adapter is deprecated as of Python 3.12; see the sqlite3 documentation for suggested replacement recipes
2025-10-17 06:21:47,887 - mcp.server.lowlevel.server - INFO - Warning: DeprecationWarning: The default datetime adapter is deprecated as of Python 3.12; see the sqlite3 documentation for suggested replacement recipes
2025-10-17 06:21:47,887 - mcp.server.lowlevel.server - INFO - Processing request of type ListToolsRequest
2025-10-17 06:21:47,891 - mcp.server.lowlevel.server - INFO - Processing request of type CallToolRequest
2025-10-17 06:21:48,237 - mcp.server.lowlevel.server - INFO - Warning: DeprecationWarning: The default datetime adapter is deprecated as of Python 3.12; see the sqlite3 documentation for suggested replacement recipes
2025-10-17 06:21:48,237 - mcp.server.lowlevel.server - INFO - Warning: DeprecationWarning: The default datetime adapter is deprecated as of Python 3.12; see the sqlite3 documentation for suggested replacement recipes
2025-10-17 06:21:48,238 - mcp.server.lowlevel.server - INFO - Processing request of type CallToolRequest
2025-10-17 06:21:48,408 - mcp.server.lowlevel.server - INFO - Warning: DeprecationWarning: The default datetime adapter is deprecated as of Python 3.12; see the sqlite3 documentation for suggested replacement recipes
2025-10-17 06:21:48,408 - mcp.server.lowlevel.server - INFO - Warning: DeprecationWarning: The default datetime adapter is deprecated as of Python 3.12; see the sqlite3 documentation for suggested replacement recipes
2025-10-17 06:21:48,409 - mcp.server.lowlevel.server - INFO - Processing request of type CallToolRequest
2025-10-17 06:21:48,513 - mcp.server.lowlevel.server - INFO - Processing request of type CallToolRequest
2025-10-17 06:21:48,526 - mcp.server.lowlevel.server - INFO - Processing request of type ListToolsRequest
2025-10-17 06:21:48,611 - mcp.server.lowlevel.server - INFO - Processing request of type CallToolRequest
2025-10-17 06:21:48,779 - mcp.server.lowlevel.server - INFO - Warning: DeprecationWarning: The default datetime adapter is deprecated as of Python 3.12; see the sqlite3 documentation for suggested replacement recipes
2025-10-17 06:21:48,779 - mcp.server.lowlevel.server - INFO - Warning: DeprecationWarning: The default datetime adapter is deprecated as of Python 3.12; see the sqlite3 documentation for suggested replacement recipes
2025-10-17 06:21:48,779 - mcp.server.lowlevel.server - INFO - Processing request of type ListToolsRequest
2025-10-17 06:21:48,782 - mcp.server.lowlevel.server - INFO - Processing request of type CallToolRequest
2025-10-17 06:21:48,887 - mcp.server.lowlevel.server - INFO - Processing request of type CallToolRequest
2025-10-17 06:21:49,044 - mcp.server.lowlevel.server - INFO - Warning: DeprecationWarning: The default datetime adapter is deprecated as of Python 3.12; see the sqlite3 documentation for suggested replacement recipes
2025-10-17 06:21:49,044 - mcp.server.lowlevel.server - INFO - Warning: DeprecationWarning: The default datetime adapter is deprecated as of Python 3.12; see the sqlite3 documentation for suggested replacement recipes
2025-10-17 06:21:49,044 - mcp.server.lowlevel.server - INFO - Processing request of type ListToolsRequest
2025-10-17 06:21:49,047 - mcp.server.lowlevel.server - INFO - Processing request of type CallToolRequest
2025-10-17 06:21:49,206 - mcp.server.lowlevel.server - INFO - Warning: DeprecationWarning: The default datetime adapter is deprecated as of Python 3.12; see the sqlite3 documentation for suggested replacement recipes
2025-10-17 06:21:49,206 - mcp.server.lowlevel.server - INFO - Warning: DeprecationWarning: The default datetime adapter is deprecated as of Python 3.12; see the sqlite3 documentation for suggested replacement recipes
2025-10-17 06:21:49,208 - mcp.server.lowlevel.server - INFO - Processing request of type CallToolRequest
2025-10-17 06:21:49,318 - mcp.server.lowlevel.server - INFO - Processing request of type CallToolRequest
2025-10-17 06:21:49,480 - mcp.server.lowlevel.server - INFO - Warning: DeprecationWarning: The default datetime adapter is deprecated as of Python 3.12; see the sqlite3 documentation for suggested replacement recipes
2025-10-17 06:21:49,480 - mcp.server.lowlevel.server - INFO - Warning: DeprecationWarning: The default datetime adapter is deprecated as of Python 3.12; see the sqlite3 documentation for suggested replacement recipes
2025-10-17 06:21:49,481 - mcp.server.lowlevel.server - INFO - Processing request of type ListToolsRequest
2025-10-17 06:21:49,484 - mcp.server.lowlevel.server - INFO - Processing request of type CallToolRequest
2025-10-17 06:21:49,594 - mcp.server.lowlevel.server - INFO - Processing request of type CallToolRequest
2025-10-17 06:21:49,758 - mcp.server.lowlevel.server - INFO - Warning: DeprecationWarning: The default datetime adapter is deprecated as of Python 3.12; see the sqlite3 documentation for suggested replacement recipes
2025-10-17 06:21:49,758 - mcp.server.lowlevel.server - INFO - Warning: DeprecationWarning: The default datetime adapter is deprecated as of Python 3.12; see the sqlite3 documentation for suggested replacement recipes
2025-10-17 06:21:49,758 - mcp.server.lowlevel.server - INFO - Processing request of type ListToolsRequest
2025-10-17 06:21:49,762 - mcp.server.lowlevel.server - INFO - Processing request of type CallToolRequest
2025-10-17 06:21:49,972 - mcp.server.lowlevel.server - INFO - Warning: DeprecationWarning: The default datetime adapter is deprecated as of Python 3.12; see the sqlite3 documentation for suggested replacement recipes
2025-10-17 06:21:49,972 - mcp.server.lowlevel.server - INFO - Warning: DeprecationWarning: The default datetime adapter is deprecated as of Python 3.12; see the sqlite3 documentation for suggested replacement recipes
2025-10-17 06:21:49,974 - mcp.server.lowlevel.server - INFO - Processing request of type CallToolRequest
2025-10-17 06:21:50,077 - mcp.server.lowlevel.server - INFO - Processing request of type CallToolRequest
2025-10-17 06:21:50,233 - mcp.server.lowlevel.server - INFO - Warning: DeprecationWarning: The default datetime adapter is deprecated as of Python 3.12; see the sqlite3 documentation for suggested replacement recipes
2025-10-17 06:21:50,233 - mcp.server.lowlevel.server - INFO - Warning: DeprecationWarning: The default datetime adapter is deprecated as of Python 3.12; see the sqlite3 documentation for suggested replacement recipes
2025-10-17 06:21:50,234 - mcp.server.lowlevel.server - INFO - Processing request of type ListToolsRequest
2025-10-17 06:21:50,237 - mcp.server.lowlevel.server - INFO - Processing request of type CallToolRequest
2025-10-17 06:21:50,387 - mcp.server.lowlevel.server - INFO - Warning: DeprecationWarning: The default datetime adapter is deprecated as of Python 3.12; see the sqlite3 documentation for suggested replacement recipes
2025-10-17 06:21:50,388 - mcp.server.lowlevel.server - INFO - Warning: DeprecationWarning: The default datetime adapter is deprecated as of Python 3.12; see the sqlite3 documentation for suggested replacement recipes
2025-10-17 06:21:50,388 - mcp.server.lowlevel.server - INFO - Processing request of type CallToolRequest
2025-10-17 06:21:50,552 - mcp.server.lowlevel.server - INFO - Warning: DeprecationWarning: The default datetime adapter is deprecated as of Python 3.12; see the sqlite3 documentation for suggested replacement recipes
2025-10-17 06:21:50,552 - mcp.server.lowlevel.server - INFO - Warning: DeprecationWarning: The default datetime adapter is deprecated as of Python 3.12; see the sqlite3 documentation for suggested replacement recipes
2025-10-17 06:21:50,553 - mcp.server.lowlevel.server - INFO - Processing request of type CallToolRequest
tests\integration\mcp\test_list_directory_integration.py ..........
2025-10-17 06:21:50,668 - mcp.server.lowlevel.server - INFO - Processing request of type CallToolRequest
2025-10-17 06:21:51,014 - mcp.server.lowlevel.server - INFO - Warning: DeprecationWarning: The default datetime adapter is deprecated as of Python 3.12; see the sqlite3 documentation for suggested replacement recipes
2025-10-17 06:21:51,014 - mcp.server.lowlevel.server - INFO - Warning: DeprecationWarning: The default datetime adapter is deprecated as of Python 3.12; see the sqlite3 documentation for suggested replacement recipes
2025-10-17 06:21:51,015 - mcp.server.lowlevel.server - INFO - Processing request of type ListToolsRequest
2025-10-17 06:21:51,018 - mcp.server.lowlevel.server - INFO - Processing request of type CallToolRequest
2025-10-17 06:21:51,116 - mcp.server.lowlevel.server - INFO - Warning: DeprecationWarning: The default datetime adapter is deprecated as of Python 3.12; see the sqlite3 documentation for suggested replacement recipes
2025-10-17 06:21:51,116 - mcp.server.lowlevel.server - INFO - Warning: DeprecationWarning: The default datetime adapter is deprecated as of Python 3.12; see the sqlite3 documentation for suggested replacement recipes
2025-10-17 06:21:51,118 - mcp.server.lowlevel.server - INFO - Processing request of type CallToolRequest
2025-10-17 06:21:51,175 - mcp.server.lowlevel.server - INFO - Processing request of type CallToolRequest
2025-10-17 06:21:51,372 - mcp.server.lowlevel.server - INFO - Processing request of type CallToolRequest
2025-10-17 06:21:51,522 - mcp.server.lowlevel.server - INFO - Warning: DeprecationWarning: The default datetime adapter is deprecated as of Python 3.12; see the sqlite3 documentation for suggested replacement recipes
2025-10-17 06:21:51,522 - mcp.server.lowlevel.server - INFO - Warning: DeprecationWarning: The default datetime adapter is deprecated as of Python 3.12; see the sqlite3 documentation for suggested replacement recipes
2025-10-17 06:21:51,523 - mcp.server.lowlevel.server - INFO - Processing request of type ListToolsRequest
2025-10-17 06:21:51,526 - mcp.server.lowlevel.server - INFO - Processing request of type CallToolRequest
2025-10-17 06:21:51,609 - mcp.server.lowlevel.server - INFO - Warning: DeprecationWarning: The default datetime adapter is deprecated as of Python 3.12; see the sqlite3 documentation for suggested replacement recipes
2025-10-17 06:21:51,609 - mcp.server.lowlevel.server - INFO - Warning: DeprecationWarning: The default datetime adapter is deprecated as of Python 3.12; see the sqlite3 documentation for suggested replacement recipes
2025-10-17 06:21:51,610 - mcp.server.lowlevel.server - INFO - Processing request of type CallToolRequest
2025-10-17 06:21:51,758 - mcp.server.lowlevel.server - INFO - Processing request of type CallToolRequest
2025-10-17 06:21:52,068 - mcp.server.lowlevel.server - INFO - Warning: DeprecationWarning: The default datetime adapter is deprecated as of Python 3.12; see the sqlite3 documentation for suggested replacement recipes
2025-10-17 06:21:52,068 - mcp.server.lowlevel.server - INFO - Warning: DeprecationWarning: The default datetime adapter is deprecated as of Python 3.12; see the sqlite3 documentation for suggested replacement recipes
2025-10-17 06:21:52,069 - mcp.server.lowlevel.server - INFO - Warning: DeprecationWarning: The default datetime adapter is deprecated as of Python 3.12; see the sqlite3 documentation for suggested replacement recipes
2025-10-17 06:21:52,069 - mcp.server.lowlevel.server - INFO - Warning: DeprecationWarning: The default datetime adapter is deprecated as of Python 3.12; see the sqlite3 documentation for suggested replacement recipes
2025-10-17 06:21:52,069 - mcp.server.lowlevel.server - INFO - Warning: DeprecationWarning: The default datetime adapter is deprecated as of Python 3.12; see the sqlite3 documentation for suggested replacement recipes
2025-10-17 06:21:52,069 - mcp.server.lowlevel.server - INFO - Warning: DeprecationWarning: The default datetime adapter is deprecated as of Python 3.12; see the sqlite3 documentation for suggested replacement recipes
2025-10-17 06:21:52,069 - mcp.server.lowlevel.server - INFO - Warning: DeprecationWarning: The default datetime adapter is deprecated as of Python 3.12; see the sqlite3 documentation for suggested replacement recipes
2025-10-17 06:21:52,069 - mcp.server.lowlevel.server - INFO - Warning: DeprecationWarning: The default datetime adapter is deprecated as of Python 3.12; see the sqlite3 documentation for suggested replacement recipes
2025-10-17 06:21:52,069 - mcp.server.lowlevel.server - INFO - Warning: DeprecationWarning: The default datetime adapter is deprecated as of Python 3.12; see the sqlite3 documentation for suggested replacement recipes
2025-10-17 06:21:52,069 - mcp.server.lowlevel.server - INFO - Warning: DeprecationWarning: The default datetime adapter is deprecated as of Python 3.12; see the sqlite3 documentation for suggested replacement recipes
2025-10-17 06:21:52,069 - mcp.server.lowlevel.server - INFO - Warning: DeprecationWarning: The default datetime adapter is deprecated as of Python 3.12; see the sqlite3 documentation for suggested replacement recipes
2025-10-17 06:21:52,069 - mcp.server.lowlevel.server - INFO - Warning: DeprecationWarning: The default datetime adapter is deprecated as of Python 3.12; see the sqlite3 documentation for suggested replacement recipes
2025-10-17 06:21:52,069 - mcp.server.lowlevel.server - INFO - Warning: DeprecationWarning: The default datetime adapter is deprecated as of Python 3.12; see the sqlite3 documentation for suggested replacement recipes
2025-10-17 06:21:52,069 - mcp.server.lowlevel.server - INFO - Warning: DeprecationWarning: The default datetime adapter is deprecated as of Python 3.12; see the sqlite3 documentation for suggested replacement recipes
2025-10-17 06:21:52,070 - mcp.server.lowlevel.server - INFO - Processing request of type ListToolsRequest
2025-10-17 06:21:52,074 - mcp.server.lowlevel.server - INFO - Processing request of type CallToolRequest
2025-10-17 06:21:52,199 - mcp.server.lowlevel.server - INFO - Warning: DeprecationWarning: The default datetime adapter is deprecated as of Python 3.12; see the sqlite3 documentation for suggested replacement recipes
2025-10-17 06:21:52,199 - mcp.server.lowlevel.server - INFO - Warning: DeprecationWarning: The default datetime adapter is deprecated as of Python 3.12; see the sqlite3 documentation for suggested replacement recipes
2025-10-17 06:21:52,199 - mcp.server.lowlevel.server - INFO - Warning: DeprecationWarning: The default datetime adapter is deprecated as of Python 3.12; see the sqlite3 documentation for suggested replacement recipes
2025-10-17 06:21:52,199 - mcp.server.lowlevel.server - INFO - Warning: DeprecationWarning: The default datetime adapter is deprecated as of Python 3.12; see the sqlite3 documentation for suggested replacement recipes
2025-10-17 06:21:52,199 - mcp.server.lowlevel.server - INFO - Warning: DeprecationWarning: The default datetime adapter is deprecated as of Python 3.12; see the sqlite3 documentation for suggested replacement recipes
2025-10-17 06:21:52,199 - mcp.server.lowlevel.server - INFO - Warning: DeprecationWarning: The default datetime adapter is deprecated as of Python 3.12; see the sqlite3 documentation for suggested replacement recipes
2025-10-17 06:21:52,199 - mcp.server.lowlevel.server - INFO - Warning: DeprecationWarning: The default datetime adapter is deprecated as of Python 3.12; see the sqlite3 documentation for suggested replacement recipes
2025-10-17 06:21:52,199 - mcp.server.lowlevel.server - INFO - Warning: DeprecationWarning: The default datetime adapter is deprecated as of Python 3.12; see the sqlite3 documentation for suggested replacement recipes
2025-10-17 06:21:52,201 - mcp.server.lowlevel.server - INFO - Warning: DeprecationWarning: The default datetime adapter is deprecated as of Python 3.12; see the sqlite3 documentation for suggested replacement recipes
2025-10-17 06:21:52,201 - mcp.server.lowlevel.server - INFO - Warning: DeprecationWarning: The default datetime adapter is deprecated as of Python 3.12; see the sqlite3 documentation for suggested replacement recipes
2025-10-17 06:21:52,201 - mcp.server.lowlevel.server - INFO - Warning: DeprecationWarning: The default datetime adapter is deprecated as of Python 3.12; see the sqlite3 documentation for suggested replacement recipes
2025-10-17 06:21:52,201 - mcp.server.lowlevel.server - INFO - Warning: DeprecationWarning: The default datetime adapter is deprecated as of Python 3.12; see the sqlite3 documentation for suggested replacement recipes
2025-10-17 06:21:52,201 - mcp.server.lowlevel.server - INFO - Warning: DeprecationWarning: The default datetime adapter is deprecated as of Python 3.12; see the sqlite3 documentation for suggested replacement recipes
2025-10-17 06:21:52,201 - mcp.server.lowlevel.server - INFO - Warning: DeprecationWarning: The default datetime adapter is deprecated as of Python 3.12; see the sqlite3 documentation for suggested replacement recipes
2025-10-17 06:21:52,202 - mcp.server.lowlevel.server - INFO - Processing request of type CallToolRequest
2025-10-17 06:21:52,345 - mcp.server.lowlevel.server - INFO - Processing request of type CallToolRequest
2025-10-17 06:21:52,530 - mcp.server.lowlevel.server - INFO - Warning: DeprecationWarning: The default datetime adapter is deprecated as of Python 3.12; see the sqlite3 documentation for suggested replacement recipes
2025-10-17 06:21:52,530 - mcp.server.lowlevel.server - INFO - Warning: DeprecationWarning: The default datetime adapter is deprecated as of Python 3.12; see the sqlite3 documentation for suggested replacement recipes
2025-10-17 06:21:52,531 - mcp.server.lowlevel.server - INFO - Processing request of type ListToolsRequest
2025-10-17 06:21:52,534 - mcp.server.lowlevel.server - INFO - Processing request of type CallToolRequest
2025-10-17 06:21:52,626 - mcp.server.lowlevel.server - INFO - Warning: DeprecationWarning: The default datetime adapter is deprecated as of Python 3.12; see the sqlite3 documentation for suggested replacement recipes
2025-10-17 06:21:52,626 - mcp.server.lowlevel.server - INFO - Warning: DeprecationWarning: The default datetime adapter is deprecated as of Python 3.12; see the sqlite3 documentation for suggested replacement recipes
2025-10-17 06:21:52,627 - mcp.server.lowlevel.server - INFO - Processing request of type CallToolRequest
2025-10-17 06:21:52,794 - mcp.server.lowlevel.server - INFO - Processing request of type CallToolRequest
2025-10-17 06:21:53,039 - mcp.server.lowlevel.server - INFO - Warning: DeprecationWarning: The default datetime adapter is deprecated as of Python 3.12; see the sqlite3 documentation for suggested replacement recipes
2025-10-17 06:21:53,039 - mcp.server.lowlevel.server - INFO - Warning: DeprecationWarning: The default datetime adapter is deprecated as of Python 3.12; see the sqlite3 documentation for suggested replacement recipes
2025-10-17 06:21:53,040 - mcp.server.lowlevel.server - INFO - Processing request of type ListToolsRequest
2025-10-17 06:21:53,045 - mcp.server.lowlevel.server - INFO - Processing request of type CallToolRequest
2025-10-17 06:21:53,134 - mcp.server.lowlevel.server - INFO - Warning: DeprecationWarning: The default datetime adapter is deprecated as of Python 3.12; see the sqlite3 documentation for suggested replacement recipes
2025-10-17 06:21:53,134 - mcp.server.lowlevel.server - INFO - Warning: DeprecationWarning: The default datetime adapter is deprecated as of Python 3.12; see the sqlite3 documentation for suggested replacement recipes
2025-10-17 06:21:53,136 - mcp.server.lowlevel.server - INFO - Processing request of type CallToolRequest
2025-10-17 06:21:53,268 - mcp.server.lowlevel.server - INFO - Processing request of type CallToolRequest
Error moving entity: Entity not found: Non-existent Note
Move failed for 'Non-existent Note' to 'new/location.md': Entity not found: Non-existent Note
2025-10-17 06:21:53,314 - mcp.server.lowlevel.server - INFO - Processing request of type ListToolsRequest
2025-10-17 06:21:53,404 - mcp.server.lowlevel.server - INFO - Processing request of type CallToolRequest
2025-10-17 06:21:53,583 - mcp.server.lowlevel.server - INFO - Warning: DeprecationWarning: The default datetime adapter is deprecated as of Python 3.12; see the sqlite3 documentation for suggested replacement recipes
2025-10-17 06:21:53,583 - mcp.server.lowlevel.server - INFO - Warning: DeprecationWarning: The default datetime adapter is deprecated as of Python 3.12; see the sqlite3 documentation for suggested replacement recipes
2025-10-17 06:21:53,583 - mcp.server.lowlevel.server - INFO - Processing request of type ListToolsRequest
2025-10-17 06:21:53,587 - mcp.server.lowlevel.server - INFO - Processing request of type CallToolRequest
2025-10-17 06:21:53,679 - mcp.server.lowlevel.server - INFO - Processing request of type CallToolRequest
2025-10-17 06:21:54,079 - mcp.server.lowlevel.server - INFO - Warning: DeprecationWarning: The default datetime adapter is deprecated as of Python 3.12; see the sqlite3 documentation for suggested replacement recipes
2025-10-17 06:21:54,079 - mcp.server.lowlevel.server - INFO - Warning: DeprecationWarning: The default datetime adapter is deprecated as of Python 3.12; see the sqlite3 documentation for suggested replacement recipes
2025-10-17 06:21:54,080 - mcp.server.lowlevel.server - INFO - Processing request of type ListToolsRequest
2025-10-17 06:21:54,083 - mcp.server.lowlevel.server - INFO - Processing request of type CallToolRequest
2025-10-17 06:21:54,273 - mcp.server.lowlevel.server - INFO - Warning: DeprecationWarning: The default datetime adapter is deprecated as of Python 3.12; see the sqlite3 documentation for suggested replacement recipes
2025-10-17 06:21:54,273 - mcp.server.lowlevel.server - INFO - Warning: DeprecationWarning: The default datetime adapter is deprecated as of Python 3.12; see the sqlite3 documentation for suggested replacement recipes
2025-10-17 06:21:54,274 - mcp.server.lowlevel.server - INFO - Processing request of type CallToolRequest
Error moving entity: Destination already exists: destination/Existing_Note.md
Move failed for 'Source Note' to 'destination/Existing_Note.md': Destination already exists: destination/Existing_Note.md
2025-10-17 06:21:54,411 - mcp.server.lowlevel.server - INFO - Processing request of type CallToolRequest
2025-10-17 06:21:54,624 - mcp.server.lowlevel.server - INFO - Warning: DeprecationWarning: The default datetime adapter is deprecated as of Python 3.12; see the sqlite3 documentation for suggested replacement recipes
2025-10-17 06:21:54,624 - mcp.server.lowlevel.server - INFO - Warning: DeprecationWarning: The default datetime adapter is deprecated as of Python 3.12; see the sqlite3 documentation for suggested replacement recipes
2025-10-17 06:21:54,624 - mcp.server.lowlevel.server - INFO - Warning: DeprecationWarning: The default datetime adapter is deprecated as of Python 3.12; see the sqlite3 documentation for suggested replacement recipes
2025-10-17 06:21:54,624 - mcp.server.lowlevel.server - INFO - Warning: DeprecationWarning: The default datetime adapter is deprecated as of Python 3.12; see the sqlite3 documentation for suggested replacement recipes
2025-10-17 06:21:54,624 - mcp.server.lowlevel.server - INFO - Warning: DeprecationWarning: The default datetime adapter is deprecated as of Python 3.12; see the sqlite3 documentation for suggested replacement recipes
2025-10-17 06:21:54,624 - mcp.server.lowlevel.server - INFO - Warning: DeprecationWarning: The default datetime adapter is deprecated as of Python 3.12; see the sqlite3 documentation for suggested replacement recipes
2025-10-17 06:21:54,624 - mcp.server.lowlevel.server - INFO - Warning: DeprecationWarning: The default datetime adapter is deprecated as of Python 3.12; see the sqlite3 documentation for suggested replacement recipes
2025-10-17 06:21:54,624 - mcp.server.lowlevel.server - INFO - Warning: DeprecationWarning: The default datetime adapter is deprecated as of Python 3.12; see the sqlite3 documentation for suggested replacement recipes
2025-10-17 06:21:54,625 - mcp.server.lowlevel.server - INFO - Processing request of type ListToolsRequest
2025-10-17 06:21:54,628 - mcp.server.lowlevel.server - INFO - Processing request of type CallToolRequest
2025-10-17 06:21:54,693 - mcp.server.lowlevel.server - INFO - Processing request of type CallToolRequest
2025-10-17 06:21:54,795 - mcp.server.lowlevel.server - INFO - Warning: DeprecationWarning: The default datetime adapter is deprecated as of Python 3.12; see the sqlite3 documentation for suggested replacement recipes
2025-10-17 06:21:54,795 - mcp.server.lowlevel.server - INFO - Warning: DeprecationWarning: The default datetime adapter is deprecated as of Python 3.12; see the sqlite3 documentation for suggested replacement recipes
2025-10-17 06:21:54,795 - mcp.server.lowlevel.server - INFO - Warning: DeprecationWarning: The default datetime adapter is deprecated as of Python 3.12; see the sqlite3 documentation for suggested replacement recipes
2025-10-17 06:21:54,795 - mcp.server.lowlevel.server - INFO - Warning: DeprecationWarning: The default datetime adapter is deprecated as of Python 3.12; see the sqlite3 documentation for suggested replacement recipes
2025-10-17 06:21:54,795 - mcp.server.lowlevel.server - INFO - Warning: DeprecationWarning: The default datetime adapter is deprecated as of Python 3.12; see the sqlite3 documentation for suggested replacement recipes
2025-10-17 06:21:54,795 - mcp.server.lowlevel.server - INFO - Warning: DeprecationWarning: The default datetime adapter is deprecated as of Python 3.12; see the sqlite3 documentation for suggested replacement recipes
2025-10-17 06:21:54,795 - mcp.server.lowlevel.server - INFO - Warning: DeprecationWarning: The default datetime adapter is deprecated as of Python 3.12; see the sqlite3 documentation for suggested replacement recipes
2025-10-17 06:21:54,795 - mcp.server.lowlevel.server - INFO - Warning: DeprecationWarning: The default datetime adapter is deprecated as of Python 3.12; see the sqlite3 documentation for suggested replacement recipes
2025-10-17 06:21:54,796 - mcp.server.lowlevel.server - INFO - Processing request of type CallToolRequest
2025-10-17 06:21:54,865 - mcp.server.lowlevel.server - INFO - Processing request of type CallToolRequest
2025-10-17 06:21:55,029 - mcp.server.lowlevel.server - INFO - Processing request of type CallToolRequest
2025-10-17 06:21:55,197 - mcp.server.lowlevel.server - INFO - Warning: DeprecationWarning: The default datetime adapter is deprecated as of Python 3.12; see the sqlite3 documentation for suggested replacement recipes
2025-10-17 06:21:55,197 - mcp.server.lowlevel.server - INFO - Warning: DeprecationWarning: The default datetime adapter is deprecated as of Python 3.12; see the sqlite3 documentation for suggested replacement recipes
2025-10-17 06:21:55,198 - mcp.server.lowlevel.server - INFO - Processing request of type ListToolsRequest
2025-10-17 06:21:55,201 - mcp.server.lowlevel.server - INFO - Processing request of type CallToolRequest
2025-10-17 06:21:55,372 - mcp.server.lowlevel.server - INFO - Warning: DeprecationWarning: The default datetime adapter is deprecated as of Python 3.12; see the sqlite3 documentation for suggested replacement recipes
2025-10-17 06:21:55,372 - mcp.server.lowlevel.server - INFO - Warning: DeprecationWarning: The default datetime adapter is deprecated as of Python 3.12; see the sqlite3 documentation for suggested replacement recipes
2025-10-17 06:21:55,373 - mcp.server.lowlevel.server - INFO - Processing request of type CallToolRequest
2025-10-17 06:21:55,575 - mcp.server.lowlevel.server - INFO - Warning: DeprecationWarning: The default datetime adapter is deprecated as of Python 3.12; see the sqlite3 documentation for suggested replacement recipes
2025-10-17 06:21:55,575 - mcp.server.lowlevel.server - INFO - Warning: DeprecationWarning: The default datetime adapter is deprecated as of Python 3.12; see the sqlite3 documentation for suggested replacement recipes
2025-10-17 06:21:55,577 - mcp.server.lowlevel.server - INFO - Processing request of type CallToolRequest
2025-10-17 06:21:55,673 - mcp.server.lowlevel.server - INFO - Warning: DeprecationWarning: The default datetime adapter is deprecated as of Python 3.12; see the sqlite3 documentation for suggested replacement recipes
2025-10-17 06:21:55,673 - mcp.server.lowlevel.server - INFO - Warning: DeprecationWarning: The default datetime adapter is deprecated as of Python 3.12; see the sqlite3 documentation for suggested replacement recipes
2025-10-17 06:21:55,675 - mcp.server.lowlevel.server - INFO - Processing request of type CallToolRequest
2025-10-17 06:21:55,749 - mcp.server.lowlevel.server - INFO - Warning: DeprecationWarning: The default datetime adapter is deprecated as of Python 3.12; see the sqlite3 documentation for suggested replacement recipes
2025-10-17 06:21:55,749 - mcp.server.lowlevel.server - INFO - Warning: DeprecationWarning: The default datetime adapter is deprecated as of Python 3.12; see the sqlite3 documentation for suggested replacement recipes
2025-10-17 06:21:55,750 - mcp.server.lowlevel.server - INFO - Processing request of type CallToolRequest
2025-10-17 06:21:55,846 - mcp.server.lowlevel.server - INFO - Warning: DeprecationWarning: The default datetime adapter is deprecated as of Python 3.12; see the sqlite3 documentation for suggested replacement recipes
2025-10-17 06:21:55,846 - mcp.server.lowlevel.server - INFO - Warning: DeprecationWarning: The default datetime adapter is deprecated as of Python 3.12; see the sqlite3 documentation for suggested replacement recipes
2025-10-17 06:21:55,847 - mcp.server.lowlevel.server - INFO - Processing request of type CallToolRequest
2025-10-17 06:21:55,911 - mcp.server.lowlevel.server - INFO - Processing request of type CallToolRequest
2025-10-17 06:21:55,969 - mcp.server.lowlevel.server - INFO - Processing request of type CallToolRequest
2025-10-17 06:21:56,118 - mcp.server.lowlevel.server - INFO - Processing request of type CallToolRequest
2025-10-17 06:21:56,128 - mcp.server.lowlevel.server - INFO - Warning: DeprecationWarning: datetime.datetime.utcnow() is deprecated and scheduled for removal in a future version. Use timezone-aware objects to represent datetimes in UTC: datetime.datetime.now(datetime.UTC).
2025-10-17 06:21:56,128 - mcp.server.lowlevel.server - INFO - Warning: DeprecationWarning: datetime.datetime.utcnow() is deprecated and scheduled for removal in a future version. Use timezone-aware objects to represent datetimes in UTC: datetime.datetime.now(datetime.UTC).
2025-10-17 06:21:56,128 - mcp.server.lowlevel.server - INFO - Processing request of type ListToolsRequest
2025-10-17 06:21:56,131 - mcp.server.lowlevel.server - INFO - Processing request of type CallToolRequest
2025-10-17 06:21:56,328 - mcp.server.lowlevel.server - INFO - Warning: DeprecationWarning: The default datetime adapter is deprecated as of Python 3.12; see the sqlite3 documentation for suggested replacement recipes
2025-10-17 06:21:56,329 - mcp.server.lowlevel.server - INFO - Warning: DeprecationWarning: The default datetime adapter is deprecated as of Python 3.12; see the sqlite3 documentation for suggested replacement recipes
2025-10-17 06:21:56,331 - mcp.server.lowlevel.server - INFO - Processing request of type CallToolRequest
2025-10-17 06:21:56,452 - mcp.server.lowlevel.server - INFO - Processing request of type CallToolRequest
2025-10-17 06:21:56,638 - mcp.server.lowlevel.server - INFO - Warning: DeprecationWarning: The default datetime adapter is deprecated as of Python 3.12; see the sqlite3 documentation for suggested replacement recipes
2025-10-17 06:21:56,638 - mcp.server.lowlevel.server - INFO - Warning: DeprecationWarning: The default datetime adapter is deprecated as of Python 3.12; see the sqlite3 documentation for suggested replacement recipes
2025-10-17 06:21:56,640 - mcp.server.lowlevel.server - INFO - Processing request of type ListToolsRequest
2025-10-17 06:21:56,643 - mcp.server.lowlevel.server - INFO - Processing request of type CallToolRequest
2025-10-17 06:21:56,750 - mcp.server.lowlevel.server - INFO - Warning: DeprecationWarning: The default datetime adapter is deprecated as of Python 3.12; see the sqlite3 documentation for suggested replacement recipes
2025-10-17 06:21:56,750 - mcp.server.lowlevel.server - INFO - Warning: DeprecationWarning: The default datetime adapter is deprecated as of Python 3.12; see the sqlite3 documentation for suggested replacement recipes
2025-10-17 06:21:56,753 - mcp.server.lowlevel.server - INFO - Processing request of type CallToolRequest
tests\integration\mcp\test_move_note_integration.py ............
2025-10-17 06:21:57,081 - mcp.server.lowlevel.server - INFO - Processing request of type CallToolRequest
2025-10-17 06:21:57,088 - mcp.server.lowlevel.server - INFO - Processing request of type ListToolsRequest
2025-10-17 06:21:57,175 - mcp.server.lowlevel.server - INFO - Processing request of type CallToolRequest
2025-10-17 06:21:57,348 - mcp.server.lowlevel.server - INFO - Warning: DeprecationWarning: The default datetime adapter is deprecated as of Python 3.12; see the sqlite3 documentation for suggested replacement recipes
2025-10-17 06:21:57,348 - mcp.server.lowlevel.server - INFO - Warning: DeprecationWarning: The default datetime adapter is deprecated as of Python 3.12; see the sqlite3 documentation for suggested replacement recipes
2025-10-17 06:21:57,348 - mcp.server.lowlevel.server - INFO - Warning: DeprecationWarning: The default datetime adapter is deprecated as of Python 3.12; see the sqlite3 documentation for suggested replacement recipes
2025-10-17 06:21:57,348 - mcp.server.lowlevel.server - INFO - Warning: DeprecationWarning: The default datetime adapter is deprecated as of Python 3.12; see the sqlite3 documentation for suggested replacement recipes
2025-10-17 06:21:57,348 - mcp.server.lowlevel.server - INFO - Processing request of type ListToolsRequest
2025-10-17 06:21:57,354 - mcp.server.lowlevel.server - INFO - Processing request of type CallToolRequest
2025-10-17 06:21:57,497 - mcp.server.lowlevel.server - INFO - Processing request of type CallToolRequest
2025-10-17 06:21:57,739 - mcp.server.lowlevel.server - INFO - Warning: DeprecationWarning: The default datetime adapter is deprecated as of Python 3.12; see the sqlite3 documentation for suggested replacement recipes
2025-10-17 06:21:57,739 - mcp.server.lowlevel.server - INFO - Warning: DeprecationWarning: The default datetime adapter is deprecated as of Python 3.12; see the sqlite3 documentation for suggested replacement recipes
2025-10-17 06:21:57,739 - mcp.server.lowlevel.server - INFO - Warning: DeprecationWarning: The default datetime adapter is deprecated as of Python 3.12; see the sqlite3 documentation for suggested replacement recipes
2025-10-17 06:21:57,739 - mcp.server.lowlevel.server - INFO - Warning: DeprecationWarning: The default datetime adapter is deprecated as of Python 3.12; see the sqlite3 documentation for suggested replacement recipes
2025-10-17 06:21:57,739 - mcp.server.lowlevel.server - INFO - Warning: DeprecationWarning: The default datetime adapter is deprecated as of Python 3.12; see the sqlite3 documentation for suggested replacement recipes
2025-10-17 06:21:57,739 - mcp.server.lowlevel.server - INFO - Warning: DeprecationWarning: The default datetime adapter is deprecated as of Python 3.12; see the sqlite3 documentation for suggested replacement recipes
2025-10-17 06:21:57,739 - mcp.server.lowlevel.server - INFO - Warning: DeprecationWarning: The default datetime adapter is deprecated as of Python 3.12; see the sqlite3 documentation for suggested replacement recipes
2025-10-17 06:21:57,739 - mcp.server.lowlevel.server - INFO - Warning: DeprecationWarning: The default datetime adapter is deprecated as of Python 3.12; see the sqlite3 documentation for suggested replacement recipes
2025-10-17 06:21:57,739 - mcp.server.lowlevel.server - INFO - Warning: DeprecationWarning: The default datetime adapter is deprecated as of Python 3.12; see the sqlite3 documentation for suggested replacement recipes
2025-10-17 06:21:57,739 - mcp.server.lowlevel.server - INFO - Warning: DeprecationWarning: The default datetime adapter is deprecated as of Python 3.12; see the sqlite3 documentation for suggested replacement recipes
2025-10-17 06:21:57,740 - mcp.server.lowlevel.server - INFO - Processing request of type ListToolsRequest
2025-10-17 06:21:57,743 - mcp.server.lowlevel.server - INFO - Processing request of type CallToolRequest
2025-10-17 06:21:58,030 - mcp.server.lowlevel.server - INFO - Warning: DeprecationWarning: The default datetime adapter is deprecated as of Python 3.12; see the sqlite3 documentation for suggested replacement recipes
2025-10-17 06:21:58,030 - mcp.server.lowlevel.server - INFO - Warning: DeprecationWarning: The default datetime adapter is deprecated as of Python 3.12; see the sqlite3 documentation for suggested replacement recipes
2025-10-17 06:21:58,030 - mcp.server.lowlevel.server - INFO - Warning: DeprecationWarning: The default datetime adapter is deprecated as of Python 3.12; see the sqlite3 documentation for suggested replacement recipes
2025-10-17 06:21:58,030 - mcp.server.lowlevel.server - INFO - Warning: DeprecationWarning: The default datetime adapter is deprecated as of Python 3.12; see the sqlite3 documentation for suggested replacement recipes
2025-10-17 06:21:58,030 - mcp.server.lowlevel.server - INFO - Warning: DeprecationWarning: The default datetime adapter is deprecated as of Python 3.12; see the sqlite3 documentation for suggested replacement recipes
2025-10-17 06:21:58,030 - mcp.server.lowlevel.server - INFO - Warning: DeprecationWarning: The default datetime adapter is deprecated as of Python 3.12; see the sqlite3 documentation for suggested replacement recipes
2025-10-17 06:21:58,030 - mcp.server.lowlevel.server - INFO - Warning: DeprecationWarning: The default datetime adapter is deprecated as of Python 3.12; see the sqlite3 documentation for suggested replacement recipes
2025-10-17 06:21:58,030 - mcp.server.lowlevel.server - INFO - Warning: DeprecationWarning: The default datetime adapter is deprecated as of Python 3.12; see the sqlite3 documentation for suggested replacement recipes
2025-10-17 06:21:58,030 - mcp.server.lowlevel.server - INFO - Warning: DeprecationWarning: The default datetime adapter is deprecated as of Python 3.12; see the sqlite3 documentation for suggested replacement recipes
2025-10-17 06:21:58,030 - mcp.server.lowlevel.server - INFO - Warning: DeprecationWarning: The default datetime adapter is deprecated as of Python 3.12; see the sqlite3 documentation for suggested replacement recipes
2025-10-17 06:21:58,030 - mcp.server.lowlevel.server - INFO - Warning: DeprecationWarning: The default datetime adapter is deprecated as of Python 3.12; see the sqlite3 documentation for suggested replacement recipes
2025-10-17 06:21:58,030 - mcp.server.lowlevel.server - INFO - Warning: DeprecationWarning: The default datetime adapter is deprecated as of Python 3.12; see the sqlite3 documentation for suggested replacement recipes
2025-10-17 06:21:58,031 - mcp.server.lowlevel.server - INFO - Warning: DeprecationWarning: The default datetime adapter is deprecated as of Python 3.12; see the sqlite3 documentation for suggested replacement recipes
2025-10-17 06:21:58,031 - mcp.server.lowlevel.server - INFO - Warning: DeprecationWarning: The default datetime adapter is deprecated as of Python 3.12; see the sqlite3 documentation for suggested replacement recipes
2025-10-17 06:21:58,031 - mcp.server.lowlevel.server - INFO - Warning: DeprecationWarning: The default datetime adapter is deprecated as of Python 3.12; see the sqlite3 documentation for suggested replacement recipes
2025-10-17 06:21:58,031 - mcp.server.lowlevel.server - INFO - Warning: DeprecationWarning: The default datetime adapter is deprecated as of Python 3.12; see the sqlite3 documentation for suggested replacement recipes
2025-10-17 06:21:58,032 - mcp.server.lowlevel.server - INFO - Processing request of type CallToolRequest
2025-10-17 06:21:58,173 - mcp.server.lowlevel.server - INFO - Processing request of type CallToolRequest
2025-10-17 06:21:58,181 - mcp.server.lowlevel.server - INFO - Processing request of type ListToolsRequest
2025-10-17 06:21:58,276 - mcp.server.lowlevel.server - INFO - Processing request of type CallToolRequest
2025-10-17 06:21:58,323 - mcp.server.lowlevel.server - INFO - Processing request of type ListToolsRequest
2025-10-17 06:21:58,415 - mcp.server.lowlevel.server - INFO - Processing request of type CallToolRequest
2025-10-17 06:21:58,467 - mcp.server.lowlevel.server - INFO - Processing request of type ListToolsRequest
2025-10-17 06:21:58,471 - mcp.server.lowlevel.server - INFO - Processing request of type CallToolRequest
2025-10-17 06:21:58,496 - mcp.server.lowlevel.server - INFO - Warning: DeprecationWarning: datetime.datetime.utcnow() is deprecated and scheduled for removal in a future version. Use timezone-aware objects to represent datetimes in UTC: datetime.datetime.now(datetime.UTC).
2025-10-17 06:21:58,595 - mcp.server.lowlevel.server - INFO - Processing request of type CallToolRequest
[10/17/25 06:21:58] ERROR    Error calling tool             tool_manager.py:193
                             'set_default_project'
                             +- Traceback (most recent ca-+
                             | D:\Dev\repos\advanced-memo |
                             | ry-mcp\src\advanced_memory |
                             | \mcp\tools\utils.py:233 in |
                             | call_put                   |
                             |                            |
                             |   230             logger.e |
                             |   231                      |
                             |   232         # Raise a to |
                             | > 233         response.rai |
                             |   234         return respo |
                             |       checker  # pragma: n |
                             |   235                      |
                             |   236     except HTTPStatu |
                             |                            |
                             | D:\Dev\repos\advanced-memo |
                             | ry-mcp\.venv\Lib\site-pack |
                             | ages\httpx\_models.py:829  |
                             | in raise_for_status        |
                             |                            |
                             |    826         }           |
                             |    827         error_type  |
                             |    828         message = m |
                             | >  829         raise HTTPS |
                             |    830                     |
                             |    831     def json(self,  |
                             |    832         return json |
                             +----------------------------+
                             HTTPStatusError: Client error
                             '404 Not Found' for url
                             'http://test/projects/non-exis
                             tent-project/default'
                             For more information check:
                             https://developer.mozilla.org/
                             en-US/docs/Web/HTTP/Status/404

                             The above exception was the
                             direct cause of the following
                             exception:

                             +- Traceback (most recent ca-+
                             | D:\Dev\repos\advanced-memo |
                             | ry-mcp\.venv\Lib\site-pack |
                             | ages\fastmcp\tools\tool_ma |
                             | nager.py:184 in call_tool  |
                             |                            |
                             |   181                 rais |
                             |   182                      |
                             |   183             try:     |
                             | > 184                 retu |
                             |   185                      |
                             |   186             # raise  |
                             |   187             except T |
                             |                            |
                             | D:\Dev\repos\advanced-memo |
                             | ry-mcp\.venv\Lib\site-pack |
                             | ages\fastmcp\tools\tool.py |
                             | :276 in run                |
                             |                            |
                             |   273         result = typ |
                             |   274                      |
                             |   275         if inspect.i |
                             | > 276             result = |
                             |   277                      |
                             |   278         if isinstanc |
                             |   279             return r |
                             |                            |
                             | D:\Dev\repos\advanced-memo |
                             | ry-mcp\src\advanced_memory |
                             | \mcp\tools\project_managem |
                             | ent.py:346 in              |
                             | set_default_project        |
                             |                            |
                             |   343         await ctx.in |
                             |   344                      |
                             |   345     # Call API to se |
                             | > 346     response = await |
                             |   347     status_response  |
                             |   348                      |
                             |   349     result = f"\u2713 {st |
                             |                            |
                             | D:\Dev\repos\advanced-memo |
                             | ry-mcp\src\advanced_memory |
                             | \mcp\tools\utils.py:237 in |
                             | call_put                   |
                             |                            |
                             |   234         return respo |
                             |       checker  # pragma: n |
                             |   235                      |
                             |   236     except HTTPStatu |
                             | > 237         raise ToolEr |
                             |   238                      |
                             |   239                      |
                             |   240 async def call_patch |
                             +----------------------------+
                             ToolError: Project:
                             'non-existent-project' does
                             not exist
2025-10-17 06:21:58,815 - mcp.server.lowlevel.server - INFO - Processing request of type CallToolRequest
2025-10-17 06:21:58,855 - mcp.server.lowlevel.server - INFO - Processing request of type ListToolsRequest
2025-10-17 06:21:58,859 - mcp.server.lowlevel.server - INFO - Processing request of type CallToolRequest
2025-10-17 06:21:58,867 - mcp.server.lowlevel.server - INFO - Processing request of type CallToolRequest
2025-10-17 06:21:58,907 - mcp.server.lowlevel.server - INFO - Processing request of type CallToolRequest
2025-10-17 06:21:59,030 - mcp.server.lowlevel.server - INFO - Processing request of type CallToolRequest
2025-10-17 06:21:59,037 - mcp.server.lowlevel.server - INFO - Processing request of type ListToolsRequest
2025-10-17 06:21:59,039 - mcp.server.lowlevel.server - INFO - Processing request of type CallToolRequest
2025-10-17 06:21:59,081 - mcp.server.lowlevel.server - INFO - Processing request of type CallToolRequest
2025-10-17 06:21:59,199 - mcp.server.lowlevel.server - INFO - Processing request of type CallToolRequest
2025-10-17 06:21:59,239 - mcp.server.lowlevel.server - INFO - Processing request of type ListToolsRequest
2025-10-17 06:21:59,243 - mcp.server.lowlevel.server - INFO - Processing request of type CallToolRequest
2025-10-17 06:21:59,445 - mcp.server.lowlevel.server - INFO - Warning: DeprecationWarning: The default datetime adapter is deprecated as of Python 3.12; see the sqlite3 documentation for suggested replacement recipes
2025-10-17 06:21:59,445 - mcp.server.lowlevel.server - INFO - Warning: DeprecationWarning: The default datetime adapter is deprecated as of Python 3.12; see the sqlite3 documentation for suggested replacement recipes
2025-10-17 06:21:59,445 - mcp.server.lowlevel.server - INFO - Warning: DeprecationWarning: The default datetime adapter is deprecated as of Python 3.12; see the sqlite3 documentation for suggested replacement recipes
2025-10-17 06:21:59,446 - mcp.server.lowlevel.server - INFO - Warning: DeprecationWarning: The default datetime adapter is deprecated as of Python 3.12; see the sqlite3 documentation for suggested replacement recipes
2025-10-17 06:21:59,446 - mcp.server.lowlevel.server - INFO - Warning: DeprecationWarning: The default datetime adapter is deprecated as of Python 3.12; see the sqlite3 documentation for suggested replacement recipes
2025-10-17 06:21:59,446 - mcp.server.lowlevel.server - INFO - Warning: DeprecationWarning: The default datetime adapter is deprecated as of Python 3.12; see the sqlite3 documentation for suggested replacement recipes
2025-10-17 06:21:59,446 - mcp.server.lowlevel.server - INFO - Warning: DeprecationWarning: The default datetime adapter is deprecated as of Python 3.12; see the sqlite3 documentation for suggested replacement recipes
2025-10-17 06:21:59,446 - mcp.server.lowlevel.server - INFO - Warning: DeprecationWarning: The default datetime adapter is deprecated as of Python 3.12; see the sqlite3 documentation for suggested replacement recipes
2025-10-17 06:21:59,447 - mcp.server.lowlevel.server - INFO - Processing request of type CallToolRequest
2025-10-17 06:21:59,574 - mcp.server.lowlevel.server - INFO - Processing request of type CallToolRequest
2025-10-17 06:21:59,584 - mcp.server.lowlevel.server - INFO - Warning: DeprecationWarning: datetime.datetime.utcnow() is deprecated and scheduled for removal in a future version. Use timezone-aware objects to represent datetimes in UTC: datetime.datetime.now(datetime.UTC).
2025-10-17 06:21:59,585 - mcp.server.lowlevel.server - INFO - Warning: DeprecationWarning: datetime.datetime.utcnow() is deprecated and scheduled for removal in a future version. Use timezone-aware objects to represent datetimes in UTC: datetime.datetime.now(datetime.UTC).
2025-10-17 06:21:59,585 - mcp.server.lowlevel.server - INFO - Processing request of type ListToolsRequest
2025-10-17 06:21:59,591 - mcp.server.lowlevel.server - INFO - Processing request of type CallToolRequest
2025-10-17 06:21:59,695 - mcp.server.lowlevel.server - INFO - Processing request of type CallToolRequest
2025-10-17 06:21:59,720 - mcp.server.lowlevel.server - INFO - Warning: DeprecationWarning: datetime.datetime.utcnow() is deprecated and scheduled for removal in a future version. Use timezone-aware objects to represent datetimes in UTC: datetime.datetime.now(datetime.UTC).
2025-10-17 06:21:59,720 - mcp.server.lowlevel.server - INFO - Warning: DeprecationWarning: datetime.datetime.utcnow() is deprecated and scheduled for removal in a future version. Use timezone-aware objects to represent datetimes in UTC: datetime.datetime.now(datetime.UTC).
2025-10-17 06:21:59,720 - mcp.server.lowlevel.server - INFO - Warning: DeprecationWarning: datetime.datetime.utcnow() is deprecated and scheduled for removal in a future version. Use timezone-aware objects to represent datetimes in UTC: datetime.datetime.now(datetime.UTC).
2025-10-17 06:21:59,721 - mcp.server.lowlevel.server - INFO - Processing request of type ListToolsRequest
2025-10-17 06:21:59,724 - mcp.server.lowlevel.server - INFO - Processing request of type CallToolRequest
2025-10-17 06:21:59,865 - mcp.server.lowlevel.server - INFO - Processing request of type CallToolRequest
2025-10-17 06:21:59,874 - mcp.server.lowlevel.server - INFO - Warning: DeprecationWarning: datetime.datetime.utcnow() is deprecated and scheduled for removal in a future version. Use timezone-aware objects to represent datetimes in UTC: datetime.datetime.now(datetime.UTC).
2025-10-17 06:21:59,874 - mcp.server.lowlevel.server - INFO - Warning: DeprecationWarning: datetime.datetime.utcnow() is deprecated and scheduled for removal in a future version. Use timezone-aware objects to represent datetimes in UTC: datetime.datetime.now(datetime.UTC).
2025-10-17 06:21:59,875 - mcp.server.lowlevel.server - INFO - Processing request of type ListToolsRequest
2025-10-17 06:21:59,878 - mcp.server.lowlevel.server - INFO - Processing request of type CallToolRequest
[10/17/25 06:21:59] ERROR    Error calling tool             tool_manager.py:193
                             'create_memory_project'
                             +- Traceback (most recent ca-+
                             | D:\Dev\repos\advanced-memo |
                             | ry-mcp\src\advanced_memory |
                             | \mcp\tools\utils.py:425 in |
                             | call_post                  |
                             |                            |
                             |   422             logger.e |
                             |   423                      |
                             |   424         # Raise a to |
                             | > 425         response.rai |
                             |   426         return respo |
                             |       checker  # pragma: n |
                             |   427                      |
                             |   428     except HTTPStatu |
                             |                            |
                             | D:\Dev\repos\advanced-memo |
                             | ry-mcp\.venv\Lib\site-pack |
                             | ages\httpx\_models.py:829  |
                             | in raise_for_status        |
                             |                            |
                             |    826         }           |
                             |    827         error_type  |
                             |    828         message = m |
                             | >  829         raise HTTPS |
                             |    830                     |
                             |    831     def json(self,  |
                             |    832         return json |
                             +----------------------------+
                             HTTPStatusError: Client error
                             '400 Bad Request' for url
                             'http://test/projects/projects
                             '
                             For more information check:
                             https://developer.mozilla.org/
                             en-US/docs/Web/HTTP/Status/400

                             The above exception was the
                             direct cause of the following
                             exception:

                             +- Traceback (most recent ca-+
                             | D:\Dev\repos\advanced-memo |
                             | ry-mcp\.venv\Lib\site-pack |
                             | ages\fastmcp\tools\tool_ma |
                             | nager.py:184 in call_tool  |
                             |                            |
                             |   181                 rais |
                             |   182                      |
                             |   183             try:     |
                             | > 184                 retu |
                             |   185                      |
                             |   186             # raise  |
                             |   187             except T |
                             |                            |
                             | D:\Dev\repos\advanced-memo |
                             | ry-mcp\.venv\Lib\site-pack |
                             | ages\fastmcp\tools\tool.py |
                             | :276 in run                |
                             |                            |
                             |   273         result = typ |
                             |   274                      |
                             |   275         if inspect.i |
                             | > 276             result = |
                             |   277                      |
                             |   278         if isinstanc |
                             |   279             return r |
                             |                            |
                             | D:\Dev\repos\advanced-memo |
                             | ry-mcp\src\advanced_memory |
                             | \mcp\tools\project_managem |
                             | ent.py:389 in              |
                             | create_memory_project      |
                             |                            |
                             |   386     )                |
                             |   387                      |
                             |   388     # Call API to cr |
                             | > 389     response = await |
                             |       json=project_request |
                             |   390     status_response  |
                             |   391                      |
                             |   392     result = f"\u2713 {st |
                             |                            |
                             | D:\Dev\repos\advanced-memo |
                             | ry-mcp\src\advanced_memory |
                             | \mcp\tools\utils.py:429 in |
                             | call_post                  |
                             |                            |
                             |   426         return respo |
                             |       checker  # pragma: n |
                             |   427                      |
                             |   428     except HTTPStatu |
                             | > 429         raise ToolEr |
                             |   430                      |
                             |   431                      |
                             |   432 async def call_delet |
                             +----------------------------+
                             ToolError: Project
                             'duplicate-test' already
                             exists
2025-10-17 06:22:00,148 - mcp.server.lowlevel.server - INFO - Processing request of type CallToolRequest
2025-10-17 06:22:00,157 - mcp.server.lowlevel.server - INFO - Warning: DeprecationWarning: datetime.datetime.utcnow() is deprecated and scheduled for removal in a future version. Use timezone-aware objects to represent datetimes in UTC: datetime.datetime.now(datetime.UTC).
2025-10-17 06:22:00,157 - mcp.server.lowlevel.server - INFO - Warning: DeprecationWarning: datetime.datetime.utcnow() is deprecated and scheduled for removal in a future version. Use timezone-aware objects to represent datetimes in UTC: datetime.datetime.now(datetime.UTC).
2025-10-17 06:22:00,157 - mcp.server.lowlevel.server - INFO - Processing request of type ListToolsRequest
2025-10-17 06:22:00,160 - mcp.server.lowlevel.server - INFO - Processing request of type CallToolRequest
2025-10-17 06:22:00,175 - mcp.server.lowlevel.server - INFO - Processing request of type CallToolRequest
2025-10-17 06:22:00,193 - mcp.server.lowlevel.server - INFO - Processing request of type CallToolRequest
2025-10-17 06:22:00,288 - mcp.server.lowlevel.server - INFO - Processing request of type CallToolRequest
[10/17/25 06:22:00] ERROR    Error calling tool             tool_manager.py:193
                             'delete_project'
                             +- Traceback (most recent ca-+
                             | D:\Dev\repos\advanced-memo |
                             | ry-mcp\.venv\Lib\site-pack |
                             | ages\fastmcp\tools\tool_ma |
                             | nager.py:184 in call_tool  |
                             |                            |
                             |   181                 rais |
                             |   182                      |
                             |   183             try:     |
                             | > 184                 retu |
                             |   185                      |
                             |   186             # raise  |
                             |   187             except T |
                             |                            |
                             | D:\Dev\repos\advanced-memo |
                             | ry-mcp\.venv\Lib\site-pack |
                             | ages\fastmcp\tools\tool.py |
                             | :276 in run                |
                             |                            |
                             |   273         result = typ |
                             |   274                      |
                             |   275         if inspect.i |
                             | > 276             result = |
                             |   277                      |
                             |   278         if isinstanc |
                             |   279             return r |
                             |                            |
                             | D:\Dev\repos\advanced-memo |
                             | ry-mcp\src\advanced_memory |
                             | \mcp\tools\project_managem |
                             | ent.py:500 in              |
                             | delete_project             |
                             |                            |
                             |   497     project_exists = |
                             |   498     if not project_e |
                             |   499         available_pr |
                             | > 500         raise ValueE |
                             |   501             f"Projec |
                             |       '.join(available_pro |
                             |   502         )            |
                             |   503                      |
                             +----------------------------+
                             ValueError: Project
                             'non-existent-project' not
                             found. Available projects:
                             test-project
2025-10-17 06:22:00,434 - mcp.server.lowlevel.server - INFO - Processing request of type CallToolRequest
                    ERROR    Error calling tool             tool_manager.py:193
                             'delete_project'
                             +- Traceback (most recent ca-+
                             | D:\Dev\repos\advanced-memo |
                             | ry-mcp\.venv\Lib\site-pack |
                             | ages\fastmcp\tools\tool_ma |
                             | nager.py:184 in call_tool  |
                             |                            |
                             |   181                 rais |
                             |   182                      |
                             |   183             try:     |
                             | > 184                 retu |
                             |   185                      |
                             |   186             # raise  |
                             |   187             except T |
                             |                            |
                             | D:\Dev\repos\advanced-memo |
                             | ry-mcp\.venv\Lib\site-pack |
                             | ages\fastmcp\tools\tool.py |
                             | :276 in run                |
                             |                            |
                             |   273         result = typ |
                             |   274                      |
                             |   275         if inspect.i |
                             | > 276             result = |
                             |   277                      |
                             |   278         if isinstanc |
                             |   279             return r |
                             |                            |
                             | D:\Dev\repos\advanced-memo |
                             | ry-mcp\src\advanced_memory |
                             | \mcp\tools\project_managem |
                             | ent.py:488 in              |
                             | delete_project             |
                             |                            |
                             |   485                      |
                             |   486     # Check if tryin |
                             |   487     if project_name  |
                             | > 488         raise ValueE |
                             |   489             f"Cannot |
                             |       different project fi |
                             |   490         )            |
                             |   491                      |
                             +----------------------------+
                             ValueError: Cannot delete the
                             currently active project
                             'test-project'. Switch to a
                             different project first.
2025-10-17 06:22:00,581 - mcp.server.lowlevel.server - INFO - Processing request of type CallToolRequest
2025-10-17 06:22:00,594 - mcp.server.lowlevel.server - INFO - Warning: DeprecationWarning: datetime.datetime.utcnow() is deprecated and scheduled for removal in a future version. Use timezone-aware objects to represent datetimes in UTC: datetime.datetime.now(datetime.UTC).
2025-10-17 06:22:00,595 - mcp.server.lowlevel.server - INFO - Warning: DeprecationWarning: datetime.datetime.utcnow() is deprecated and scheduled for removal in a future version. Use timezone-aware objects to represent datetimes in UTC: datetime.datetime.now(datetime.UTC).
2025-10-17 06:22:00,595 - mcp.server.lowlevel.server - INFO - Processing request of type ListToolsRequest
2025-10-17 06:22:00,600 - mcp.server.lowlevel.server - INFO - Processing request of type CallToolRequest
2025-10-17 06:22:00,670 - mcp.server.lowlevel.server - INFO - Processing request of type CallToolRequest
2025-10-17 06:22:01,032 - mcp.server.lowlevel.server - INFO - Warning: DeprecationWarning: The default datetime adapter is deprecated as of Python 3.12; see the sqlite3 documentation for suggested replacement recipes
2025-10-17 06:22:01,032 - mcp.server.lowlevel.server - INFO - Warning: DeprecationWarning: The default datetime adapter is deprecated as of Python 3.12; see the sqlite3 documentation for suggested replacement recipes
2025-10-17 06:22:01,034 - mcp.server.lowlevel.server - INFO - Processing request of type CallToolRequest
2025-10-17 06:22:01,079 - mcp.server.lowlevel.server - INFO - Processing request of type CallToolRequest
2025-10-17 06:22:01,124 - mcp.server.lowlevel.server - INFO - Processing request of type CallToolRequest
2025-10-17 06:22:01,149 - mcp.server.lowlevel.server - INFO - Processing request of type CallToolRequest
2025-10-17 06:22:01,247 - mcp.server.lowlevel.server - INFO - Processing request of type CallToolRequest
2025-10-17 06:22:01,256 - mcp.server.lowlevel.server - INFO - Warning: DeprecationWarning: datetime.datetime.utcnow() is deprecated and scheduled for removal in a future version. Use timezone-aware objects to represent datetimes in UTC: datetime.datetime.now(datetime.UTC).
2025-10-17 06:22:01,256 - mcp.server.lowlevel.server - INFO - Warning: DeprecationWarning: datetime.datetime.utcnow() is deprecated and scheduled for removal in a future version. Use timezone-aware objects to represent datetimes in UTC: datetime.datetime.now(datetime.UTC).
2025-10-17 06:22:01,257 - mcp.server.lowlevel.server - INFO - Processing request of type ListToolsRequest
2025-10-17 06:22:01,260 - mcp.server.lowlevel.server - INFO - Processing request of type CallToolRequest
2025-10-17 06:22:01,277 - mcp.server.lowlevel.server - INFO - Processing request of type CallToolRequest
2025-10-17 06:22:01,297 - mcp.server.lowlevel.server - INFO - Processing request of type CallToolRequest
2025-10-17 06:22:01,393 - mcp.server.lowlevel.server - INFO - Processing request of type CallToolRequest
2025-10-17 06:22:01,403 - mcp.server.lowlevel.server - INFO - Warning: DeprecationWarning: datetime.datetime.utcnow() is deprecated and scheduled for removal in a future version. Use timezone-aware objects to represent datetimes in UTC: datetime.datetime.now(datetime.UTC).
2025-10-17 06:22:01,403 - mcp.server.lowlevel.server - INFO - Warning: DeprecationWarning: datetime.datetime.utcnow() is deprecated and scheduled for removal in a future version. Use timezone-aware objects to represent datetimes in UTC: datetime.datetime.now(datetime.UTC).
2025-10-17 06:22:01,405 - mcp.server.lowlevel.server - INFO - Processing request of type ListToolsRequest
2025-10-17 06:22:01,408 - mcp.server.lowlevel.server - INFO - Processing request of type CallToolRequest
2025-10-17 06:22:01,424 - mcp.server.lowlevel.server - INFO - Processing request of type CallToolRequest
2025-10-17 06:22:01,466 - mcp.server.lowlevel.server - INFO - Processing request of type CallToolRequest
2025-10-17 06:22:01,503 - mcp.server.lowlevel.server - INFO - Processing request of type CallToolRequest
2025-10-17 06:22:01,541 - mcp.server.lowlevel.server - INFO - Processing request of type CallToolRequest
2025-10-17 06:22:01,578 - mcp.server.lowlevel.server - INFO - Processing request of type CallToolRequest
2025-10-17 06:22:01,618 - mcp.server.lowlevel.server - INFO - Processing request of type CallToolRequest
2025-10-17 06:22:01,658 - mcp.server.lowlevel.server - INFO - Processing request of type CallToolRequest
2025-10-17 06:22:01,697 - mcp.server.lowlevel.server - INFO - Processing request of type CallToolRequest
2025-10-17 06:22:01,732 - mcp.server.lowlevel.server - INFO - Processing request of type CallToolRequest
2025-10-17 06:22:01,769 - mcp.server.lowlevel.server - INFO - Processing request of type CallToolRequest
2025-10-17 06:22:01,873 - mcp.server.lowlevel.server - INFO - Processing request of type CallToolRequest
2025-10-17 06:22:01,884 - mcp.server.lowlevel.server - INFO - Warning: DeprecationWarning: datetime.datetime.utcnow() is deprecated and scheduled for removal in a future version. Use timezone-aware objects to represent datetimes in UTC: datetime.datetime.now(datetime.UTC).
2025-10-17 06:22:01,884 - mcp.server.lowlevel.server - INFO - Warning: DeprecationWarning: datetime.datetime.utcnow() is deprecated and scheduled for removal in a future version. Use timezone-aware objects to represent datetimes in UTC: datetime.datetime.now(datetime.UTC).
2025-10-17 06:22:01,884 - mcp.server.lowlevel.server - INFO - Processing request of type ListToolsRequest
2025-10-17 06:22:01,887 - mcp.server.lowlevel.server - INFO - Processing request of type CallToolRequest
2025-10-17 06:22:01,940 - mcp.server.lowlevel.server - INFO - Processing request of type CallToolRequest
2025-10-17 06:22:02,156 - mcp.server.lowlevel.server - INFO - Warning: DeprecationWarning: The default datetime adapter is deprecated as of Python 3.12; see the sqlite3 documentation for suggested replacement recipes
2025-10-17 06:22:02,157 - mcp.server.lowlevel.server - INFO - Warning: DeprecationWarning: The default datetime adapter is deprecated as of Python 3.12; see the sqlite3 documentation for suggested replacement recipes
2025-10-17 06:22:02,157 - mcp.server.lowlevel.server - INFO - Warning: DeprecationWarning: The default datetime adapter is deprecated as of Python 3.12; see the sqlite3 documentation for suggested replacement recipes
2025-10-17 06:22:02,157 - mcp.server.lowlevel.server - INFO - Warning: DeprecationWarning: The default datetime adapter is deprecated as of Python 3.12; see the sqlite3 documentation for suggested replacement recipes
2025-10-17 06:22:02,157 - mcp.server.lowlevel.server - INFO - Warning: DeprecationWarning: The default datetime adapter is deprecated as of Python 3.12; see the sqlite3 documentation for suggested replacement recipes
2025-10-17 06:22:02,157 - mcp.server.lowlevel.server - INFO - Warning: DeprecationWarning: The default datetime adapter is deprecated as of Python 3.12; see the sqlite3 documentation for suggested replacement recipes
2025-10-17 06:22:02,159 - mcp.server.lowlevel.server - INFO - Processing request of type CallToolRequest
2025-10-17 06:22:02,203 - mcp.server.lowlevel.server - INFO - Processing request of type CallToolRequest
2025-10-17 06:22:02,273 - mcp.server.lowlevel.server - INFO - Processing request of type CallToolRequest
2025-10-17 06:22:02,327 - mcp.server.lowlevel.server - INFO - Processing request of type CallToolRequest
2025-10-17 06:22:02,369 - mcp.server.lowlevel.server - INFO - Processing request of type CallToolRequest
2025-10-17 06:22:02,489 - mcp.server.lowlevel.server - INFO - Processing request of type CallToolRequest
2025-10-17 06:22:02,496 - mcp.server.lowlevel.server - INFO - Processing request of type ListToolsRequest
2025-10-17 06:22:02,499 - mcp.server.lowlevel.server - INFO - Processing request of type CallToolRequest
2025-10-17 06:22:02,509 - mcp.server.lowlevel.server - INFO - Processing request of type CallToolRequest
2025-10-17 06:22:02,514 - mcp.server.lowlevel.server - INFO - Processing request of type CallToolRequest
2025-10-17 06:22:02,607 - mcp.server.lowlevel.server - INFO - Processing request of type CallToolRequest
2025-10-17 06:22:02,616 - mcp.server.lowlevel.server - INFO - Warning: DeprecationWarning: datetime.datetime.utcnow() is deprecated and scheduled for removal in a future version. Use timezone-aware objects to represent datetimes in UTC: datetime.datetime.now(datetime.UTC).
2025-10-17 06:22:02,616 - mcp.server.lowlevel.server - INFO - Warning: DeprecationWarning: datetime.datetime.utcnow() is deprecated and scheduled for removal in a future version. Use timezone-aware objects to represent datetimes in UTC: datetime.datetime.now(datetime.UTC).
2025-10-17 06:22:02,616 - mcp.server.lowlevel.server - INFO - Processing request of type ListToolsRequest
2025-10-17 06:22:02,620 - mcp.server.lowlevel.server - INFO - Processing request of type CallToolRequest
2025-10-17 06:22:02,636 - mcp.server.lowlevel.server - INFO - Warning: DeprecationWarning: datetime.datetime.utcnow() is deprecated and scheduled for removal in a future version. Use timezone-aware objects to represent datetimes in UTC: datetime.datetime.now(datetime.UTC).
2025-10-17 06:22:02,636 - mcp.server.lowlevel.server - INFO - Warning: DeprecationWarning: datetime.datetime.utcnow() is deprecated and scheduled for removal in a future version. Use timezone-aware objects to represent datetimes in UTC: datetime.datetime.now(datetime.UTC).
2025-10-17 06:22:02,638 - mcp.server.lowlevel.server - INFO - Processing request of type CallToolRequest
2025-10-17 06:22:02,657 - mcp.server.lowlevel.server - INFO - Warning: DeprecationWarning: datetime.datetime.utcnow() is deprecated and scheduled for removal in a future version. Use timezone-aware objects to represent datetimes in UTC: datetime.datetime.now(datetime.UTC).
2025-10-17 06:22:02,657 - mcp.server.lowlevel.server - INFO - Warning: DeprecationWarning: datetime.datetime.utcnow() is deprecated and scheduled for removal in a future version. Use timezone-aware objects to represent datetimes in UTC: datetime.datetime.now(datetime.UTC).
2025-10-17 06:22:02,658 - mcp.server.lowlevel.server - INFO - Processing request of type CallToolRequest
2025-10-17 06:22:02,683 - mcp.server.lowlevel.server - INFO - Warning: DeprecationWarning: datetime.datetime.utcnow() is deprecated and scheduled for removal in a future version. Use timezone-aware objects to represent datetimes in UTC: datetime.datetime.now(datetime.UTC).
2025-10-17 06:22:02,683 - mcp.server.lowlevel.server - INFO - Warning: DeprecationWarning: datetime.datetime.utcnow() is deprecated and scheduled for removal in a future version. Use timezone-aware objects to represent datetimes in UTC: datetime.datetime.now(datetime.UTC).
2025-10-17 06:22:02,685 - mcp.server.lowlevel.server - INFO - Processing request of type CallToolRequest
2025-10-17 06:22:02,706 - mcp.server.lowlevel.server - INFO - Processing request of type CallToolRequest
2025-10-17 06:22:02,779 - mcp.server.lowlevel.server - INFO - Processing request of type CallToolRequest
2025-10-17 06:22:02,858 - mcp.server.lowlevel.server - INFO - Processing request of type CallToolRequest
2025-10-17 06:22:02,934 - mcp.server.lowlevel.server - INFO - Processing request of type CallToolRequest
2025-10-17 06:22:03,005 - mcp.server.lowlevel.server - INFO - Processing request of type CallToolRequest
2025-10-17 06:22:03,069 - mcp.server.lowlevel.server - INFO - Processing request of type CallToolRequest
2025-10-17 06:22:03,118 - mcp.server.lowlevel.server - INFO - Processing request of type CallToolRequest
2025-10-17 06:22:03,174 - mcp.server.lowlevel.server - INFO - Processing request of type CallToolRequest
2025-10-17 06:22:03,214 - mcp.server.lowlevel.server - INFO - Processing request of type CallToolRequest
2025-10-17 06:22:03,255 - mcp.server.lowlevel.server - INFO - Processing request of type CallToolRequest
2025-10-17 06:22:03,273 - mcp.server.lowlevel.server - INFO - Processing request of type CallToolRequest
2025-10-17 06:22:03,302 - mcp.server.lowlevel.server - INFO - Processing request of type CallToolRequest
2025-10-17 06:22:03,333 - mcp.server.lowlevel.server - INFO - Processing request of type CallToolRequest
2025-10-17 06:22:03,452 - mcp.server.lowlevel.server - INFO - Processing request of type CallToolRequest
2025-10-17 06:22:03,462 - mcp.server.lowlevel.server - INFO - Warning: DeprecationWarning: datetime.datetime.utcnow() is deprecated and scheduled for removal in a future version. Use timezone-aware objects to represent datetimes in UTC: datetime.datetime.now(datetime.UTC).
2025-10-17 06:22:03,463 - mcp.server.lowlevel.server - INFO - Warning: DeprecationWarning: datetime.datetime.utcnow() is deprecated and scheduled for removal in a future version. Use timezone-aware objects to represent datetimes in UTC: datetime.datetime.now(datetime.UTC).
2025-10-17 06:22:03,463 - mcp.server.lowlevel.server - INFO - Processing request of type ListToolsRequest
2025-10-17 06:22:03,467 - mcp.server.lowlevel.server - INFO - Processing request of type CallToolRequest
2025-10-17 06:22:03,526 - mcp.server.lowlevel.server - INFO - Processing request of type CallToolRequest
2025-10-17 06:22:03,709 - mcp.server.lowlevel.server - INFO - Warning: DeprecationWarning: The default datetime adapter is deprecated as of Python 3.12; see the sqlite3 documentation for suggested replacement recipes
2025-10-17 06:22:03,710 - mcp.server.lowlevel.server - INFO - Warning: DeprecationWarning: The default datetime adapter is deprecated as of Python 3.12; see the sqlite3 documentation for suggested replacement recipes
2025-10-17 06:22:03,710 - mcp.server.lowlevel.server - INFO - Warning: DeprecationWarning: The default datetime adapter is deprecated as of Python 3.12; see the sqlite3 documentation for suggested replacement recipes
2025-10-17 06:22:03,710 - mcp.server.lowlevel.server - INFO - Warning: DeprecationWarning: The default datetime adapter is deprecated as of Python 3.12; see the sqlite3 documentation for suggested replacement recipes
2025-10-17 06:22:03,711 - mcp.server.lowlevel.server - INFO - Processing request of type CallToolRequest
2025-10-17 06:22:03,751 - mcp.server.lowlevel.server - INFO - Processing request of type CallToolRequest
2025-10-17 06:22:03,827 - mcp.server.lowlevel.server - INFO - Processing request of type CallToolRequest
2025-10-17 06:22:03,835 - mcp.server.lowlevel.server - INFO - Processing request of type CallToolRequest
2025-10-17 06:22:03,881 - mcp.server.lowlevel.server - INFO - Processing request of type CallToolRequest
tests\integration\mcp\test_project_management_integration.py .......................
2025-10-17 06:22:04,008 - mcp.server.lowlevel.server - INFO - Processing request of type CallToolRequest
2025-10-17 06:22:04,052 - mcp.server.lowlevel.server - INFO - Processing request of type ListToolsRequest
2025-10-17 06:22:04,056 - mcp.server.lowlevel.server - INFO - Processing request of type CallToolRequest
2025-10-17 06:22:04,066 - mcp.server.lowlevel.server - INFO - Warning: DeprecationWarning: datetime.datetime.utcnow() is deprecated and scheduled for removal in a future version. Use timezone-aware objects to represent datetimes in UTC: datetime.datetime.now(datetime.UTC).
2025-10-17 06:22:04,066 - mcp.server.lowlevel.server - INFO - Warning: DeprecationWarning: datetime.datetime.utcnow() is deprecated and scheduled for removal in a future version. Use timezone-aware objects to represent datetimes in UTC: datetime.datetime.now(datetime.UTC).
2025-10-17 06:22:04,067 - mcp.server.lowlevel.server - INFO - Processing request of type CallToolRequest
2025-10-17 06:22:04,108 - mcp.server.lowlevel.server - INFO - Warning: DeprecationWarning: datetime.datetime.utcnow() is deprecated and scheduled for removal in a future version. Use timezone-aware objects to represent datetimes in UTC: datetime.datetime.now(datetime.UTC).
2025-10-17 06:22:04,109 - mcp.server.lowlevel.server - INFO - Processing request of type CallToolRequest
2025-10-17 06:22:04,153 - mcp.server.lowlevel.server - INFO - Processing request of type CallToolRequest
2025-10-17 06:22:04,325 - mcp.server.lowlevel.server - INFO - Warning: DeprecationWarning: The default datetime adapter is deprecated as of Python 3.12; see the sqlite3 documentation for suggested replacement recipes
2025-10-17 06:22:04,325 - mcp.server.lowlevel.server - INFO - Warning: DeprecationWarning: The default datetime adapter is deprecated as of Python 3.12; see the sqlite3 documentation for suggested replacement recipes
2025-10-17 06:22:04,325 - mcp.server.lowlevel.server - INFO - Warning: DeprecationWarning: The default datetime adapter is deprecated as of Python 3.12; see the sqlite3 documentation for suggested replacement recipes
2025-10-17 06:22:04,325 - mcp.server.lowlevel.server - INFO - Warning: DeprecationWarning: The default datetime adapter is deprecated as of Python 3.12; see the sqlite3 documentation for suggested replacement recipes
2025-10-17 06:22:04,417 - mcp.server.lowlevel.server - INFO - Processing request of type CallToolRequest
2025-10-17 06:22:04,427 - mcp.server.lowlevel.server - INFO - Warning: DeprecationWarning: datetime.datetime.utcnow() is deprecated and scheduled for removal in a future version. Use timezone-aware objects to represent datetimes in UTC: datetime.datetime.now(datetime.UTC).
2025-10-17 06:22:04,428 - mcp.server.lowlevel.server - INFO - Warning: DeprecationWarning: datetime.datetime.utcnow() is deprecated and scheduled for removal in a future version. Use timezone-aware objects to represent datetimes in UTC: datetime.datetime.now(datetime.UTC).
2025-10-17 06:22:04,428 - mcp.server.lowlevel.server - INFO - Processing request of type ListToolsRequest
2025-10-17 06:22:04,431 - mcp.server.lowlevel.server - INFO - Processing request of type CallToolRequest
2025-10-17 06:22:04,449 - mcp.server.lowlevel.server - INFO - Warning: DeprecationWarning: datetime.datetime.utcnow() is deprecated and scheduled for removal in a future version. Use timezone-aware objects to represent datetimes in UTC: datetime.datetime.now(datetime.UTC).
2025-10-17 06:22:04,449 - mcp.server.lowlevel.server - INFO - Warning: DeprecationWarning: datetime.datetime.utcnow() is deprecated and scheduled for removal in a future version. Use timezone-aware objects to represent datetimes in UTC: datetime.datetime.now(datetime.UTC).
2025-10-17 06:22:04,450 - mcp.server.lowlevel.server - INFO - Processing request of type CallToolRequest
2025-10-17 06:22:04,468 - mcp.server.lowlevel.server - INFO - Warning: DeprecationWarning: datetime.datetime.utcnow() is deprecated and scheduled for removal in a future version. Use timezone-aware objects to represent datetimes in UTC: datetime.datetime.now(datetime.UTC).
2025-10-17 06:22:04,468 - mcp.server.lowlevel.server - INFO - Warning: DeprecationWarning: datetime.datetime.utcnow() is deprecated and scheduled for removal in a future version. Use timezone-aware objects to represent datetimes in UTC: datetime.datetime.now(datetime.UTC).
2025-10-17 06:22:04,469 - mcp.server.lowlevel.server - INFO - Processing request of type CallToolRequest
2025-10-17 06:22:04,506 - mcp.server.lowlevel.server - INFO - Warning: DeprecationWarning: datetime.datetime.utcnow() is deprecated and scheduled for removal in a future version. Use timezone-aware objects to represent datetimes in UTC: datetime.datetime.now(datetime.UTC).
2025-10-17 06:22:04,507 - mcp.server.lowlevel.server - INFO - Processing request of type CallToolRequest
2025-10-17 06:22:04,553 - mcp.server.lowlevel.server - INFO - Processing request of type CallToolRequest
2025-10-17 06:22:04,712 - mcp.server.lowlevel.server - INFO - Warning: DeprecationWarning: The default datetime adapter is deprecated as of Python 3.12; see the sqlite3 documentation for suggested replacement recipes
2025-10-17 06:22:04,713 - mcp.server.lowlevel.server - INFO - Warning: DeprecationWarning: The default datetime adapter is deprecated as of Python 3.12; see the sqlite3 documentation for suggested replacement recipes
2025-10-17 06:22:04,803 - mcp.server.lowlevel.server - INFO - Processing request of type CallToolRequest
2025-10-17 06:22:04,809 - mcp.server.lowlevel.server - INFO - Processing request of type ListToolsRequest
2025-10-17 06:22:04,813 - mcp.server.lowlevel.server - INFO - Processing request of type CallToolRequest
tests\integration\mcp\test_project_state_sync_integration.py FF.
2025-10-17 06:22:04,970 - mcp.server.lowlevel.server - INFO - Processing request of type CallToolRequest
2025-10-17 06:22:05,139 - mcp.server.lowlevel.server - INFO - Warning: DeprecationWarning: The default datetime adapter is deprecated as of Python 3.12; see the sqlite3 documentation for suggested replacement recipes
2025-10-17 06:22:05,139 - mcp.server.lowlevel.server - INFO - Warning: DeprecationWarning: The default datetime adapter is deprecated as of Python 3.12; see the sqlite3 documentation for suggested replacement recipes
2025-10-17 06:22:05,139 - mcp.server.lowlevel.server - INFO - Processing request of type ListToolsRequest
2025-10-17 06:22:05,143 - mcp.server.lowlevel.server - INFO - Processing request of type CallToolRequest
2025-10-17 06:22:05,516 - mcp.server.lowlevel.server - INFO - Processing request of type CallToolRequest
2025-10-17 06:22:05,685 - mcp.server.lowlevel.server - INFO - Warning: DeprecationWarning: The default datetime adapter is deprecated as of Python 3.12; see the sqlite3 documentation for suggested replacement recipes
2025-10-17 06:22:05,685 - mcp.server.lowlevel.server - INFO - Warning: DeprecationWarning: The default datetime adapter is deprecated as of Python 3.12; see the sqlite3 documentation for suggested replacement recipes
2025-10-17 06:22:05,686 - mcp.server.lowlevel.server - INFO - Processing request of type ListToolsRequest
2025-10-17 06:22:05,690 - mcp.server.lowlevel.server - INFO - Processing request of type CallToolRequest
2025-10-17 06:22:05,832 - mcp.server.lowlevel.server - INFO - Processing request of type CallToolRequest
2025-10-17 06:22:06,007 - mcp.server.lowlevel.server - INFO - Warning: DeprecationWarning: The default datetime adapter is deprecated as of Python 3.12; see the sqlite3 documentation for suggested replacement recipes
2025-10-17 06:22:06,007 - mcp.server.lowlevel.server - INFO - Warning: DeprecationWarning: The default datetime adapter is deprecated as of Python 3.12; see the sqlite3 documentation for suggested replacement recipes
2025-10-17 06:22:06,007 - mcp.server.lowlevel.server - INFO - Processing request of type ListToolsRequest
2025-10-17 06:22:06,011 - mcp.server.lowlevel.server - INFO - Processing request of type CallToolRequest
2025-10-17 06:22:06,147 - mcp.server.lowlevel.server - INFO - Processing request of type CallToolRequest
2025-10-17 06:22:06,315 - mcp.server.lowlevel.server - INFO - Warning: DeprecationWarning: The default datetime adapter is deprecated as of Python 3.12; see the sqlite3 documentation for suggested replacement recipes
2025-10-17 06:22:06,315 - mcp.server.lowlevel.server - INFO - Warning: DeprecationWarning: The default datetime adapter is deprecated as of Python 3.12; see the sqlite3 documentation for suggested replacement recipes
2025-10-17 06:22:06,316 - mcp.server.lowlevel.server - INFO - Processing request of type ListToolsRequest
2025-10-17 06:22:06,320 - mcp.server.lowlevel.server - INFO - Processing request of type CallToolRequest
2025-10-17 06:22:06,462 - mcp.server.lowlevel.server - INFO - Processing request of type CallToolRequest
2025-10-17 06:22:06,701 - mcp.server.lowlevel.server - INFO - Warning: DeprecationWarning: The default datetime adapter is deprecated as of Python 3.12; see the sqlite3 documentation for suggested replacement recipes
2025-10-17 06:22:06,701 - mcp.server.lowlevel.server - INFO - Warning: DeprecationWarning: The default datetime adapter is deprecated as of Python 3.12; see the sqlite3 documentation for suggested replacement recipes
2025-10-17 06:22:06,701 - mcp.server.lowlevel.server - INFO - Warning: DeprecationWarning: The default datetime adapter is deprecated as of Python 3.12; see the sqlite3 documentation for suggested replacement recipes
2025-10-17 06:22:06,701 - mcp.server.lowlevel.server - INFO - Warning: DeprecationWarning: The default datetime adapter is deprecated as of Python 3.12; see the sqlite3 documentation for suggested replacement recipes
2025-10-17 06:22:06,701 - mcp.server.lowlevel.server - INFO - Warning: DeprecationWarning: The default datetime adapter is deprecated as of Python 3.12; see the sqlite3 documentation for suggested replacement recipes
2025-10-17 06:22:06,701 - mcp.server.lowlevel.server - INFO - Warning: DeprecationWarning: The default datetime adapter is deprecated as of Python 3.12; see the sqlite3 documentation for suggested replacement recipes
2025-10-17 06:22:06,701 - mcp.server.lowlevel.server - INFO - Warning: DeprecationWarning: The default datetime adapter is deprecated as of Python 3.12; see the sqlite3 documentation for suggested replacement recipes
2025-10-17 06:22:06,701 - mcp.server.lowlevel.server - INFO - Warning: DeprecationWarning: The default datetime adapter is deprecated as of Python 3.12; see the sqlite3 documentation for suggested replacement recipes
2025-10-17 06:22:06,701 - mcp.server.lowlevel.server - INFO - Warning: DeprecationWarning: The default datetime adapter is deprecated as of Python 3.12; see the sqlite3 documentation for suggested replacement recipes
2025-10-17 06:22:06,701 - mcp.server.lowlevel.server - INFO - Warning: DeprecationWarning: The default datetime adapter is deprecated as of Python 3.12; see the sqlite3 documentation for suggested replacement recipes
2025-10-17 06:22:06,701 - mcp.server.lowlevel.server - INFO - Processing request of type ListToolsRequest
2025-10-17 06:22:06,705 - mcp.server.lowlevel.server - INFO - Processing request of type CallToolRequest
2025-10-17 06:22:06,858 - mcp.server.lowlevel.server - INFO - Processing request of type CallToolRequest
[10/17/25 06:22:06] ERROR    Error calling tool             tool_manager.py:193
                             'read_content'
                             +- Traceback (most recent ca-+
                             | D:\Dev\repos\advanced-memo |
                             | ry-mcp\src\advanced_memory |
                             | \mcp\tools\utils.py:143 in |
                             | call_get                   |
                             |                            |
                             |   140             logger.e |
                             |   141                      |
                             |   142         # Raise a to |
                             | > 143         response.rai |
                             |   144         return respo |
                             |       checker  # pragma: n |
                             |   145                      |
                             |   146     except HTTPStatu |
                             |                            |
                             | D:\Dev\repos\advanced-memo |
                             | ry-mcp\.venv\Lib\site-pack |
                             | ages\httpx\_models.py:829  |
                             | in raise_for_status        |
                             |                            |
                             |    826         }           |
                             |    827         error_type  |
                             |    828         message = m |
                             | >  829         raise HTTPS |
                             |    830                     |
                             |    831     def json(self,  |
                             |    832         return json |
                             +----------------------------+
                             HTTPStatusError: Client error
                             '404 Not Found' for url
                             'http://test/test-project/reso
                             urce/nonexistent/file.md'
                             For more information check:
                             https://developer.mozilla.org/
                             en-US/docs/Web/HTTP/Status/404

                             The above exception was the
                             direct cause of the following
                             exception:

                             +- Traceback (most recent ca-+
                             | D:\Dev\repos\advanced-memo |
                             | ry-mcp\.venv\Lib\site-pack |
                             | ages\fastmcp\tools\tool_ma |
                             | nager.py:184 in call_tool  |
                             |                            |
                             |   181                 rais |
                             |   182                      |
                             |   183             try:     |
                             | > 184                 retu |
                             |   185                      |
                             |   186             # raise  |
                             |   187             except T |
                             |                            |
                             | D:\Dev\repos\advanced-memo |
                             | ry-mcp\.venv\Lib\site-pack |
                             | ages\fastmcp\tools\tool.py |
                             | :276 in run                |
                             |                            |
                             |   273         result = typ |
                             |   274                      |
                             |   275         if inspect.i |
                             | > 276             result = |
                             |   277                      |
                             |   278         if isinstanc |
                             |   279             return r |
                             |                            |
                             | D:\Dev\repos\advanced-memo |
                             | ry-mcp\src\advanced_memory |
                             | \mcp\tools\read_content.py |
                             | :264 in read_content       |
                             |                            |
                             |   261             "error": |
                             |       boundaries",         |
                             |   262         }            |
                             |   263                      |
                             | > 264     response = await |
                             |   265     content_type = r |
                             |   266     content_length = |
                             |   267                      |
                             |                            |
                             | D:\Dev\repos\advanced-memo |
                             | ry-mcp\src\advanced_memory |
                             | \mcp\tools\utils.py:147 in |
                             | call_get                   |
                             |                            |
                             |   144         return respo |
                             |       checker  # pragma: n |
                             |   145                      |
                             |   146     except HTTPStatu |
                             | > 147         raise ToolEr |
                             |   148                      |
                             |   149                      |
                             |   150 async def call_put(  |
                             +----------------------------+
                             ToolError: Resource not found:
                             nonexistent/file.md
2025-10-17 06:22:07,140 - mcp.server.lowlevel.server - INFO - Processing request of type CallToolRequest
2025-10-17 06:22:07,296 - mcp.server.lowlevel.server - INFO - Warning: DeprecationWarning: The default datetime adapter is deprecated as of Python 3.12; see the sqlite3 documentation for suggested replacement recipes
2025-10-17 06:22:07,296 - mcp.server.lowlevel.server - INFO - Warning: DeprecationWarning: The default datetime adapter is deprecated as of Python 3.12; see the sqlite3 documentation for suggested replacement recipes
2025-10-17 06:22:07,296 - mcp.server.lowlevel.server - INFO - Processing request of type ListToolsRequest
2025-10-17 06:22:07,300 - mcp.server.lowlevel.server - INFO - Processing request of type CallToolRequest
2025-10-17 06:22:07,443 - mcp.server.lowlevel.server - INFO - Processing request of type CallToolRequest
2025-10-17 06:22:07,963 - mcp.server.lowlevel.server - INFO - Warning: DeprecationWarning: The default datetime adapter is deprecated as of Python 3.12; see the sqlite3 documentation for suggested replacement recipes
2025-10-17 06:22:07,963 - mcp.server.lowlevel.server - INFO - Warning: DeprecationWarning: The default datetime adapter is deprecated as of Python 3.12; see the sqlite3 documentation for suggested replacement recipes
2025-10-17 06:22:07,963 - mcp.server.lowlevel.server - INFO - Warning: DeprecationWarning: The default datetime adapter is deprecated as of Python 3.12; see the sqlite3 documentation for suggested replacement recipes
2025-10-17 06:22:07,963 - mcp.server.lowlevel.server - INFO - Warning: DeprecationWarning: The default datetime adapter is deprecated as of Python 3.12; see the sqlite3 documentation for suggested replacement recipes
2025-10-17 06:22:07,963 - mcp.server.lowlevel.server - INFO - Warning: DeprecationWarning: The default datetime adapter is deprecated as of Python 3.12; see the sqlite3 documentation for suggested replacement recipes
2025-10-17 06:22:07,963 - mcp.server.lowlevel.server - INFO - Warning: DeprecationWarning: The default datetime adapter is deprecated as of Python 3.12; see the sqlite3 documentation for suggested replacement recipes
2025-10-17 06:22:07,963 - mcp.server.lowlevel.server - INFO - Warning: DeprecationWarning: The default datetime adapter is deprecated as of Python 3.12; see the sqlite3 documentation for suggested replacement recipes
2025-10-17 06:22:07,963 - mcp.server.lowlevel.server - INFO - Warning: DeprecationWarning: The default datetime adapter is deprecated as of Python 3.12; see the sqlite3 documentation for suggested replacement recipes
2025-10-17 06:22:07,963 - mcp.server.lowlevel.server - INFO - Warning: DeprecationWarning: The default datetime adapter is deprecated as of Python 3.12; see the sqlite3 documentation for suggested replacement recipes
2025-10-17 06:22:07,963 - mcp.server.lowlevel.server - INFO - Warning: DeprecationWarning: The default datetime adapter is deprecated as of Python 3.12; see the sqlite3 documentation for suggested replacement recipes
2025-10-17 06:22:07,963 - mcp.server.lowlevel.server - INFO - Warning: DeprecationWarning: The default datetime adapter is deprecated as of Python 3.12; see the sqlite3 documentation for suggested replacement recipes
2025-10-17 06:22:07,963 - mcp.server.lowlevel.server - INFO - Warning: DeprecationWarning: The default datetime adapter is deprecated as of Python 3.12; see the sqlite3 documentation for suggested replacement recipes
2025-10-17 06:22:07,963 - mcp.server.lowlevel.server - INFO - Warning: DeprecationWarning: The default datetime adapter is deprecated as of Python 3.12; see the sqlite3 documentation for suggested replacement recipes
2025-10-17 06:22:07,963 - mcp.server.lowlevel.server - INFO - Warning: DeprecationWarning: The default datetime adapter is deprecated as of Python 3.12; see the sqlite3 documentation for suggested replacement recipes
2025-10-17 06:22:07,964 - mcp.server.lowlevel.server - INFO - Warning: DeprecationWarning: The default datetime adapter is deprecated as of Python 3.12; see the sqlite3 documentation for suggested replacement recipes
2025-10-17 06:22:07,964 - mcp.server.lowlevel.server - INFO - Warning: DeprecationWarning: The default datetime adapter is deprecated as of Python 3.12; see the sqlite3 documentation for suggested replacement recipes
2025-10-17 06:22:07,964 - mcp.server.lowlevel.server - INFO - Warning: DeprecationWarning: The default datetime adapter is deprecated as of Python 3.12; see the sqlite3 documentation for suggested replacement recipes
2025-10-17 06:22:07,964 - mcp.server.lowlevel.server - INFO - Warning: DeprecationWarning: The default datetime adapter is deprecated as of Python 3.12; see the sqlite3 documentation for suggested replacement recipes
2025-10-17 06:22:07,964 - mcp.server.lowlevel.server - INFO - Warning: DeprecationWarning: The default datetime adapter is deprecated as of Python 3.12; see the sqlite3 documentation for suggested replacement recipes
2025-10-17 06:22:07,964 - mcp.server.lowlevel.server - INFO - Warning: DeprecationWarning: The default datetime adapter is deprecated as of Python 3.12; see the sqlite3 documentation for suggested replacement recipes
2025-10-17 06:22:07,964 - mcp.server.lowlevel.server - INFO - Warning: DeprecationWarning: The default datetime adapter is deprecated as of Python 3.12; see the sqlite3 documentation for suggested replacement recipes
2025-10-17 06:22:07,964 - mcp.server.lowlevel.server - INFO - Warning: DeprecationWarning: The default datetime adapter is deprecated as of Python 3.12; see the sqlite3 documentation for suggested replacement recipes
2025-10-17 06:22:07,964 - mcp.server.lowlevel.server - INFO - Warning: DeprecationWarning: The default datetime adapter is deprecated as of Python 3.12; see the sqlite3 documentation for suggested replacement recipes
2025-10-17 06:22:07,964 - mcp.server.lowlevel.server - INFO - Warning: DeprecationWarning: The default datetime adapter is deprecated as of Python 3.12; see the sqlite3 documentation for suggested replacement recipes
2025-10-17 06:22:07,964 - mcp.server.lowlevel.server - INFO - Warning: DeprecationWarning: The default datetime adapter is deprecated as of Python 3.12; see the sqlite3 documentation for suggested replacement recipes
2025-10-17 06:22:07,964 - mcp.server.lowlevel.server - INFO - Warning: DeprecationWarning: The default datetime adapter is deprecated as of Python 3.12; see the sqlite3 documentation for suggested replacement recipes
2025-10-17 06:22:07,964 - mcp.server.lowlevel.server - INFO - Warning: DeprecationWarning: The default datetime adapter is deprecated as of Python 3.12; see the sqlite3 documentation for suggested replacement recipes
2025-10-17 06:22:07,964 - mcp.server.lowlevel.server - INFO - Warning: DeprecationWarning: The default datetime adapter is deprecated as of Python 3.12; see the sqlite3 documentation for suggested replacement recipes
2025-10-17 06:22:07,964 - mcp.server.lowlevel.server - INFO - Warning: DeprecationWarning: The default datetime adapter is deprecated as of Python 3.12; see the sqlite3 documentation for suggested replacement recipes
2025-10-17 06:22:07,964 - mcp.server.lowlevel.server - INFO - Warning: DeprecationWarning: The default datetime adapter is deprecated as of Python 3.12; see the sqlite3 documentation for suggested replacement recipes
2025-10-17 06:22:07,964 - mcp.server.lowlevel.server - INFO - Warning: DeprecationWarning: The default datetime adapter is deprecated as of Python 3.12; see the sqlite3 documentation for suggested replacement recipes
2025-10-17 06:22:07,964 - mcp.server.lowlevel.server - INFO - Warning: DeprecationWarning: The default datetime adapter is deprecated as of Python 3.12; see the sqlite3 documentation for suggested replacement recipes
2025-10-17 06:22:07,964 - mcp.server.lowlevel.server - INFO - Warning: DeprecationWarning: The default datetime adapter is deprecated as of Python 3.12; see the sqlite3 documentation for suggested replacement recipes
2025-10-17 06:22:07,964 - mcp.server.lowlevel.server - INFO - Warning: DeprecationWarning: The default datetime adapter is deprecated as of Python 3.12; see the sqlite3 documentation for suggested replacement recipes
2025-10-17 06:22:07,964 - mcp.server.lowlevel.server - INFO - Warning: DeprecationWarning: The default datetime adapter is deprecated as of Python 3.12; see the sqlite3 documentation for suggested replacement recipes
2025-10-17 06:22:07,964 - mcp.server.lowlevel.server - INFO - Warning: DeprecationWarning: The default datetime adapter is deprecated as of Python 3.12; see the sqlite3 documentation for suggested replacement recipes
2025-10-17 06:22:07,964 - mcp.server.lowlevel.server - INFO - Warning: DeprecationWarning: The default datetime adapter is deprecated as of Python 3.12; see the sqlite3 documentation for suggested replacement recipes
2025-10-17 06:22:07,964 - mcp.server.lowlevel.server - INFO - Warning: DeprecationWarning: The default datetime adapter is deprecated as of Python 3.12; see the sqlite3 documentation for suggested replacement recipes
2025-10-17 06:22:07,964 - mcp.server.lowlevel.server - INFO - Warning: DeprecationWarning: The default datetime adapter is deprecated as of Python 3.12; see the sqlite3 documentation for suggested replacement recipes
2025-10-17 06:22:07,964 - mcp.server.lowlevel.server - INFO - Warning: DeprecationWarning: The default datetime adapter is deprecated as of Python 3.12; see the sqlite3 documentation for suggested replacement recipes
2025-10-17 06:22:07,965 - mcp.server.lowlevel.server - INFO - Warning: DeprecationWarning: The default datetime adapter is deprecated as of Python 3.12; see the sqlite3 documentation for suggested replacement recipes
2025-10-17 06:22:07,965 - mcp.server.lowlevel.server - INFO - Warning: DeprecationWarning: The default datetime adapter is deprecated as of Python 3.12; see the sqlite3 documentation for suggested replacement recipes
2025-10-17 06:22:07,965 - mcp.server.lowlevel.server - INFO - Processing request of type ListToolsRequest
2025-10-17 06:22:07,969 - mcp.server.lowlevel.server - INFO - Processing request of type CallToolRequest
2025-10-17 06:22:08,110 - mcp.server.lowlevel.server - INFO - Processing request of type CallToolRequest
2025-10-17 06:22:08,491 - mcp.server.lowlevel.server - INFO - Warning: DeprecationWarning: The default datetime adapter is deprecated as of Python 3.12; see the sqlite3 documentation for suggested replacement recipes
2025-10-17 06:22:08,491 - mcp.server.lowlevel.server - INFO - Warning: DeprecationWarning: The default datetime adapter is deprecated as of Python 3.12; see the sqlite3 documentation for suggested replacement recipes
2025-10-17 06:22:08,492 - mcp.server.lowlevel.server - INFO - Processing request of type ListToolsRequest
2025-10-17 06:22:08,495 - mcp.server.lowlevel.server - INFO - Processing request of type CallToolRequest
2025-10-17 06:22:08,553 - mcp.server.lowlevel.server - INFO - Processing request of type CallToolRequest
2025-10-17 06:22:08,723 - mcp.server.lowlevel.server - INFO - Warning: DeprecationWarning: The default datetime adapter is deprecated as of Python 3.12; see the sqlite3 documentation for suggested replacement recipes
2025-10-17 06:22:08,723 - mcp.server.lowlevel.server - INFO - Warning: DeprecationWarning: The default datetime adapter is deprecated as of Python 3.12; see the sqlite3 documentation for suggested replacement recipes
2025-10-17 06:22:08,725 - mcp.server.lowlevel.server - INFO - Processing request of type CallToolRequest
2025-10-17 06:22:08,777 - mcp.server.lowlevel.server - INFO - Processing request of type CallToolRequest
2025-10-17 06:22:08,937 - mcp.server.lowlevel.server - INFO - Warning: DeprecationWarning: The default datetime adapter is deprecated as of Python 3.12; see the sqlite3 documentation for suggested replacement recipes
2025-10-17 06:22:08,937 - mcp.server.lowlevel.server - INFO - Warning: DeprecationWarning: The default datetime adapter is deprecated as of Python 3.12; see the sqlite3 documentation for suggested replacement recipes
2025-10-17 06:22:08,938 - mcp.server.lowlevel.server - INFO - Processing request of type CallToolRequest
2025-10-17 06:22:08,994 - mcp.server.lowlevel.server - INFO - Processing request of type CallToolRequest
2025-10-17 06:22:09,192 - mcp.server.lowlevel.server - INFO - Warning: DeprecationWarning: The default datetime adapter is deprecated as of Python 3.12; see the sqlite3 documentation for suggested replacement recipes
2025-10-17 06:22:09,193 - mcp.server.lowlevel.server - INFO - Warning: DeprecationWarning: The default datetime adapter is deprecated as of Python 3.12; see the sqlite3 documentation for suggested replacement recipes
2025-10-17 06:22:09,196 - mcp.server.lowlevel.server - INFO - Processing request of type CallToolRequest
2025-10-17 06:22:09,274 - mcp.server.lowlevel.server - INFO - Processing request of type CallToolRequest
2025-10-17 06:22:09,452 - mcp.server.lowlevel.server - INFO - Warning: DeprecationWarning: The default datetime adapter is deprecated as of Python 3.12; see the sqlite3 documentation for suggested replacement recipes
2025-10-17 06:22:09,452 - mcp.server.lowlevel.server - INFO - Warning: DeprecationWarning: The default datetime adapter is deprecated as of Python 3.12; see the sqlite3 documentation for suggested replacement recipes
2025-10-17 06:22:09,454 - mcp.server.lowlevel.server - INFO - Processing request of type CallToolRequest
tests\integration\mcp\test_read_content_integration.py .........
2025-10-17 06:22:09,604 - mcp.server.lowlevel.server - INFO - Processing request of type CallToolRequest
2025-10-17 06:22:09,805 - mcp.server.lowlevel.server - INFO - Warning: DeprecationWarning: The default datetime adapter is deprecated as of Python 3.12; see the sqlite3 documentation for suggested replacement recipes
2025-10-17 06:22:09,806 - mcp.server.lowlevel.server - INFO - Warning: DeprecationWarning: The default datetime adapter is deprecated as of Python 3.12; see the sqlite3 documentation for suggested replacement recipes
2025-10-17 06:22:09,807 - mcp.server.lowlevel.server - INFO - Processing request of type ListToolsRequest
2025-10-17 06:22:09,811 - mcp.server.lowlevel.server - INFO - Processing request of type CallToolRequest
tests\integration\mcp\test_read_note_integration.py .
2025-10-17 06:22:10,044 - mcp.server.lowlevel.server - INFO - Processing request of type CallToolRequest
2025-10-17 06:22:10,338 - mcp.server.lowlevel.server - INFO - Warning: DeprecationWarning: The default datetime adapter is deprecated as of Python 3.12; see the sqlite3 documentation for suggested replacement recipes
2025-10-17 06:22:10,338 - mcp.server.lowlevel.server - INFO - Warning: DeprecationWarning: The default datetime adapter is deprecated as of Python 3.12; see the sqlite3 documentation for suggested replacement recipes
2025-10-17 06:22:10,338 - mcp.server.lowlevel.server - INFO - Processing request of type ListToolsRequest
2025-10-17 06:22:10,343 - mcp.server.lowlevel.server - INFO - Processing request of type CallToolRequest
2025-10-17 06:22:10,528 - mcp.server.lowlevel.server - INFO - Warning: DeprecationWarning: The default datetime adapter is deprecated as of Python 3.12; see the sqlite3 documentation for suggested replacement recipes
2025-10-17 06:22:10,529 - mcp.server.lowlevel.server - INFO - Warning: DeprecationWarning: The default datetime adapter is deprecated as of Python 3.12; see the sqlite3 documentation for suggested replacement recipes
2025-10-17 06:22:10,530 - mcp.server.lowlevel.server - INFO - Processing request of type CallToolRequest
2025-10-17 06:22:10,717 - mcp.server.lowlevel.server - INFO - Warning: DeprecationWarning: The default datetime adapter is deprecated as of Python 3.12; see the sqlite3 documentation for suggested replacement recipes
2025-10-17 06:22:10,717 - mcp.server.lowlevel.server - INFO - Warning: DeprecationWarning: The default datetime adapter is deprecated as of Python 3.12; see the sqlite3 documentation for suggested replacement recipes
2025-10-17 06:22:10,718 - mcp.server.lowlevel.server - INFO - Processing request of type CallToolRequest
2025-10-17 06:22:10,883 - mcp.server.lowlevel.server - INFO - Processing request of type CallToolRequest
2025-10-17 06:22:11,081 - mcp.server.lowlevel.server - INFO - Warning: DeprecationWarning: The default datetime adapter is deprecated as of Python 3.12; see the sqlite3 documentation for suggested replacement recipes
2025-10-17 06:22:11,081 - mcp.server.lowlevel.server - INFO - Warning: DeprecationWarning: The default datetime adapter is deprecated as of Python 3.12; see the sqlite3 documentation for suggested replacement recipes
2025-10-17 06:22:11,083 - mcp.server.lowlevel.server - INFO - Processing request of type ListToolsRequest
2025-10-17 06:22:11,086 - mcp.server.lowlevel.server - INFO - Processing request of type CallToolRequest
2025-10-17 06:22:11,302 - mcp.server.lowlevel.server - INFO - Warning: DeprecationWarning: The default datetime adapter is deprecated as of Python 3.12; see the sqlite3 documentation for suggested replacement recipes
2025-10-17 06:22:11,302 - mcp.server.lowlevel.server - INFO - Warning: DeprecationWarning: The default datetime adapter is deprecated as of Python 3.12; see the sqlite3 documentation for suggested replacement recipes
2025-10-17 06:22:11,304 - mcp.server.lowlevel.server - INFO - Processing request of type CallToolRequest
2025-10-17 06:22:11,508 - mcp.server.lowlevel.server - INFO - Warning: DeprecationWarning: The default datetime adapter is deprecated as of Python 3.12; see the sqlite3 documentation for suggested replacement recipes
2025-10-17 06:22:11,508 - mcp.server.lowlevel.server - INFO - Warning: DeprecationWarning: The default datetime adapter is deprecated as of Python 3.12; see the sqlite3 documentation for suggested replacement recipes
2025-10-17 06:22:11,509 - mcp.server.lowlevel.server - INFO - Processing request of type CallToolRequest
2025-10-17 06:22:11,574 - mcp.server.lowlevel.server - INFO - Processing request of type CallToolRequest
2025-10-17 06:22:11,664 - mcp.server.lowlevel.server - INFO - Processing request of type CallToolRequest
2025-10-17 06:22:11,826 - mcp.server.lowlevel.server - INFO - Processing request of type CallToolRequest
2025-10-17 06:22:12,216 - mcp.server.lowlevel.server - INFO - Warning: DeprecationWarning: The default datetime adapter is deprecated as of Python 3.12; see the sqlite3 documentation for suggested replacement recipes
2025-10-17 06:22:12,216 - mcp.server.lowlevel.server - INFO - Warning: DeprecationWarning: The default datetime adapter is deprecated as of Python 3.12; see the sqlite3 documentation for suggested replacement recipes
2025-10-17 06:22:12,216 - mcp.server.lowlevel.server - INFO - Processing request of type ListToolsRequest
2025-10-17 06:22:12,219 - mcp.server.lowlevel.server - INFO - Processing request of type CallToolRequest
2025-10-17 06:22:12,383 - mcp.server.lowlevel.server - INFO - Warning: DeprecationWarning: The default datetime adapter is deprecated as of Python 3.12; see the sqlite3 documentation for suggested replacement recipes
2025-10-17 06:22:12,383 - mcp.server.lowlevel.server - INFO - Warning: DeprecationWarning: The default datetime adapter is deprecated as of Python 3.12; see the sqlite3 documentation for suggested replacement recipes
2025-10-17 06:22:12,385 - mcp.server.lowlevel.server - INFO - Processing request of type CallToolRequest
2025-10-17 06:22:12,541 - mcp.server.lowlevel.server - INFO - Processing request of type CallToolRequest
2025-10-17 06:22:12,723 - mcp.server.lowlevel.server - INFO - Warning: DeprecationWarning: The default datetime adapter is deprecated as of Python 3.12; see the sqlite3 documentation for suggested replacement recipes
2025-10-17 06:22:12,723 - mcp.server.lowlevel.server - INFO - Warning: DeprecationWarning: The default datetime adapter is deprecated as of Python 3.12; see the sqlite3 documentation for suggested replacement recipes
2025-10-17 06:22:12,724 - mcp.server.lowlevel.server - INFO - Processing request of type ListToolsRequest
2025-10-17 06:22:12,727 - mcp.server.lowlevel.server - INFO - Processing request of type CallToolRequest
2025-10-17 06:22:12,992 - mcp.server.lowlevel.server - INFO - Warning: DeprecationWarning: The default datetime adapter is deprecated as of Python 3.12; see the sqlite3 documentation for suggested replacement recipes
2025-10-17 06:22:12,992 - mcp.server.lowlevel.server - INFO - Warning: DeprecationWarning: The default datetime adapter is deprecated as of Python 3.12; see the sqlite3 documentation for suggested replacement recipes
2025-10-17 06:22:12,995 - mcp.server.lowlevel.server - INFO - Processing request of type CallToolRequest
2025-10-17 06:22:13,175 - mcp.server.lowlevel.server - INFO - Processing request of type CallToolRequest
2025-10-17 06:22:13,357 - mcp.server.lowlevel.server - INFO - Warning: DeprecationWarning: The default datetime adapter is deprecated as of Python 3.12; see the sqlite3 documentation for suggested replacement recipes
2025-10-17 06:22:13,357 - mcp.server.lowlevel.server - INFO - Warning: DeprecationWarning: The default datetime adapter is deprecated as of Python 3.12; see the sqlite3 documentation for suggested replacement recipes
2025-10-17 06:22:13,358 - mcp.server.lowlevel.server - INFO - Processing request of type ListToolsRequest
2025-10-17 06:22:13,361 - mcp.server.lowlevel.server - INFO - Processing request of type CallToolRequest
2025-10-17 06:22:13,559 - mcp.server.lowlevel.server - INFO - Warning: DeprecationWarning: The default datetime adapter is deprecated as of Python 3.12; see the sqlite3 documentation for suggested replacement recipes
2025-10-17 06:22:13,559 - mcp.server.lowlevel.server - INFO - Warning: DeprecationWarning: The default datetime adapter is deprecated as of Python 3.12; see the sqlite3 documentation for suggested replacement recipes
2025-10-17 06:22:13,561 - mcp.server.lowlevel.server - INFO - Processing request of type CallToolRequest
2025-10-17 06:22:13,724 - mcp.server.lowlevel.server - INFO - Warning: DeprecationWarning: The default datetime adapter is deprecated as of Python 3.12; see the sqlite3 documentation for suggested replacement recipes
2025-10-17 06:22:13,725 - mcp.server.lowlevel.server - INFO - Warning: DeprecationWarning: The default datetime adapter is deprecated as of Python 3.12; see the sqlite3 documentation for suggested replacement recipes
2025-10-17 06:22:13,726 - mcp.server.lowlevel.server - INFO - Processing request of type CallToolRequest
2025-10-17 06:22:13,904 - mcp.server.lowlevel.server - INFO - Processing request of type CallToolRequest
2025-10-17 06:22:14,177 - mcp.server.lowlevel.server - INFO - Warning: DeprecationWarning: The default datetime adapter is deprecated as of Python 3.12; see the sqlite3 documentation for suggested replacement recipes
2025-10-17 06:22:14,177 - mcp.server.lowlevel.server - INFO - Warning: DeprecationWarning: The default datetime adapter is deprecated as of Python 3.12; see the sqlite3 documentation for suggested replacement recipes
2025-10-17 06:22:14,177 - mcp.server.lowlevel.server - INFO - Warning: DeprecationWarning: The default datetime adapter is deprecated as of Python 3.12; see the sqlite3 documentation for suggested replacement recipes
2025-10-17 06:22:14,177 - mcp.server.lowlevel.server - INFO - Warning: DeprecationWarning: The default datetime adapter is deprecated as of Python 3.12; see the sqlite3 documentation for suggested replacement recipes
2025-10-17 06:22:14,177 - mcp.server.lowlevel.server - INFO - Warning: DeprecationWarning: The default datetime adapter is deprecated as of Python 3.12; see the sqlite3 documentation for suggested replacement recipes
2025-10-17 06:22:14,177 - mcp.server.lowlevel.server - INFO - Warning: DeprecationWarning: The default datetime adapter is deprecated as of Python 3.12; see the sqlite3 documentation for suggested replacement recipes
2025-10-17 06:22:14,177 - mcp.server.lowlevel.server - INFO - Warning: DeprecationWarning: The default datetime adapter is deprecated as of Python 3.12; see the sqlite3 documentation for suggested replacement recipes
2025-10-17 06:22:14,177 - mcp.server.lowlevel.server - INFO - Warning: DeprecationWarning: The default datetime adapter is deprecated as of Python 3.12; see the sqlite3 documentation for suggested replacement recipes
2025-10-17 06:22:14,177 - mcp.server.lowlevel.server - INFO - Warning: DeprecationWarning: The default datetime adapter is deprecated as of Python 3.12; see the sqlite3 documentation for suggested replacement recipes
2025-10-17 06:22:14,177 - mcp.server.lowlevel.server - INFO - Warning: DeprecationWarning: The default datetime adapter is deprecated as of Python 3.12; see the sqlite3 documentation for suggested replacement recipes
2025-10-17 06:22:14,179 - mcp.server.lowlevel.server - INFO - Processing request of type ListToolsRequest
2025-10-17 06:22:14,183 - mcp.server.lowlevel.server - INFO - Processing request of type CallToolRequest
2025-10-17 06:22:14,343 - mcp.server.lowlevel.server - INFO - Processing request of type CallToolRequest
2025-10-17 06:22:14,501 - mcp.server.lowlevel.server - INFO - Warning: DeprecationWarning: The default datetime adapter is deprecated as of Python 3.12; see the sqlite3 documentation for suggested replacement recipes
2025-10-17 06:22:14,501 - mcp.server.lowlevel.server - INFO - Warning: DeprecationWarning: The default datetime adapter is deprecated as of Python 3.12; see the sqlite3 documentation for suggested replacement recipes
2025-10-17 06:22:14,502 - mcp.server.lowlevel.server - INFO - Processing request of type ListToolsRequest
2025-10-17 06:22:14,505 - mcp.server.lowlevel.server - INFO - Processing request of type CallToolRequest
2025-10-17 06:22:14,679 - mcp.server.lowlevel.server - INFO - Warning: DeprecationWarning: The default datetime adapter is deprecated as of Python 3.12; see the sqlite3 documentation for suggested replacement recipes
2025-10-17 06:22:14,679 - mcp.server.lowlevel.server - INFO - Warning: DeprecationWarning: The default datetime adapter is deprecated as of Python 3.12; see the sqlite3 documentation for suggested replacement recipes
2025-10-17 06:22:14,681 - mcp.server.lowlevel.server - INFO - Processing request of type CallToolRequest
2025-10-17 06:22:14,858 - mcp.server.lowlevel.server - INFO - Warning: DeprecationWarning: The default datetime adapter is deprecated as of Python 3.12; see the sqlite3 documentation for suggested replacement recipes
2025-10-17 06:22:14,858 - mcp.server.lowlevel.server - INFO - Warning: DeprecationWarning: The default datetime adapter is deprecated as of Python 3.12; see the sqlite3 documentation for suggested replacement recipes
2025-10-17 06:22:14,859 - mcp.server.lowlevel.server - INFO - Processing request of type CallToolRequest
2025-10-17 06:22:15,043 - mcp.server.lowlevel.server - INFO - Warning: DeprecationWarning: The default datetime adapter is deprecated as of Python 3.12; see the sqlite3 documentation for suggested replacement recipes
2025-10-17 06:22:15,043 - mcp.server.lowlevel.server - INFO - Warning: DeprecationWarning: The default datetime adapter is deprecated as of Python 3.12; see the sqlite3 documentation for suggested replacement recipes
2025-10-17 06:22:15,045 - mcp.server.lowlevel.server - INFO - Processing request of type CallToolRequest
2025-10-17 06:22:15,246 - mcp.server.lowlevel.server - INFO - Warning: DeprecationWarning: The default datetime adapter is deprecated as of Python 3.12; see the sqlite3 documentation for suggested replacement recipes
2025-10-17 06:22:15,246 - mcp.server.lowlevel.server - INFO - Warning: DeprecationWarning: The default datetime adapter is deprecated as of Python 3.12; see the sqlite3 documentation for suggested replacement recipes
2025-10-17 06:22:15,247 - mcp.server.lowlevel.server - INFO - Processing request of type CallToolRequest
2025-10-17 06:22:15,427 - mcp.server.lowlevel.server - INFO - Warning: DeprecationWarning: The default datetime adapter is deprecated as of Python 3.12; see the sqlite3 documentation for suggested replacement recipes
2025-10-17 06:22:15,427 - mcp.server.lowlevel.server - INFO - Warning: DeprecationWarning: The default datetime adapter is deprecated as of Python 3.12; see the sqlite3 documentation for suggested replacement recipes
2025-10-17 06:22:15,429 - mcp.server.lowlevel.server - INFO - Processing request of type CallToolRequest
2025-10-17 06:22:15,621 - mcp.server.lowlevel.server - INFO - Warning: DeprecationWarning: The default datetime adapter is deprecated as of Python 3.12; see the sqlite3 documentation for suggested replacement recipes
2025-10-17 06:22:15,621 - mcp.server.lowlevel.server - INFO - Warning: DeprecationWarning: The default datetime adapter is deprecated as of Python 3.12; see the sqlite3 documentation for suggested replacement recipes
2025-10-17 06:22:15,622 - mcp.server.lowlevel.server - INFO - Processing request of type CallToolRequest
2025-10-17 06:22:15,791 - mcp.server.lowlevel.server - INFO - Warning: DeprecationWarning: The default datetime adapter is deprecated as of Python 3.12; see the sqlite3 documentation for suggested replacement recipes
2025-10-17 06:22:15,791 - mcp.server.lowlevel.server - INFO - Warning: DeprecationWarning: The default datetime adapter is deprecated as of Python 3.12; see the sqlite3 documentation for suggested replacement recipes
2025-10-17 06:22:15,792 - mcp.server.lowlevel.server - INFO - Processing request of type CallToolRequest
2025-10-17 06:22:15,989 - mcp.server.lowlevel.server - INFO - Warning: DeprecationWarning: The default datetime adapter is deprecated as of Python 3.12; see the sqlite3 documentation for suggested replacement recipes
2025-10-17 06:22:15,989 - mcp.server.lowlevel.server - INFO - Warning: DeprecationWarning: The default datetime adapter is deprecated as of Python 3.12; see the sqlite3 documentation for suggested replacement recipes
2025-10-17 06:22:15,991 - mcp.server.lowlevel.server - INFO - Processing request of type CallToolRequest
2025-10-17 06:22:16,169 - mcp.server.lowlevel.server - INFO - Warning: DeprecationWarning: The default datetime adapter is deprecated as of Python 3.12; see the sqlite3 documentation for suggested replacement recipes
2025-10-17 06:22:16,170 - mcp.server.lowlevel.server - INFO - Warning: DeprecationWarning: The default datetime adapter is deprecated as of Python 3.12; see the sqlite3 documentation for suggested replacement recipes
2025-10-17 06:22:16,170 - mcp.server.lowlevel.server - INFO - Processing request of type CallToolRequest
2025-10-17 06:22:16,551 - mcp.server.lowlevel.server - INFO - Warning: DeprecationWarning: The default datetime adapter is deprecated as of Python 3.12; see the sqlite3 documentation for suggested replacement recipes
2025-10-17 06:22:16,551 - mcp.server.lowlevel.server - INFO - Warning: DeprecationWarning: The default datetime adapter is deprecated as of Python 3.12; see the sqlite3 documentation for suggested replacement recipes
2025-10-17 06:22:16,553 - mcp.server.lowlevel.server - INFO - Processing request of type CallToolRequest
2025-10-17 06:22:16,731 - mcp.server.lowlevel.server - INFO - Warning: DeprecationWarning: The default datetime adapter is deprecated as of Python 3.12; see the sqlite3 documentation for suggested replacement recipes
2025-10-17 06:22:16,732 - mcp.server.lowlevel.server - INFO - Warning: DeprecationWarning: The default datetime adapter is deprecated as of Python 3.12; see the sqlite3 documentation for suggested replacement recipes
2025-10-17 06:22:16,733 - mcp.server.lowlevel.server - INFO - Processing request of type CallToolRequest
2025-10-17 06:22:16,920 - mcp.server.lowlevel.server - INFO - Warning: DeprecationWarning: The default datetime adapter is deprecated as of Python 3.12; see the sqlite3 documentation for suggested replacement recipes
2025-10-17 06:22:16,920 - mcp.server.lowlevel.server - INFO - Warning: DeprecationWarning: The default datetime adapter is deprecated as of Python 3.12; see the sqlite3 documentation for suggested replacement recipes
2025-10-17 06:22:16,922 - mcp.server.lowlevel.server - INFO - Processing request of type CallToolRequest
2025-10-17 06:22:17,099 - mcp.server.lowlevel.server - INFO - Warning: DeprecationWarning: The default datetime adapter is deprecated as of Python 3.12; see the sqlite3 documentation for suggested replacement recipes
2025-10-17 06:22:17,099 - mcp.server.lowlevel.server - INFO - Warning: DeprecationWarning: The default datetime adapter is deprecated as of Python 3.12; see the sqlite3 documentation for suggested replacement recipes
2025-10-17 06:22:17,100 - mcp.server.lowlevel.server - INFO - Processing request of type CallToolRequest
2025-10-17 06:22:17,287 - mcp.server.lowlevel.server - INFO - Warning: DeprecationWarning: The default datetime adapter is deprecated as of Python 3.12; see the sqlite3 documentation for suggested replacement recipes
2025-10-17 06:22:17,287 - mcp.server.lowlevel.server - INFO - Warning: DeprecationWarning: The default datetime adapter is deprecated as of Python 3.12; see the sqlite3 documentation for suggested replacement recipes
2025-10-17 06:22:17,289 - mcp.server.lowlevel.server - INFO - Processing request of type CallToolRequest
2025-10-17 06:22:17,376 - mcp.server.lowlevel.server - INFO - Processing request of type CallToolRequest
2025-10-17 06:22:17,554 - mcp.server.lowlevel.server - INFO - Processing request of type CallToolRequest
2025-10-17 06:22:17,751 - mcp.server.lowlevel.server - INFO - Warning: DeprecationWarning: The default datetime adapter is deprecated as of Python 3.12; see the sqlite3 documentation for suggested replacement recipes
2025-10-17 06:22:17,751 - mcp.server.lowlevel.server - INFO - Warning: DeprecationWarning: The default datetime adapter is deprecated as of Python 3.12; see the sqlite3 documentation for suggested replacement recipes
2025-10-17 06:22:17,751 - mcp.server.lowlevel.server - INFO - Processing request of type ListToolsRequest
2025-10-17 06:22:17,755 - mcp.server.lowlevel.server - INFO - Processing request of type CallToolRequest
2025-10-17 06:22:17,912 - mcp.server.lowlevel.server - INFO - Processing request of type CallToolRequest
2025-10-17 06:22:18,103 - mcp.server.lowlevel.server - INFO - Warning: DeprecationWarning: The default datetime adapter is deprecated as of Python 3.12; see the sqlite3 documentation for suggested replacement recipes
2025-10-17 06:22:18,103 - mcp.server.lowlevel.server - INFO - Warning: DeprecationWarning: The default datetime adapter is deprecated as of Python 3.12; see the sqlite3 documentation for suggested replacement recipes
2025-10-17 06:22:18,104 - mcp.server.lowlevel.server - INFO - Processing request of type ListToolsRequest
2025-10-17 06:22:18,106 - mcp.server.lowlevel.server - INFO - Processing request of type CallToolRequest
2025-10-17 06:22:18,299 - mcp.server.lowlevel.server - INFO - Warning: DeprecationWarning: The default datetime adapter is deprecated as of Python 3.12; see the sqlite3 documentation for suggested replacement recipes
2025-10-17 06:22:18,299 - mcp.server.lowlevel.server - INFO - Warning: DeprecationWarning: The default datetime adapter is deprecated as of Python 3.12; see the sqlite3 documentation for suggested replacement recipes
2025-10-17 06:22:18,301 - mcp.server.lowlevel.server - INFO - Processing request of type CallToolRequest
2025-10-17 06:22:18,480 - mcp.server.lowlevel.server - INFO - Warning: DeprecationWarning: The default datetime adapter is deprecated as of Python 3.12; see the sqlite3 documentation for suggested replacement recipes
2025-10-17 06:22:18,480 - mcp.server.lowlevel.server - INFO - Warning: DeprecationWarning: The default datetime adapter is deprecated as of Python 3.12; see the sqlite3 documentation for suggested replacement recipes
2025-10-17 06:22:18,481 - mcp.server.lowlevel.server - INFO - Processing request of type CallToolRequest
2025-10-17 06:22:18,645 - mcp.server.lowlevel.server - INFO - Processing request of type CallToolRequest
2025-10-17 06:22:18,826 - mcp.server.lowlevel.server - INFO - Warning: DeprecationWarning: The default datetime adapter is deprecated as of Python 3.12; see the sqlite3 documentation for suggested replacement recipes
2025-10-17 06:22:18,826 - mcp.server.lowlevel.server - INFO - Warning: DeprecationWarning: The default datetime adapter is deprecated as of Python 3.12; see the sqlite3 documentation for suggested replacement recipes
2025-10-17 06:22:18,827 - mcp.server.lowlevel.server - INFO - Processing request of type ListToolsRequest
2025-10-17 06:22:18,831 - mcp.server.lowlevel.server - INFO - Processing request of type CallToolRequest
2025-10-17 06:22:18,896 - mcp.server.lowlevel.server - INFO - Processing request of type CallToolRequest
2025-10-17 06:22:18,963 - mcp.server.lowlevel.server - INFO - Processing request of type CallToolRequest
2025-10-17 06:22:19,029 - mcp.server.lowlevel.server - INFO - Processing request of type CallToolRequest
2025-10-17 06:22:19,095 - mcp.server.lowlevel.server - INFO - Processing request of type CallToolRequest
tests\integration\mcp\test_search_integration.py ..........
2025-10-17 06:22:19,250 - mcp.server.lowlevel.server - INFO - Processing request of type CallToolRequest
2025-10-17 06:22:19,423 - mcp.server.lowlevel.server - INFO - Warning: DeprecationWarning: The default datetime adapter is deprecated as of Python 3.12; see the sqlite3 documentation for suggested replacement recipes
2025-10-17 06:22:19,424 - mcp.server.lowlevel.server - INFO - Warning: DeprecationWarning: The default datetime adapter is deprecated as of Python 3.12; see the sqlite3 documentation for suggested replacement recipes
2025-10-17 06:22:19,424 - mcp.server.lowlevel.server - INFO - Processing request of type ListToolsRequest
2025-10-17 06:22:19,531 - mcp.server.lowlevel.server - INFO - Processing request of type CallToolRequest
2025-10-17 06:22:19,725 - mcp.server.lowlevel.server - INFO - Warning: DeprecationWarning: The default datetime adapter is deprecated as of Python 3.12; see the sqlite3 documentation for suggested replacement recipes
2025-10-17 06:22:19,725 - mcp.server.lowlevel.server - INFO - Warning: DeprecationWarning: The default datetime adapter is deprecated as of Python 3.12; see the sqlite3 documentation for suggested replacement recipes
2025-10-17 06:22:19,726 - mcp.server.lowlevel.server - INFO - Processing request of type ListToolsRequest
2025-10-17 06:22:19,840 - mcp.server.lowlevel.server - INFO - Processing request of type CallToolRequest
2025-10-17 06:22:20,037 - mcp.server.lowlevel.server - INFO - Warning: DeprecationWarning: The default datetime adapter is deprecated as of Python 3.12; see the sqlite3 documentation for suggested replacement recipes
2025-10-17 06:22:20,037 - mcp.server.lowlevel.server - INFO - Warning: DeprecationWarning: The default datetime adapter is deprecated as of Python 3.12; see the sqlite3 documentation for suggested replacement recipes
2025-10-17 06:22:20,038 - mcp.server.lowlevel.server - INFO - Processing request of type ListToolsRequest
2025-10-17 06:22:20,040 - mcp.server.lowlevel.server - INFO - Processing request of type CallToolRequest
2025-10-17 06:22:20,175 - mcp.server.lowlevel.server - INFO - Warning: DeprecationWarning: The default datetime adapter is deprecated as of Python 3.12; see the sqlite3 documentation for suggested replacement recipes
2025-10-17 06:22:20,175 - mcp.server.lowlevel.server - INFO - Warning: DeprecationWarning: The default datetime adapter is deprecated as of Python 3.12; see the sqlite3 documentation for suggested replacement recipes
2025-10-17 06:22:20,265 - mcp.server.lowlevel.server - INFO - Processing request of type CallToolRequest
2025-10-17 06:22:20,634 - mcp.server.lowlevel.server - INFO - Warning: DeprecationWarning: The default datetime adapter is deprecated as of Python 3.12; see the sqlite3 documentation for suggested replacement recipes
2025-10-17 06:22:20,634 - mcp.server.lowlevel.server - INFO - Warning: DeprecationWarning: The default datetime adapter is deprecated as of Python 3.12; see the sqlite3 documentation for suggested replacement recipes
2025-10-17 06:22:20,635 - mcp.server.lowlevel.server - INFO - Processing request of type ListToolsRequest
2025-10-17 06:22:20,724 - mcp.server.lowlevel.server - INFO - Processing request of type CallToolRequest
2025-10-17 06:22:20,911 - mcp.server.lowlevel.server - INFO - Warning: DeprecationWarning: The default datetime adapter is deprecated as of Python 3.12; see the sqlite3 documentation for suggested replacement recipes
2025-10-17 06:22:20,911 - mcp.server.lowlevel.server - INFO - Warning: DeprecationWarning: The default datetime adapter is deprecated as of Python 3.12; see the sqlite3 documentation for suggested replacement recipes
2025-10-17 06:22:20,911 - mcp.server.lowlevel.server - INFO - Warning: DeprecationWarning: The default datetime adapter is deprecated as of Python 3.12; see the sqlite3 documentation for suggested replacement recipes
2025-10-17 06:22:20,911 - mcp.server.lowlevel.server - INFO - Warning: DeprecationWarning: The default datetime adapter is deprecated as of Python 3.12; see the sqlite3 documentation for suggested replacement recipes
2025-10-17 06:22:20,912 - mcp.server.lowlevel.server - INFO - Processing request of type ListToolsRequest
2025-10-17 06:22:21,006 - mcp.server.lowlevel.server - INFO - Processing request of type CallToolRequest
2025-10-17 06:22:21,218 - mcp.server.lowlevel.server - INFO - Warning: DeprecationWarning: The default datetime adapter is deprecated as of Python 3.12; see the sqlite3 documentation for suggested replacement recipes
2025-10-17 06:22:21,218 - mcp.server.lowlevel.server - INFO - Warning: DeprecationWarning: The default datetime adapter is deprecated as of Python 3.12; see the sqlite3 documentation for suggested replacement recipes
2025-10-17 06:22:21,218 - mcp.server.lowlevel.server - INFO - Warning: DeprecationWarning: The default datetime adapter is deprecated as of Python 3.12; see the sqlite3 documentation for suggested replacement recipes
2025-10-17 06:22:21,218 - mcp.server.lowlevel.server - INFO - Warning: DeprecationWarning: The default datetime adapter is deprecated as of Python 3.12; see the sqlite3 documentation for suggested replacement recipes
2025-10-17 06:22:21,220 - mcp.server.lowlevel.server - INFO - Processing request of type ListToolsRequest
2025-10-17 06:22:21,311 - mcp.server.lowlevel.server - INFO - Processing request of type CallToolRequest
2025-10-17 06:22:21,587 - mcp.server.lowlevel.server - INFO - Warning: DeprecationWarning: The default datetime adapter is deprecated as of Python 3.12; see the sqlite3 documentation for suggested replacement recipes
2025-10-17 06:22:21,587 - mcp.server.lowlevel.server - INFO - Warning: DeprecationWarning: The default datetime adapter is deprecated as of Python 3.12; see the sqlite3 documentation for suggested replacement recipes
2025-10-17 06:22:21,587 - mcp.server.lowlevel.server - INFO - Warning: DeprecationWarning: The default datetime adapter is deprecated as of Python 3.12; see the sqlite3 documentation for suggested replacement recipes
2025-10-17 06:22:21,587 - mcp.server.lowlevel.server - INFO - Warning: DeprecationWarning: The default datetime adapter is deprecated as of Python 3.12; see the sqlite3 documentation for suggested replacement recipes
2025-10-17 06:22:21,587 - mcp.server.lowlevel.server - INFO - Warning: DeprecationWarning: The default datetime adapter is deprecated as of Python 3.12; see the sqlite3 documentation for suggested replacement recipes
2025-10-17 06:22:21,587 - mcp.server.lowlevel.server - INFO - Warning: DeprecationWarning: The default datetime adapter is deprecated as of Python 3.12; see the sqlite3 documentation for suggested replacement recipes
2025-10-17 06:22:21,587 - mcp.server.lowlevel.server - INFO - Warning: DeprecationWarning: The default datetime adapter is deprecated as of Python 3.12; see the sqlite3 documentation for suggested replacement recipes
2025-10-17 06:22:21,587 - mcp.server.lowlevel.server - INFO - Warning: DeprecationWarning: The default datetime adapter is deprecated as of Python 3.12; see the sqlite3 documentation for suggested replacement recipes
2025-10-17 06:22:21,587 - mcp.server.lowlevel.server - INFO - Warning: DeprecationWarning: The default datetime adapter is deprecated as of Python 3.12; see the sqlite3 documentation for suggested replacement recipes
2025-10-17 06:22:21,587 - mcp.server.lowlevel.server - INFO - Warning: DeprecationWarning: The default datetime adapter is deprecated as of Python 3.12; see the sqlite3 documentation for suggested replacement recipes
2025-10-17 06:22:21,587 - mcp.server.lowlevel.server - INFO - Warning: DeprecationWarning: The default datetime adapter is deprecated as of Python 3.12; see the sqlite3 documentation for suggested replacement recipes
2025-10-17 06:22:21,587 - mcp.server.lowlevel.server - INFO - Warning: DeprecationWarning: The default datetime adapter is deprecated as of Python 3.12; see the sqlite3 documentation for suggested replacement recipes
2025-10-17 06:22:21,587 - mcp.server.lowlevel.server - INFO - Warning: DeprecationWarning: The default datetime adapter is deprecated as of Python 3.12; see the sqlite3 documentation for suggested replacement recipes
2025-10-17 06:22:21,587 - mcp.server.lowlevel.server - INFO - Warning: DeprecationWarning: The default datetime adapter is deprecated as of Python 3.12; see the sqlite3 documentation for suggested replacement recipes
2025-10-17 06:22:21,588 - mcp.server.lowlevel.server - INFO - Processing request of type ListToolsRequest
2025-10-17 06:22:21,674 - mcp.server.lowlevel.server - INFO - Processing request of type CallToolRequest
2025-10-17 06:22:21,851 - mcp.server.lowlevel.server - INFO - Warning: DeprecationWarning: The default datetime adapter is deprecated as of Python 3.12; see the sqlite3 documentation for suggested replacement recipes
2025-10-17 06:22:21,851 - mcp.server.lowlevel.server - INFO - Warning: DeprecationWarning: The default datetime adapter is deprecated as of Python 3.12; see the sqlite3 documentation for suggested replacement recipes
2025-10-17 06:22:21,852 - mcp.server.lowlevel.server - INFO - Processing request of type ListToolsRequest
tests\integration\mcp\test_write_note_integration.py ........
tests\markdown\test_entity_parser.py F....
tests\markdown\test_markdown_processor.py ....
tests\markdown\test_parser_edge_cases.py .......
tests\mcp\test_export_docsify.py ..........
tests\mcp\test_prompts.py .........
tests\mcp\test_resource_project_info.py ..
tests\mcp\test_resources.py .
tests\mcp\test_tool_build_context.py .....
tests\mcp\test_tool_canvas.py .....
Error editing entity: Entity not found: nonexistent/note
Error editing note: Entity not found: nonexistent/note
Error editing entity: Text to replace not found: 'nonexistent_text'
Error editing note: Text to replace not found: 'nonexistent_text'
Error editing entity: Expected 1 occurrences of 'v0.12.0', but found 2
Error editing note: Expected 1 occurrences of 'v0.12.0', but found 2
Error editing entity: Multiple sections found with header '## Section 1'. Section replacement requires unique headers.
Error editing note: Multiple sections found with header '## Section 1'. Section replacement requires unique headers.
Error editing entity: find_text cannot be empty or whitespace only
Error editing note: find_text cannot be empty or whitespace only
tests\mcp\test_tool_edit_note.py .................
tests\mcp\test_tool_list_directory.py ...........
Error moving entity: Entity not found: nonexistent/note
Move failed for 'nonexistent/note' to 'target/SomeFile.md': Entity not found: nonexistent/note
Error moving entity: Destination already exists: target/DestinationNote.md
Move failed for 'source/source-note' to 'target/DestinationNote.md': Destination already exists: target/DestinationNote.md
Error moving entity: Destination already exists: test/SameLocationTest.md
Move failed for 'test/same-location-test' to 'test/SameLocationTest.md': Destination already exists: test/SameLocationTest.md
Move failed for 'source/test-note' to '': [{'type': 'string_too_short', 'loc': ['body', 'destination_path'], 'msg': 'String should have at least 1 character', 'input': '', 'ctx': {'min_length': 1}}]
Error moving entity: Entity not found: source/test-note
Move failed for 'source/test-note' to 'docs/readme.txt': Entity not found: source/test-note
Error moving entity: Entity not found: source/test-note
Move failed for 'source/test-note' to 'projects/2025/planning.md': Entity not found: source/test-note
Error moving entity: Entity not found: source/test-note
Move failed for 'source/test-note' to 'archive/old-notes/backup.md': Entity not found: source/test-note
Error moving entity: Entity not found: source/test-note
Move failed for 'source/test-note' to 'deep/nested/directory/structure/file.txt': Entity not found: source/test-note
Error moving entity: Entity not found: source/test-note
Move failed for 'source/test-note' to 'folder/subfolder/document.md': Entity not found: source/test-note
Move failed for 'source/test-note' to '': [{'type': 'string_too_short', 'loc': ['body', 'destination_path'], 'msg': 'String should have at least 1 character', 'input': '', 'ctx': {'min_length': 1}}]
Error moving entity: Entity not found: source/test-note
Move failed for 'source/test-note' to 'folder/./file.md': Entity not found: source/test-note
Error moving entity: Entity not found: source/test-note
Move failed for 'source/test-note' to './folder/subfolder/file.md': Entity not found: source/test-note
Move failed for 'test-note' to 'target/file.md': entity not found
Move failed for 'test-note' to 'target/file.md': permission denied
tests\mcp\test_tool_move_note.py ...........................
tests\mcp\test_tool_read_content.py ....................
tests\mcp\test_tool_read_note.py .........................
tests\mcp\test_tool_recent_activity.py ...
tests\mcp\test_tool_resource.py ........
Search failed for query 'test query': syntax error
Search failed for query 'test query': permission denied
tests\mcp\test_tool_search.py ..........
Error getting sync status: Test error
tests\mcp\test_tool_sync_status.py .....F.
tests\mcp\test_tool_typora_control.py ........................
Server error: POST http://test.com: Internal server error: Something went wrong processing 'test.com'
tests\mcp\test_tool_utils.py ...............
tests\mcp\test_tool_view_note.py .............
tests\mcp\test_tool_write_note.py ..................................
tests\mcp\test_zettelmaker.py FFFFFFFFFFFFFFF
tests\repository\test_entity_repository.py .............
tests\repository\test_entity_repository_upsert.py ........
tests\repository\test_observation_repository.py ...........
tests\repository\test_project_info_repository.py ..
tests\repository\test_project_repository.py ..........
tests\repository\test_relation_repository.py ..............
tests\repository\test_repository.py ..........
Database error during search: Database connection failed
tests\repository\test_search_repository.py .............
tests\services\test_context_service.py {(4, 'entity'), (2, 'entity'), (3, 'entity')}
......
tests\services\test_directory_service.py .............
Failed to upsert entity for test\error-test.md: Database connection failed
tests\services\test_entity_service.py ......................................................
Failed to check file existence
Failed to write file
tests\services\test_file_service.py ..........
Error initializing database: Test error
tests\services\test_initialization.py .....
tests\services\test_link_resolver.py ..............
Project 'test-mismatch-project-564507d0' exists in config but not in database
tests\services\test_project_service.py ................
tests\services\test_project_service_operations.py ....
tests\services\test_search_service.py ....................................
Failed to sync file: path=huge.md, error_type=ValueError, error=File exceeds 10MB limit: huge.md
Failed to sync file: path=massive.md, error_type=ValueError, error=File exceeds 10MB limit: massive.md
Failed to update frontmatter
tests\sync\test_sync_error_handling.py .........
Entity not found after constraint violation, path=test_not_found.md
Failed to update entity, entity_id=1, path=test_update_fail.md
tests\sync\test_sync_service.py .......s.....................
tests\sync\test_sync_wikilink_issue.py .
tests\sync\test_tmp_files.py .OK test.md
1 added
.OK document.md
1 added
.OK document.md
1 added
.
tests\sync\test_watch_service.py .........
tests\sync\test_watch_service_edge_cases.py .
tests\test_ci_basic.py .
tests\test_db_migration_deduplication.py ......
API unhandled exception
Traceback (most recent call last):

  File "D:\Dev\repos\advanced-memory-mcp\.venv\Lib\site-packages\sqlalchemy\engine\base.py", line 1963, in _exec_single_context
    self.dialect.do_execute(
    |    |       -> <function DefaultDialect.do_execute at 0x0000028D8C5F2660>
    |    -> <sqlalchemy.dialects.sqlite.aiosqlite.SQLiteDialect_aiosqlite object at 0x0000028D94375310>
    -> <sqlalchemy.engine.base.Connection object at 0x0000028D943F6DE0>
  File "D:\Dev\repos\advanced-memory-mcp\.venv\Lib\site-packages\sqlalchemy\engine\default.py", line 943, in do_execute
    cursor.execute(statement, parameters)
    |      |       |          -> ('test-project',)
    |      |       -> 'SELECT project.id, project.name, project.description, project.permalink, project.path, project.is_active, project.is_default...
    |      -> <function AsyncAdapt_aiosqlite_cursor.execute at 0x0000028D8D39DD00>
    -> <sqlalchemy.dialects.sqlite.aiosqlite.AsyncAdapt_aiosqlite_cursor object at 0x0000028D9380FD00>
  File "D:\Dev\repos\advanced-memory-mcp\.venv\Lib\site-packages\sqlalchemy\dialects\sqlite\aiosqlite.py", line 149, in execute
    self._adapt_connection._handle_exception(error)
    |    -> <member '_adapt_connection' of 'AsyncAdapt_aiosqlite_cursor' objects>
    -> <sqlalchemy.dialects.sqlite.aiosqlite.AsyncAdapt_aiosqlite_cursor object at 0x0000028D9380FD00>
  File "D:\Dev\repos\advanced-memory-mcp\.venv\Lib\site-packages\sqlalchemy\dialects\sqlite\aiosqlite.py", line 300, in _handle_exception
    raise error
          -> OperationalError('no such table: project')
  File "D:\Dev\repos\advanced-memory-mcp\.venv\Lib\site-packages\sqlalchemy\dialects\sqlite\aiosqlite.py", line 131, in execute
    self.await_(_cursor.execute(operation, parameters))
    |    |      |       |       |          -> ('test-project',)
    |    |      |       |       -> 'SELECT project.id, project.name, project.description, project.permalink, project.path, project.is_active, project.is_default...
    |    |      |       -> <function Cursor.execute at 0x0000028D9000E980>
    |    |      -> <aiosqlite.cursor.Cursor object at 0x0000028D943F7E00>
    |    -> <member 'await_' of 'AsyncAdapt_aiosqlite_cursor' objects>
    -> <sqlalchemy.dialects.sqlite.aiosqlite.AsyncAdapt_aiosqlite_cursor object at 0x0000028D9380FD00>
  File "D:\Dev\repos\advanced-memory-mcp\.venv\Lib\site-packages\sqlalchemy\util\_concurrency_py3k.py", line 132, in await_only
    return current.parent.switch(awaitable)  # type: ignore[no-any-return,attr-defined] # noqa: E501
           |       |             -> <coroutine object Cursor.execute at 0x0000028D910AFD80>
           |       -> <attribute 'parent' of 'greenlet.greenlet' objects>
           -> <_AsyncIoGreenlet object at 0x0000028D906D7C80 (otid=0x0000028D8BF6E6A0) dead>
  File "D:\Dev\repos\advanced-memory-mcp\.venv\Lib\site-packages\sqlalchemy\util\_concurrency_py3k.py", line 196, in greenlet_spawn
    value = await result
                  -> <coroutine object Cursor.execute at 0x0000028D910AFD80>
  File "D:\Dev\repos\advanced-memory-mcp\.venv\Lib\site-packages\aiosqlite\cursor.py", line 40, in execute
    await self._execute(self._cursor.execute, sql, parameters)
          |    |        |    |       |        |    -> ('test-project',)
          |    |        |    |       |        -> 'SELECT project.id, project.name, project.description, project.permalink, project.path, project.is_active, project.is_default...
          |    |        |    |       -> <method 'execute' of 'sqlite3.Cursor' objects>
          |    |        |    -> <sqlite3.Cursor object at 0x0000028D915A1B40>
          |    |        -> <aiosqlite.cursor.Cursor object at 0x0000028D943F7E00>
          |    -> <function Cursor._execute at 0x0000028D9000EA20>
          -> <aiosqlite.cursor.Cursor object at 0x0000028D943F7E00>
  File "D:\Dev\repos\advanced-memory-mcp\.venv\Lib\site-packages\aiosqlite\cursor.py", line 32, in _execute
    return await self._conn._execute(fn, *args, **kwargs)
                 |    |     |        |    |       -> {}
                 |    |     |        |    -> ('SELECT project.id, project.name, project.description, project.permalink, project.path, project.is_active, project.is_defaul...
                 |    |     |        -> <built-in method execute of sqlite3.Cursor object at 0x0000028D915A1B40>
                 |    |     -> <function Connection._execute at 0x0000028D9000DB20>
                 |    -> <Connection(Thread-888, started daemon 63392)>
                 -> <aiosqlite.cursor.Cursor object at 0x0000028D943F7E00>
  File "D:\Dev\repos\advanced-memory-mcp\.venv\Lib\site-packages\aiosqlite\core.py", line 122, in _execute
    return await future
                 -> <Future finished exception=OperationalError('no such table: project')>
  File "C:\Users\sandr\AppData\Roaming\uv\python\cpython-3.12.9-windows-x86_64-none\Lib\asyncio\tasks.py", line 385, in __wakeup
    future.result()
    |      -> <method 'result' of '_asyncio.Future' objects>
    -> <Future finished exception=OperationalError('no such table: project')>
  File "D:\Dev\repos\advanced-memory-mcp\.venv\Lib\site-packages\aiosqlite\core.py", line 105, in run
    result = function()
             -> functools.partial(<built-in method rollback of sqlite3.Connection object at 0x0000028D94382E30>)

sqlite3.OperationalError: no such table: project


The above exception was the direct cause of the following exception:


Traceback (most recent call last):

  File "<frozen runpy>", line 198, in _run_module_as_main
  File "<frozen runpy>", line 88, in _run_code

  File "D:\Dev\repos\advanced-memory-mcp\.venv\Scripts\pytest.exe\__main__.py", line 10, in <module>

  File "D:\Dev\repos\advanced-memory-mcp\.venv\Lib\site-packages\_pytest\config\__init__.py", line 201, in console_main
    code = main()
           -> <function main at 0x0000028D8ADDD440>
  File "D:\Dev\repos\advanced-memory-mcp\.venv\Lib\site-packages\_pytest\config\__init__.py", line 175, in main
    ret: ExitCode | int = config.hook.pytest_cmdline_main(config=config)
         |                |      |    |                          -> <_pytest.config.Config object at 0x0000028D8AEADD00>
         |                |      |    -> <HookCaller 'pytest_cmdline_main'>
         |                |      -> <_pytest.config.compat.PathAwareHookProxy object at 0x0000028D8AFC4DD0>
         |                -> <_pytest.config.Config object at 0x0000028D8AEADD00>
         -> <enum 'ExitCode'>
  File "D:\Dev\repos\advanced-memory-mcp\.venv\Lib\site-packages\pluggy\_hooks.py", line 512, in __call__
    return self._hookexec(self.name, self._hookimpls.copy(), kwargs, firstresult)
           |    |         |    |     |    |                  |       -> True
           |    |         |    |     |    |                  -> {'config': <_pytest.config.Config object at 0x0000028D8AEADD00>}
           |    |         |    |     |    -> <member '_hookimpls' of 'HookCaller' objects>
           |    |         |    |     -> <HookCaller 'pytest_cmdline_main'>
           |    |         |    -> <member 'name' of 'HookCaller' objects>
           |    |         -> <HookCaller 'pytest_cmdline_main'>
           |    -> <member '_hookexec' of 'HookCaller' objects>
           -> <HookCaller 'pytest_cmdline_main'>
  File "D:\Dev\repos\advanced-memory-mcp\.venv\Lib\site-packages\pluggy\_manager.py", line 120, in _hookexec
    return self._inner_hookexec(hook_name, methods, kwargs, firstresult)
           |    |               |          |        |       -> True
           |    |               |          |        -> {'config': <_pytest.config.Config object at 0x0000028D8AEADD00>}
           |    |               |          -> [<HookImpl plugin_name='main', plugin=<module '_pytest.main' from 'D:\\Dev\\repos\\advanced-memory-mcp\\.venv\\Lib\\site-pack...
           |    |               -> 'pytest_cmdline_main'
           |    -> <function _multicall at 0x0000028D8A9802C0>
           -> <_pytest.config.PytestPluginManager object at 0x0000028D8A6895B0>
  File "D:\Dev\repos\advanced-memory-mcp\.venv\Lib\site-packages\pluggy\_callers.py", line 121, in _multicall
    res = hook_impl.function(*args)
          |         |         -> [<_pytest.config.Config object at 0x0000028D8AEADD00>]
          |         -> <member 'function' of 'HookImpl' objects>
          -> <HookImpl plugin_name='main', plugin=<module '_pytest.main' from 'D:\\Dev\\repos\\advanced-memory-mcp\\.venv\\Lib\\site-packa...
  File "D:\Dev\repos\advanced-memory-mcp\.venv\Lib\site-packages\_pytest\main.py", line 336, in pytest_cmdline_main
    return wrap_session(config, _main)
           |            |       -> <function _main at 0x0000028D8AEA7100>
           |            -> <_pytest.config.Config object at 0x0000028D8AEADD00>
           -> <function wrap_session at 0x0000028D8AEA6FC0>
  File "D:\Dev\repos\advanced-memory-mcp\.venv\Lib\site-packages\_pytest\main.py", line 289, in wrap_session
    session.exitstatus = doit(config, session) or 0
    |       |            |    |       -> <Session  exitstatus=<ExitCode.OK: 0> testsfailed=19 testscollected=1190>
    |       |            |    -> <_pytest.config.Config object at 0x0000028D8AEADD00>
    |       |            -> <function _main at 0x0000028D8AEA7100>
    |       -> <ExitCode.OK: 0>
    -> <Session  exitstatus=<ExitCode.OK: 0> testsfailed=19 testscollected=1190>
  File "D:\Dev\repos\advanced-memory-mcp\.venv\Lib\site-packages\_pytest\main.py", line 343, in _main
    config.hook.pytest_runtestloop(session=session)
    |      |    |                          -> <Session  exitstatus=<ExitCode.OK: 0> testsfailed=19 testscollected=1190>
    |      |    -> <HookCaller 'pytest_runtestloop'>
    |      -> <_pytest.config.compat.PathAwareHookProxy object at 0x0000028D8AFC4DD0>
    -> <_pytest.config.Config object at 0x0000028D8AEADD00>
  File "D:\Dev\repos\advanced-memory-mcp\.venv\Lib\site-packages\pluggy\_hooks.py", line 512, in __call__
    return self._hookexec(self.name, self._hookimpls.copy(), kwargs, firstresult)
           |    |         |    |     |    |                  |       -> True
           |    |         |    |     |    |                  -> {'session': <Session  exitstatus=<ExitCode.OK: 0> testsfailed=19 testscollected=1190>}
           |    |         |    |     |    -> <member '_hookimpls' of 'HookCaller' objects>
           |    |         |    |     -> <HookCaller 'pytest_runtestloop'>
           |    |         |    -> <member 'name' of 'HookCaller' objects>
           |    |         -> <HookCaller 'pytest_runtestloop'>
           |    -> <member '_hookexec' of 'HookCaller' objects>
           -> <HookCaller 'pytest_runtestloop'>
  File "D:\Dev\repos\advanced-memory-mcp\.venv\Lib\site-packages\pluggy\_manager.py", line 120, in _hookexec
    return self._inner_hookexec(hook_name, methods, kwargs, firstresult)
           |    |               |          |        |       -> True
           |    |               |          |        -> {'session': <Session  exitstatus=<ExitCode.OK: 0> testsfailed=19 testscollected=1190>}
           |    |               |          -> [<HookImpl plugin_name='main', plugin=<module '_pytest.main' from 'D:\\Dev\\repos\\advanced-memory-mcp\\.venv\\Lib\\site-pack...
           |    |               -> 'pytest_runtestloop'
           |    -> <function _multicall at 0x0000028D8A9802C0>
           -> <_pytest.config.PytestPluginManager object at 0x0000028D8A6895B0>
  File "D:\Dev\repos\advanced-memory-mcp\.venv\Lib\site-packages\pluggy\_callers.py", line 121, in _multicall
    res = hook_impl.function(*args)
          |         |         -> [<Session  exitstatus=<ExitCode.OK: 0> testsfailed=19 testscollected=1190>]
          |         -> <member 'function' of 'HookImpl' objects>
          -> <HookImpl plugin_name='main', plugin=<module '_pytest.main' from 'D:\\Dev\\repos\\advanced-memory-mcp\\.venv\\Lib\\site-packa...
  File "D:\Dev\repos\advanced-memory-mcp\.venv\Lib\site-packages\_pytest\main.py", line 367, in pytest_runtestloop
    item.config.hook.pytest_runtest_protocol(item=item, nextitem=nextitem)
    |    |                                        |              -> <Coroutine test_compute_checksum[asyncio]>
    |    |                                        -> <Function test_search[asyncio]>
    |    -> <member 'config' of 'Node' objects>
    -> <Function test_search[asyncio]>
  File "D:\Dev\repos\advanced-memory-mcp\.venv\Lib\site-packages\pluggy\_hooks.py", line 512, in __call__
    return self._hookexec(self.name, self._hookimpls.copy(), kwargs, firstresult)
           |    |         |    |     |    |                  |       -> True
           |    |         |    |     |    |                  -> {'item': <Function test_search[asyncio]>, 'nextitem': <Coroutine test_compute_checksum[asyncio]>}
           |    |         |    |     |    -> <member '_hookimpls' of 'HookCaller' objects>
           |    |         |    |     -> <HookCaller 'pytest_runtest_protocol'>
           |    |         |    -> <member 'name' of 'HookCaller' objects>
           |    |         -> <HookCaller 'pytest_runtest_protocol'>
           |    -> <member '_hookexec' of 'HookCaller' objects>
           -> <HookCaller 'pytest_runtest_protocol'>
  File "D:\Dev\repos\advanced-memory-mcp\.venv\Lib\site-packages\pluggy\_manager.py", line 120, in _hookexec
    return self._inner_hookexec(hook_name, methods, kwargs, firstresult)
           |    |               |          |        |       -> True
           |    |               |          |        -> {'item': <Function test_search[asyncio]>, 'nextitem': <Coroutine test_compute_checksum[asyncio]>}
           |    |               |          -> [<HookImpl plugin_name='runner', plugin=<module '_pytest.runner' from 'D:\\Dev\\repos\\advanced-memory-mcp\\.venv\\Lib\\site-...
           |    |               -> 'pytest_runtest_protocol'
           |    -> <function _multicall at 0x0000028D8A9802C0>
           -> <_pytest.config.PytestPluginManager object at 0x0000028D8A6895B0>
  File "D:\Dev\repos\advanced-memory-mcp\.venv\Lib\site-packages\pluggy\_callers.py", line 121, in _multicall
    res = hook_impl.function(*args)
          |         |         -> [<Function test_search[asyncio]>, <Coroutine test_compute_checksum[asyncio]>]
          |         -> <member 'function' of 'HookImpl' objects>
          -> <HookImpl plugin_name='runner', plugin=<module '_pytest.runner' from 'D:\\Dev\\repos\\advanced-memory-mcp\\.venv\\Lib\\site-p...
  File "D:\Dev\repos\advanced-memory-mcp\.venv\Lib\site-packages\_pytest\runner.py", line 117, in pytest_runtest_protocol
    runtestprotocol(item, nextitem=nextitem)
    |               |              -> <Coroutine test_compute_checksum[asyncio]>
    |               -> <Function test_search[asyncio]>
    -> <function runtestprotocol at 0x0000028D8AEA62A0>
  File "D:\Dev\repos\advanced-memory-mcp\.venv\Lib\site-packages\_pytest\runner.py", line 136, in runtestprotocol
    reports.append(call_and_report(item, "call", log))
    |       |      |               |             -> True
    |       |      |               -> <Function test_search[asyncio]>
    |       |      -> <function call_and_report at 0x0000028D8AEA6700>
    |       -> <method 'append' of 'list' objects>
    -> [<TestReport 'tests/test_search.py::test_search[asyncio]' when='setup' outcome='passed'>]
  File "D:\Dev\repos\advanced-memory-mcp\.venv\Lib\site-packages\_pytest\runner.py", line 245, in call_and_report
    call = CallInfo.from_call(
           |        -> <classmethod(<function CallInfo.from_call at 0x0000028D8AEA6A20>)>
           -> <class '_pytest.runner.CallInfo'>
  File "D:\Dev\repos\advanced-memory-mcp\.venv\Lib\site-packages\_pytest\runner.py", line 344, in from_call
    result: TResult | None = func()
            |                -> <function call_and_report.<locals>.<lambda> at 0x0000028D90CD2F20>
            -> +TResult
  File "D:\Dev\repos\advanced-memory-mcp\.venv\Lib\site-packages\_pytest\runner.py", line 246, in <lambda>
    lambda: runtest_hook(item=item, **kwds), when=when, reraise=reraise
            |                 |       -> {}
            |                 -> <Function test_search[asyncio]>
            -> <HookCaller 'pytest_runtest_call'>
  File "D:\Dev\repos\advanced-memory-mcp\.venv\Lib\site-packages\pluggy\_hooks.py", line 512, in __call__
    return self._hookexec(self.name, self._hookimpls.copy(), kwargs, firstresult)
           |    |         |    |     |    |                  |       -> False
           |    |         |    |     |    |                  -> {'item': <Function test_search[asyncio]>}
           |    |         |    |     |    -> <member '_hookimpls' of 'HookCaller' objects>
           |    |         |    |     -> <HookCaller 'pytest_runtest_call'>
           |    |         |    -> <member 'name' of 'HookCaller' objects>
           |    |         -> <HookCaller 'pytest_runtest_call'>
           |    -> <member '_hookexec' of 'HookCaller' objects>
           -> <HookCaller 'pytest_runtest_call'>
  File "D:\Dev\repos\advanced-memory-mcp\.venv\Lib\site-packages\pluggy\_manager.py", line 120, in _hookexec
    return self._inner_hookexec(hook_name, methods, kwargs, firstresult)
           |    |               |          |        |       -> False
           |    |               |          |        -> {'item': <Function test_search[asyncio]>}
           |    |               |          -> [<HookImpl plugin_name='threadexception', plugin=<module '_pytest.threadexception' from 'D:\\Dev\\repos\\advanced-memory-mcp\...
           |    |               -> 'pytest_runtest_call'
           |    -> <function _multicall at 0x0000028D8A9802C0>
           -> <_pytest.config.PytestPluginManager object at 0x0000028D8A6895B0>
  File "D:\Dev\repos\advanced-memory-mcp\.venv\Lib\site-packages\pluggy\_callers.py", line 121, in _multicall
    res = hook_impl.function(*args)
          |         |         -> [<Function test_search[asyncio]>]
          |         -> <member 'function' of 'HookImpl' objects>
          -> <HookImpl plugin_name='runner', plugin=<module '_pytest.runner' from 'D:\\Dev\\repos\\advanced-memory-mcp\\.venv\\Lib\\site-p...
  File "D:\Dev\repos\advanced-memory-mcp\.venv\Lib\site-packages\_pytest\runner.py", line 178, in pytest_runtest_call
    item.runtest()
    |    -> <function Function.runtest at 0x0000028D8AFBEC00>
    -> <Function test_search[asyncio]>
  File "D:\Dev\repos\advanced-memory-mcp\.venv\Lib\site-packages\_pytest\python.py", line 1671, in runtest
    self.ihook.pytest_pyfunc_call(pyfuncitem=self)
    |    |                                   -> <Function test_search[asyncio]>
    |    -> <property object at 0x0000028D8AE180E0>
    -> <Function test_search[asyncio]>
  File "D:\Dev\repos\advanced-memory-mcp\.venv\Lib\site-packages\pluggy\_hooks.py", line 512, in __call__
    return self._hookexec(self.name, self._hookimpls.copy(), kwargs, firstresult)
           |    |         |    |     |    |                  |       -> True
           |    |         |    |     |    |                  -> {'pyfuncitem': <Function test_search[asyncio]>}
           |    |         |    |     |    -> <member '_hookimpls' of 'HookCaller' objects>
           |    |         |    |     -> <HookCaller 'pytest_pyfunc_call'>
           |    |         |    -> <member 'name' of 'HookCaller' objects>
           |    |         -> <HookCaller 'pytest_pyfunc_call'>
           |    -> <member '_hookexec' of 'HookCaller' objects>
           -> <HookCaller 'pytest_pyfunc_call'>
  File "D:\Dev\repos\advanced-memory-mcp\.venv\Lib\site-packages\pluggy\_manager.py", line 120, in _hookexec
    return self._inner_hookexec(hook_name, methods, kwargs, firstresult)
           |    |               |          |        |       -> True
           |    |               |          |        -> {'pyfuncitem': <Function test_search[asyncio]>}
           |    |               |          -> [<HookImpl plugin_name='python', plugin=<module '_pytest.python' from 'D:\\Dev\\repos\\advanced-memory-mcp\\.venv\\Lib\\site-...
           |    |               -> 'pytest_pyfunc_call'
           |    -> <function _multicall at 0x0000028D8A9802C0>
           -> <_pytest.config.PytestPluginManager object at 0x0000028D8A6895B0>
  File "D:\Dev\repos\advanced-memory-mcp\.venv\Lib\site-packages\pluggy\_callers.py", line 121, in _multicall
    res = hook_impl.function(*args)
          |         |         -> [<Function test_search[asyncio]>]
          |         -> <member 'function' of 'HookImpl' objects>
          -> <HookImpl plugin_name='aio', plugin=<module 'pytest_aio.plugin' from 'D:\\Dev\\repos\\advanced-memory-mcp\\.venv\\Lib\\site-p...
  File "D:\Dev\repos\advanced-memory-mcp\.venv\Lib\site-packages\pytest_aio\plugin.py", line 72, in pytest_pyfunc_call
    run(**testargs)
    |     -> {}
    -> <function pytest_pyfunc_call.<locals>.run at 0x0000028D93AED760>
  File "D:\Dev\repos\advanced-memory-mcp\.venv\Lib\site-packages\pytest_aio\plugin.py", line 64, in run
    runner.run(testfunc, **kwargs)
    |      |   |           -> {}
    |      |   -> <function test_search at 0x0000028D8FF84E00>
    |      -> <function AsyncioRunner.run at 0x0000028D8BB9ADE0>
    -> <pytest_aio.runners.AsyncioRunner object at 0x0000028D91C7F7D0>
  File "D:\Dev\repos\advanced-memory-mcp\.venv\Lib\site-packages\pytest_aio\runners.py", line 71, in run
    return self._loop.run_until_complete(task)
           |    |     |                  -> <AsyncioContextTask pending name='Task-pytest-aio-1' coro=<test_search() running at D:\Dev\repos\advanced-memory-mcp\tests\te...
           |    |     -> <function BaseEventLoop.run_until_complete at 0x0000028D8BA7F420>
           |    -> <ProactorEventLoop running=True closed=False debug=False>
           -> <pytest_aio.runners.AsyncioRunner object at 0x0000028D91C7F7D0>
  File "C:\Users\sandr\AppData\Roaming\uv\python\cpython-3.12.9-windows-x86_64-none\Lib\asyncio\base_events.py", line 678, in run_until_complete
    self.run_forever()
    |    -> <function ProactorEventLoop.run_forever at 0x0000028D8BAF4AE0>
    -> <ProactorEventLoop running=True closed=False debug=False>
  File "C:\Users\sandr\AppData\Roaming\uv\python\cpython-3.12.9-windows-x86_64-none\Lib\asyncio\windows_events.py", line 322, in run_forever
    super().run_forever()
  File "C:\Users\sandr\AppData\Roaming\uv\python\cpython-3.12.9-windows-x86_64-none\Lib\asyncio\base_events.py", line 645, in run_forever
    self._run_once()
    |    -> <function BaseEventLoop._run_once at 0x0000028D8BA851C0>
    -> <ProactorEventLoop running=True closed=False debug=False>
  File "C:\Users\sandr\AppData\Roaming\uv\python\cpython-3.12.9-windows-x86_64-none\Lib\asyncio\base_events.py", line 1999, in _run_once
    handle._run()
    |      -> <function Handle._run at 0x0000028D8B33D620>
    -> <Handle Task.__wakeup(<Future finished result=None>)>
  File "C:\Users\sandr\AppData\Roaming\uv\python\cpython-3.12.9-windows-x86_64-none\Lib\asyncio\events.py", line 88, in _run
    self._context.run(self._callback, *self._args)
    |    |            |    |           |    -> <member '_args' of 'Handle' objects>
    |    |            |    |           -> <Handle Task.__wakeup(<Future finished result=None>)>
    |    |            |    -> <member '_callback' of 'Handle' objects>
    |    |            -> <Handle Task.__wakeup(<Future finished result=None>)>
    |    -> <member '_context' of 'Handle' objects>
    -> <Handle Task.__wakeup(<Future finished result=None>)>
  File "C:\Users\sandr\AppData\Roaming\uv\python\cpython-3.12.9-windows-x86_64-none\Lib\asyncio\tasks.py", line 396, in __wakeup
    self.__step()
    -> <AsyncioContextTask pending name='Task-pytest-aio-1' coro=<test_search() running at D:\Dev\repos\advanced-memory-mcp\tests\te...
  File "C:\Users\sandr\AppData\Roaming\uv\python\cpython-3.12.9-windows-x86_64-none\Lib\asyncio\tasks.py", line 303, in __step
    self.__step_run_and_handle_result(exc)
    |                                 -> None
    -> <AsyncioContextTask pending name='Task-pytest-aio-1' coro=<test_search() running at D:\Dev\repos\advanced-memory-mcp\tests\te...
  File "C:\Users\sandr\AppData\Roaming\uv\python\cpython-3.12.9-windows-x86_64-none\Lib\asyncio\tasks.py", line 314, in __step_run_and_handle_result
    result = coro.send(None)
             |    -> <method 'send' of 'coroutine' objects>
             -> <coroutine object test_search at 0x0000028D90061040>

  File "D:\Dev\repos\advanced-memory-mcp\tests\test_search.py", line 11, in test_search
    result = await search_notes.fn(query="*", page=1, page_size=5)
                   |            -> <function search_notes at 0x0000028D8F629F80>
                   -> FunctionTool(name='search_notes', title=None, description='Perform comprehensive full-text search across the Advanced Memory ...

  File "D:\Dev\repos\advanced-memory-mcp\src\advanced_memory\mcp\tools\search.py", line 412, in search_notes
    response = await call_post(
                     -> <function call_post at 0x0000028D8F62A2A0>

  File "D:\Dev\repos\advanced-memory-mcp\src\advanced_memory\mcp\tools\utils.py", line 385, in call_post
    response = await client.post(
                     |      -> <function AsyncClient.post at 0x0000028D8E49A840>
                     -> <httpx.AsyncClient object at 0x0000028D8E5AAF60>

  File "D:\Dev\repos\advanced-memory-mcp\.venv\Lib\site-packages\httpx\_client.py", line 1859, in post
    return await self.request(
                 |    -> <function AsyncClient.request at 0x0000028D8E49A200>
                 -> <httpx.AsyncClient object at 0x0000028D8E5AAF60>
  File "D:\Dev\repos\advanced-memory-mcp\.venv\Lib\site-packages\httpx\_client.py", line 1540, in request
    return await self.send(request, auth=auth, follow_redirects=follow_redirects)
                 |    |    |             |                      -> <httpx._client.UseClientDefault object at 0x0000028D8E3E5400>
                 |    |    |             -> <httpx._client.UseClientDefault object at 0x0000028D8E3E5400>
                 |    |    -> <Request('POST', 'http://test/test-project/search/?page=1&page_size=5')>
                 |    -> <function AsyncClient.send at 0x0000028D8E49A3E0>
                 -> <httpx.AsyncClient object at 0x0000028D8E5AAF60>
  File "D:\Dev\repos\advanced-memory-mcp\.venv\Lib\site-packages\httpx\_client.py", line 1629, in send
    response = await self._send_handling_auth(
                     |    -> <function AsyncClient._send_handling_auth at 0x0000028D8E49A480>
                     -> <httpx.AsyncClient object at 0x0000028D8E5AAF60>
  File "D:\Dev\repos\advanced-memory-mcp\.venv\Lib\site-packages\httpx\_client.py", line 1657, in _send_handling_auth
    response = await self._send_handling_redirects(
                     |    -> <function AsyncClient._send_handling_redirects at 0x0000028D8E49A520>
                     -> <httpx.AsyncClient object at 0x0000028D8E5AAF60>
  File "D:\Dev\repos\advanced-memory-mcp\.venv\Lib\site-packages\httpx\_client.py", line 1694, in _send_handling_redirects
    response = await self._send_single_request(request)
                     |    |                    -> <Request('POST', 'http://test/test-project/search/?page=1&page_size=5')>
                     |    -> <function AsyncClient._send_single_request at 0x0000028D8E49A5C0>
                     -> <httpx.AsyncClient object at 0x0000028D8E5AAF60>
  File "D:\Dev\repos\advanced-memory-mcp\.venv\Lib\site-packages\httpx\_client.py", line 1730, in _send_single_request
    response = await transport.handle_async_request(request)
                     |         |                    -> <Request('POST', 'http://test/test-project/search/?page=1&page_size=5')>
                     |         -> <function ASGITransport.handle_async_request at 0x0000028D8E47A340>
                     -> <httpx.ASGITransport object at 0x0000028D8ED87140>
  File "D:\Dev\repos\advanced-memory-mcp\.venv\Lib\site-packages\httpx\_transports\asgi.py", line 170, in handle_async_request
    await self.app(scope, receive, send)
          |    |   |      |        -> <function ASGITransport.handle_async_request.<locals>.send at 0x0000028D91090860>
          |    |   |      -> <function ASGITransport.handle_async_request.<locals>.receive at 0x0000028D91092520>
          |    |   -> {'type': 'http', 'asgi': {'version': '3.0'}, 'http_version': '1.1', 'method': 'POST', 'headers': [(b'host', b'test'), (b'acce...
          |    -> <fastapi.applications.FastAPI object at 0x0000028D8E5AB440>
          -> <httpx.ASGITransport object at 0x0000028D8ED87140>
  File "D:\Dev\repos\advanced-memory-mcp\.venv\Lib\site-packages\fastapi\applications.py", line 1133, in __call__
    await super().__call__(scope, receive, send)
                           |      |        -> <function ASGITransport.handle_async_request.<locals>.send at 0x0000028D91090860>
                           |      -> <function ASGITransport.handle_async_request.<locals>.receive at 0x0000028D91092520>
                           -> {'type': 'http', 'asgi': {'version': '3.0'}, 'http_version': '1.1', 'method': 'POST', 'headers': [(b'host', b'test'), (b'acce...
  File "D:\Dev\repos\advanced-memory-mcp\.venv\Lib\site-packages\starlette\applications.py", line 113, in __call__
    await self.middleware_stack(scope, receive, send)
          |    |                |      |        -> <function ASGITransport.handle_async_request.<locals>.send at 0x0000028D91090860>
          |    |                |      -> <function ASGITransport.handle_async_request.<locals>.receive at 0x0000028D91092520>
          |    |                -> {'type': 'http', 'asgi': {'version': '3.0'}, 'http_version': '1.1', 'method': 'POST', 'headers': [(b'host', b'test'), (b'acce...
          |    -> <starlette.middleware.errors.ServerErrorMiddleware object at 0x0000028D90818D40>
          -> <fastapi.applications.FastAPI object at 0x0000028D8E5AB440>
> File "D:\Dev\repos\advanced-memory-mcp\.venv\Lib\site-packages\starlette\middleware\errors.py", line 164, in __call__
    await self.app(scope, receive, _send)
          |    |   |      |        -> <function ServerErrorMiddleware.__call__.<locals>._send at 0x0000028D91091C60>
          |    |   |      -> <function ASGITransport.handle_async_request.<locals>.receive at 0x0000028D91092520>
          |    |   -> {'type': 'http', 'asgi': {'version': '3.0'}, 'http_version': '1.1', 'method': 'POST', 'headers': [(b'host', b'test'), (b'acce...
          |    -> <starlette.middleware.exceptions.ExceptionMiddleware object at 0x0000028D9081AFC0>
          -> <starlette.middleware.errors.ServerErrorMiddleware object at 0x0000028D90818D40>
  File "D:\Dev\repos\advanced-memory-mcp\.venv\Lib\site-packages\starlette\middleware\exceptions.py", line 63, in __call__
    await wrap_app_handling_exceptions(self.app, conn)(scope, receive, send)
          |                            |    |    |     |      |        -> <function ServerErrorMiddleware.__call__.<locals>._send at 0x0000028D91091C60>
          |                            |    |    |     |      -> <function ASGITransport.handle_async_request.<locals>.receive at 0x0000028D91092520>
          |                            |    |    |     -> {'type': 'http', 'asgi': {'version': '3.0'}, 'http_version': '1.1', 'method': 'POST', 'headers': [(b'host', b'test'), (b'acce...
          |                            |    |    -> <starlette.requests.Request object at 0x0000028D91C7EEA0>
          |                            |    -> <fastapi.middleware.asyncexitstack.AsyncExitStackMiddleware object at 0x0000028D9081B2C0>
          |                            -> <starlette.middleware.exceptions.ExceptionMiddleware object at 0x0000028D9081AFC0>
          -> <function wrap_app_handling_exceptions at 0x0000028D8E028EA0>
  File "D:\Dev\repos\advanced-memory-mcp\.venv\Lib\site-packages\starlette\_exception_handler.py", line 53, in wrapped_app
    raise exc
  File "D:\Dev\repos\advanced-memory-mcp\.venv\Lib\site-packages\starlette\_exception_handler.py", line 42, in wrapped_app
    await app(scope, receive, sender)
          |   |      |        -> <function wrap_app_handling_exceptions.<locals>.wrapped_app.<locals>.sender at 0x0000028D90EED440>
          |   |      -> <function ASGITransport.handle_async_request.<locals>.receive at 0x0000028D91092520>
          |   -> {'type': 'http', 'asgi': {'version': '3.0'}, 'http_version': '1.1', 'method': 'POST', 'headers': [(b'host', b'test'), (b'acce...
          -> <fastapi.middleware.asyncexitstack.AsyncExitStackMiddleware object at 0x0000028D9081B2C0>
  File "D:\Dev\repos\advanced-memory-mcp\.venv\Lib\site-packages\fastapi\middleware\asyncexitstack.py", line 18, in __call__
    await self.app(scope, receive, send)
          |    |   |      |        -> <function wrap_app_handling_exceptions.<locals>.wrapped_app.<locals>.sender at 0x0000028D90EED440>
          |    |   |      -> <function ASGITransport.handle_async_request.<locals>.receive at 0x0000028D91092520>
          |    |   -> {'type': 'http', 'asgi': {'version': '3.0'}, 'http_version': '1.1', 'method': 'POST', 'headers': [(b'host', b'test'), (b'acce...
          |    -> <fastapi.routing.APIRouter object at 0x0000028D8ECA42C0>
          -> <fastapi.middleware.asyncexitstack.AsyncExitStackMiddleware object at 0x0000028D9081B2C0>
  File "D:\Dev\repos\advanced-memory-mcp\.venv\Lib\site-packages\starlette\routing.py", line 716, in __call__
    await self.middleware_stack(scope, receive, send)
          |    |                |      |        -> <function wrap_app_handling_exceptions.<locals>.wrapped_app.<locals>.sender at 0x0000028D90EED440>
          |    |                |      -> <function ASGITransport.handle_async_request.<locals>.receive at 0x0000028D91092520>
          |    |                -> {'type': 'http', 'asgi': {'version': '3.0'}, 'http_version': '1.1', 'method': 'POST', 'headers': [(b'host', b'test'), (b'acce...
          |    -> <bound method Router.app of <fastapi.routing.APIRouter object at 0x0000028D8ECA42C0>>
          -> <fastapi.routing.APIRouter object at 0x0000028D8ECA42C0>
  File "D:\Dev\repos\advanced-memory-mcp\.venv\Lib\site-packages\starlette\routing.py", line 736, in app
    await route.handle(scope, receive, send)
          |     |      |      |        -> <function wrap_app_handling_exceptions.<locals>.wrapped_app.<locals>.sender at 0x0000028D90EED440>
          |     |      |      -> <function ASGITransport.handle_async_request.<locals>.receive at 0x0000028D91092520>
          |     |      -> {'type': 'http', 'asgi': {'version': '3.0'}, 'http_version': '1.1', 'method': 'POST', 'headers': [(b'host', b'test'), (b'acce...
          |     -> <function Route.handle at 0x0000028D8E02A480>
          -> APIRoute(path='/{project}/search/', name='search', methods=['POST'])
  File "D:\Dev\repos\advanced-memory-mcp\.venv\Lib\site-packages\starlette\routing.py", line 290, in handle
    await self.app(scope, receive, send)
          |    |   |      |        -> <function wrap_app_handling_exceptions.<locals>.wrapped_app.<locals>.sender at 0x0000028D90EED440>
          |    |   |      -> <function ASGITransport.handle_async_request.<locals>.receive at 0x0000028D91092520>
          |    |   -> {'type': 'http', 'asgi': {'version': '3.0'}, 'http_version': '1.1', 'method': 'POST', 'headers': [(b'host', b'test'), (b'acce...
          |    -> <function request_response.<locals>.app at 0x0000028D8EBF5120>
          -> APIRoute(path='/{project}/search/', name='search', methods=['POST'])
  File "D:\Dev\repos\advanced-memory-mcp\.venv\Lib\site-packages\fastapi\routing.py", line 123, in app
    await wrap_app_handling_exceptions(app, request)(scope, receive, send)
          |                            |    |        |      |        -> <function wrap_app_handling_exceptions.<locals>.wrapped_app.<locals>.sender at 0x0000028D90EED440>
          |                            |    |        |      -> <function ASGITransport.handle_async_request.<locals>.receive at 0x0000028D91092520>
          |                            |    |        -> {'type': 'http', 'asgi': {'version': '3.0'}, 'http_version': '1.1', 'method': 'POST', 'headers': [(b'host', b'test'), (b'acce...
          |                            |    -> <starlette.requests.Request object at 0x0000028D91C7DA30>
          |                            -> <function request_response.<locals>.app.<locals>.app at 0x0000028D90EEDBC0>
          -> <function wrap_app_handling_exceptions at 0x0000028D8E028EA0>
  File "D:\Dev\repos\advanced-memory-mcp\.venv\Lib\site-packages\starlette\_exception_handler.py", line 53, in wrapped_app
    raise exc
  File "D:\Dev\repos\advanced-memory-mcp\.venv\Lib\site-packages\starlette\_exception_handler.py", line 42, in wrapped_app
    await app(scope, receive, sender)
          |   |      |        -> <function wrap_app_handling_exceptions.<locals>.wrapped_app.<locals>.sender at 0x0000028D90EEF920>
          |   |      -> <function ASGITransport.handle_async_request.<locals>.receive at 0x0000028D91092520>
          |   -> {'type': 'http', 'asgi': {'version': '3.0'}, 'http_version': '1.1', 'method': 'POST', 'headers': [(b'host', b'test'), (b'acce...
          -> <function request_response.<locals>.app.<locals>.app at 0x0000028D90EEDBC0>
  File "D:\Dev\repos\advanced-memory-mcp\.venv\Lib\site-packages\fastapi\routing.py", line 109, in app
    response = await f(request)
                     | -> <starlette.requests.Request object at 0x0000028D91C7DA30>
                     -> <function get_request_handler.<locals>.app at 0x0000028D8EBF4D60>
  File "D:\Dev\repos\advanced-memory-mcp\.venv\Lib\site-packages\fastapi\routing.py", line 379, in app
    solved_result = await solve_dependencies(
                          -> <function solve_dependencies at 0x0000028D8E0167A0>
  File "D:\Dev\repos\advanced-memory-mcp\.venv\Lib\site-packages\fastapi\dependencies\utils.py", line 650, in solve_dependencies
    solved_result = await solve_dependencies(
                          -> <function solve_dependencies at 0x0000028D8E0167A0>
  File "D:\Dev\repos\advanced-memory-mcp\.venv\Lib\site-packages\fastapi\dependencies\utils.py", line 650, in solve_dependencies
    solved_result = await solve_dependencies(
                          -> <function solve_dependencies at 0x0000028D8E0167A0>
  File "D:\Dev\repos\advanced-memory-mcp\.venv\Lib\site-packages\fastapi\dependencies\utils.py", line 672, in solve_dependencies
    solved = await call(**solved_result.values)
                   |      |             -> {'project_repository': <advanced_memory.repository.project_repository.ProjectRepository object at 0x0000028D91F7A0C0>, 'proje...
                   |      -> SolvedDependency(values={'project_repository': <advanced_memory.repository.project_repository.ProjectRepository object at 0x0...
                   -> <function get_project_id at 0x0000028D8E58ACA0>

  File "D:\Dev\repos\advanced-memory-mcp\src\advanced_memory\deps.py", line 137, in get_project_id
    project_obj = await project_repository.get_by_permalink(str(project))
                        |                  |                    -> 'test-project'
                        |                  -> <function ProjectRepository.get_by_permalink at 0x0000028D8D405F80>
                        -> <advanced_memory.repository.project_repository.ProjectRepository object at 0x0000028D91F7A0C0>

  File "D:\Dev\repos\advanced-memory-mcp\src\advanced_memory\repository\project_repository.py", line 41, in get_by_permalink
    return await self.find_one(query)
                 |    |        -> <sqlalchemy.sql.selectable.Select object at 0x0000028D91C7C080>
                 |    -> <function Repository.find_one at 0x0000028D8D404D60>
                 -> <advanced_memory.repository.project_repository.ProjectRepository object at 0x0000028D91F7A0C0>

  File "D:\Dev\repos\advanced-memory-mcp\src\advanced_memory\repository\repository.py", line 197, in find_one
    result = await self.execute_query(query)
                   |    |             -> <sqlalchemy.sql.selectable.Select object at 0x0000028D91F787A0>
                   |    -> <function Repository.execute_query at 0x0000028D8D405260>
                   -> <advanced_memory.repository.project_repository.ProjectRepository object at 0x0000028D91F7A0C0>

  File "D:\Dev\repos\advanced-memory-mcp\src\advanced_memory\repository\repository.py", line 380, in execute_query
    result = await session.execute(query, params)
                   |       |       |      -> None
                   |       |       -> <sqlalchemy.sql.selectable.Select object at 0x0000028D91C7C8C0>
                   |       -> <function AsyncSession.execute at 0x0000028D8C9E0A40>
                   -> <sqlalchemy.ext.asyncio.session.AsyncSession object at 0x0000028D943F7FE0>

  File "D:\Dev\repos\advanced-memory-mcp\.venv\Lib\site-packages\sqlalchemy\ext\asyncio\session.py", line 463, in execute
    result = await greenlet_spawn(
                   -> <function greenlet_spawn at 0x0000028D8C084860>
  File "D:\Dev\repos\advanced-memory-mcp\.venv\Lib\site-packages\sqlalchemy\util\_concurrency_py3k.py", line 201, in greenlet_spawn
    result = context.throw(*sys.exc_info())
             |       |      |   -> <built-in function exc_info>
             |       |      -> <module 'sys' (built-in)>
             |       -> <method 'throw' of 'greenlet.greenlet' objects>
             -> <_AsyncIoGreenlet object at 0x0000028D906D7C80 (otid=0x0000028D8BF6E6A0) dead>
  File "D:\Dev\repos\advanced-memory-mcp\.venv\Lib\site-packages\sqlalchemy\orm\session.py", line 2365, in execute
    return self._execute_internal(
           |    -> <function Session._execute_internal at 0x0000028D8C904CC0>
           -> <sqlalchemy.orm.session.Session object at 0x0000028D943F6240>
  File "D:\Dev\repos\advanced-memory-mcp\.venv\Lib\site-packages\sqlalchemy\orm\session.py", line 2251, in _execute_internal
    result: Result[Any] = compile_state_cls.orm_execute_statement(
                   |      |                 -> <classmethod(<function AbstractORMCompileState.orm_execute_statement at 0x0000028D8C76DD00>)>
                   |      -> <class 'sqlalchemy.orm.context.ORMSelectCompileState'>
                   -> typing.Any
  File "D:\Dev\repos\advanced-memory-mcp\.venv\Lib\site-packages\sqlalchemy\orm\context.py", line 306, in orm_execute_statement
    result = conn.execute(
             |    -> <function Connection.execute at 0x0000028D8C542D40>
             -> <sqlalchemy.engine.base.Connection object at 0x0000028D943F6DE0>
  File "D:\Dev\repos\advanced-memory-mcp\.venv\Lib\site-packages\sqlalchemy\engine\base.py", line 1415, in execute
    return meth(
           -> <bound method ClauseElement._execute_on_connection of <sqlalchemy.sql.selectable.Select object at 0x0000028D91C7C8C0>>
  File "D:\Dev\repos\advanced-memory-mcp\.venv\Lib\site-packages\sqlalchemy\sql\elements.py", line 523, in _execute_on_connection
    return connection._execute_clauseelement(
           |          -> <function Connection._execute_clauseelement at 0x0000028D8C543060>
           -> <sqlalchemy.engine.base.Connection object at 0x0000028D943F6DE0>
  File "D:\Dev\repos\advanced-memory-mcp\.venv\Lib\site-packages\sqlalchemy\engine\base.py", line 1637, in _execute_clauseelement
    ret = self._execute_context(
          |    -> <function Connection._execute_context at 0x0000028D8C543240>
          -> <sqlalchemy.engine.base.Connection object at 0x0000028D943F6DE0>
  File "D:\Dev\repos\advanced-memory-mcp\.venv\Lib\site-packages\sqlalchemy\engine\base.py", line 1842, in _execute_context
    return self._exec_single_context(
           |    -> <function Connection._exec_single_context at 0x0000028D8C5432E0>
           -> <sqlalchemy.engine.base.Connection object at 0x0000028D943F6DE0>
  File "D:\Dev\repos\advanced-memory-mcp\.venv\Lib\site-packages\sqlalchemy\engine\base.py", line 1982, in _exec_single_context
    self._handle_dbapi_exception(
    |    -> <function Connection._handle_dbapi_exception at 0x0000028D8C543560>
    -> <sqlalchemy.engine.base.Connection object at 0x0000028D943F6DE0>
  File "D:\Dev\repos\advanced-memory-mcp\.venv\Lib\site-packages\sqlalchemy\engine\base.py", line 2351, in _handle_dbapi_exception
    raise sqlalchemy_exception.with_traceback(exc_info[2]) from e
          |                    |              |                 -> OperationalError('no such table: project')
          |                    |              -> (<class 'sqlite3.OperationalError'>, OperationalError('no such table: project'), <traceback object at 0x0000028D9496A7C0>)
          |                    -> <method 'with_traceback' of 'BaseException' objects>
          -> OperationalError('(sqlite3.OperationalError) no such table: project')
  File "D:\Dev\repos\advanced-memory-mcp\.venv\Lib\site-packages\sqlalchemy\engine\base.py", line 1963, in _exec_single_context
    self.dialect.do_execute(
    |    |       -> <function DefaultDialect.do_execute at 0x0000028D8C5F2660>
    |    -> <sqlalchemy.dialects.sqlite.aiosqlite.SQLiteDialect_aiosqlite object at 0x0000028D94375310>
    -> <sqlalchemy.engine.base.Connection object at 0x0000028D943F6DE0>
  File "D:\Dev\repos\advanced-memory-mcp\.venv\Lib\site-packages\sqlalchemy\engine\default.py", line 943, in do_execute
    cursor.execute(statement, parameters)
    |      |       |          -> ('test-project',)
    |      |       -> 'SELECT project.id, project.name, project.description, project.permalink, project.path, project.is_active, project.is_default...
    |      -> <function AsyncAdapt_aiosqlite_cursor.execute at 0x0000028D8D39DD00>
    -> <sqlalchemy.dialects.sqlite.aiosqlite.AsyncAdapt_aiosqlite_cursor object at 0x0000028D9380FD00>
  File "D:\Dev\repos\advanced-memory-mcp\.venv\Lib\site-packages\sqlalchemy\dialects\sqlite\aiosqlite.py", line 149, in execute
    self._adapt_connection._handle_exception(error)
    |    -> <member '_adapt_connection' of 'AsyncAdapt_aiosqlite_cursor' objects>
    -> <sqlalchemy.dialects.sqlite.aiosqlite.AsyncAdapt_aiosqlite_cursor object at 0x0000028D9380FD00>
  File "D:\Dev\repos\advanced-memory-mcp\.venv\Lib\site-packages\sqlalchemy\dialects\sqlite\aiosqlite.py", line 300, in _handle_exception
    raise error
          -> OperationalError('no such table: project')
  File "D:\Dev\repos\advanced-memory-mcp\.venv\Lib\site-packages\sqlalchemy\dialects\sqlite\aiosqlite.py", line 131, in execute
    self.await_(_cursor.execute(operation, parameters))
    |    |      |       |       |          -> ('test-project',)
    |    |      |       |       -> 'SELECT project.id, project.name, project.description, project.permalink, project.path, project.is_active, project.is_default...
    |    |      |       -> <function Cursor.execute at 0x0000028D9000E980>
    |    |      -> <aiosqlite.cursor.Cursor object at 0x0000028D943F7E00>
    |    -> <member 'await_' of 'AsyncAdapt_aiosqlite_cursor' objects>
    -> <sqlalchemy.dialects.sqlite.aiosqlite.AsyncAdapt_aiosqlite_cursor object at 0x0000028D9380FD00>
  File "D:\Dev\repos\advanced-memory-mcp\.venv\Lib\site-packages\sqlalchemy\util\_concurrency_py3k.py", line 132, in await_only
    return current.parent.switch(awaitable)  # type: ignore[no-any-return,attr-defined] # noqa: E501
           |       |             -> <coroutine object Cursor.execute at 0x0000028D910AFD80>
           |       -> <attribute 'parent' of 'greenlet.greenlet' objects>
           -> <_AsyncIoGreenlet object at 0x0000028D906D7C80 (otid=0x0000028D8BF6E6A0) dead>
  File "D:\Dev\repos\advanced-memory-mcp\.venv\Lib\site-packages\sqlalchemy\util\_concurrency_py3k.py", line 196, in greenlet_spawn
    value = await result
                  -> <coroutine object Cursor.execute at 0x0000028D910AFD80>
  File "D:\Dev\repos\advanced-memory-mcp\.venv\Lib\site-packages\aiosqlite\cursor.py", line 40, in execute
    await self._execute(self._cursor.execute, sql, parameters)
          |    |        |    |       |        |    -> ('test-project',)
          |    |        |    |       |        -> 'SELECT project.id, project.name, project.description, project.permalink, project.path, project.is_active, project.is_default...
          |    |        |    |       -> <method 'execute' of 'sqlite3.Cursor' objects>
          |    |        |    -> <sqlite3.Cursor object at 0x0000028D915A1B40>
          |    |        -> <aiosqlite.cursor.Cursor object at 0x0000028D943F7E00>
          |    -> <function Cursor._execute at 0x0000028D9000EA20>
          -> <aiosqlite.cursor.Cursor object at 0x0000028D943F7E00>
  File "D:\Dev\repos\advanced-memory-mcp\.venv\Lib\site-packages\aiosqlite\cursor.py", line 32, in _execute
    return await self._conn._execute(fn, *args, **kwargs)
                 |    |     |        |    |       -> {}
                 |    |     |        |    -> ('SELECT project.id, project.name, project.description, project.permalink, project.path, project.is_active, project.is_defaul...
                 |    |     |        -> <built-in method execute of sqlite3.Cursor object at 0x0000028D915A1B40>
                 |    |     -> <function Connection._execute at 0x0000028D9000DB20>
                 |    -> <Connection(Thread-888, started daemon 63392)>
                 -> <aiosqlite.cursor.Cursor object at 0x0000028D943F7E00>
  File "D:\Dev\repos\advanced-memory-mcp\.venv\Lib\site-packages\aiosqlite\core.py", line 122, in _execute
    return await future
                 -> <Future finished exception=OperationalError('no such table: project')>
  File "C:\Users\sandr\AppData\Roaming\uv\python\cpython-3.12.9-windows-x86_64-none\Lib\asyncio\tasks.py", line 385, in __wakeup
    future.result()
    |      -> <method 'result' of '_asyncio.Future' objects>
    -> <Future finished exception=OperationalError('no such table: project')>
  File "D:\Dev\repos\advanced-memory-mcp\.venv\Lib\site-packages\aiosqlite\core.py", line 105, in run
    result = function()
             -> functools.partial(<built-in method rollback of sqlite3.Connection object at 0x0000028D94382E30>)

sqlalchemy.exc.OperationalError: (sqlite3.OperationalError) no such table: project
[SQL: SELECT project.id, project.name, project.description, project.permalink, project.path, project.is_active, project.is_default, project.created_at, project.updated_at
FROM project
WHERE project.permalink = ?]
[parameters: ('test-project',)]
(Background on this error at: https://sqlalche.me/e/20/e3q8)
Search failed for query '*': (sqlite3.OperationalError) no such table: project
[SQL: SELECT project.id, project.name, project.description, project.permalink, project.path, project.is_active, project.is_default, project.created_at, project.updated_at
FROM project
WHERE project.permalink = ?]
[parameters: ('test-project',)]
(Background on this error at: https://sqlalche.me/e/20/e3q8)
tests\test_search.py Type of result: <class 'str'>
Has results attr: False
.
Failed to compute checksum: object supporting the buffer API required
Failed to write file
Failed to update frontmatter
tests\utils\test_file_utils.py .......
tests\utils\test_permalink_formatting.py .
tests\utils\test_utf8_handling.py ....
tests\importers\test_importer_base.py .
tests\importers\test_importer_utils.py ..
tests\markdown\test_entity_parser.py ..
tests\markdown\test_markdown_plugins.py .....
tests\markdown\test_observation_edge_cases.py ......
tests\markdown\test_relation_edge_cases.py .....
tests\markdown\test_task_detection.py code_block: - [ ] Unchecked task
- [x] Completed task
- [-] In progress task

.
tests\mcp\test_portmanteau_tools.py .............................
tests\mcp\test_prompts.py .
tests\mcp\test_tool_delete_note.py ..........
tests\mcp\test_tool_move_note.py ....
tests\mcp\test_tool_search.py ......
tests\mcp\test_tool_utils.py ...
tests\repository\test_search_repository.py ................
tests\schemas\test_memory_url.py ..........
tests\schemas\test_memory_url_validation.py ....................
tests\schemas\test_schemas.py ....................................
tests\schemas\test_search.py ......
tests\services\test_initialization.py .
tests\services\test_project_service.py ...
tests\services\test_sync_status_service.py ................
tests\sync\test_watch_service.py ....
tests\sync\test_watch_service_edge_cases.py ..
tests\test_all_portmanteau_tools.py [PASS] All portmanteau tools imported successfully
.[PASS] All portmanteau tools properly registered with MCP
.[PASS] All portmanteau tools have correct signatures
.[FAIL] Tool count test failed: Expected 8 portmanteau tools, found 9
assert 9 == 8
 +  where 9 = len(['adn_content', 'adn_project', 'adn_zettelmaker', 'adn_export', 'adn_import', 'adn_search', ...])
.
tests\test_ci_basic.py .........
tests\test_config.py F.....
tests\utils\test_file_utils.py ...
tests\utils\test_parse_tags.py ................
tests\utils\test_permalink_formatting.py .....................
tests\utils\test_sanitize_filename.py .......................
tests\utils\test_validate_project_path.py ...................

================================== FAILURES ===================================
D:\Dev\repos\advanced-memory-mcp\tests\integration\mcp\test_project_state_sync_integration.py:73: AssertionError: assert 'Test Consistency Note' in '# Created note\nfile_path: test/Test_Consistency_Note.md\npermalink: test/test-consistency-note\nchecksum: bda07691\n\n## Observations\n- test: 1\n\n## Tags\n- test, consistency'
D:\Dev\repos\advanced-memory-mcp\tests\integration\mcp\test_project_state_sync_integration.py:150: AssertionError: assert 'Note in project-a' in '# Created note\nfile_path: test/Note_in_project-a.md\npermalink: test/note-in-project-a\nchecksum: 3a67a056\n\n## Tags\n- test'
D:\Dev\repos\advanced-memory-mcp\tests\markdown\test_entity_parser.py:91: AssertionError: missing [[Random Link with Title|Titled Link]]
D:\Dev\repos\advanced-memory-mcp\tests\mcp\test_tool_sync_status.py:157: assert 'Sync operations pending' in "# Advanced Memory Sync Status\n\n**Current Status**: [OK] System ready\n**System Ready**: [WORKING] Processing\n\n[IN...tomatically synced during startup.\nYou don't need to manually switch projects - Advanced Memory handles this for you."
D:\Dev\repos\advanced-memory-mcp\tests\mcp\test_zettelmaker.py:11: TypeError: 'FunctionTool' object is not callable
D:\Dev\repos\advanced-memory-mcp\tests\mcp\test_zettelmaker.py:21: TypeError: 'FunctionTool' object is not callable
D:\Dev\repos\advanced-memory-mcp\tests\mcp\test_zettelmaker.py:31: TypeError: 'FunctionTool' object is not callable
D:\Dev\repos\advanced-memory-mcp\tests\mcp\test_zettelmaker.py:40: TypeError: 'FunctionTool' object is not callable
D:\Dev\repos\advanced-memory-mcp\tests\mcp\test_zettelmaker.py:50: TypeError: 'FunctionTool' object is not callable
D:\Dev\repos\advanced-memory-mcp\tests\mcp\test_zettelmaker.py:59: TypeError: 'FunctionTool' object is not callable
D:\Dev\repos\advanced-memory-mcp\tests\mcp\test_zettelmaker.py:69: TypeError: 'FunctionTool' object is not callable
D:\Dev\repos\advanced-memory-mcp\tests\mcp\test_zettelmaker.py:78: TypeError: 'FunctionTool' object is not callable
D:\Dev\repos\advanced-memory-mcp\tests\mcp\test_zettelmaker.py:87: TypeError: 'FunctionTool' object is not callable
D:\Dev\repos\advanced-memory-mcp\tests\mcp\test_zettelmaker.py:96: TypeError: 'FunctionTool' object is not callable
D:\Dev\repos\advanced-memory-mcp\tests\mcp\test_zettelmaker.py:106: TypeError: 'FunctionTool' object is not callable
D:\Dev\repos\advanced-memory-mcp\tests\mcp\test_zettelmaker.py:115: TypeError: 'FunctionTool' object is not callable
D:\Dev\repos\advanced-memory-mcp\tests\mcp\test_zettelmaker.py:128: TypeError: 'FunctionTool' object is not callable
D:\Dev\repos\advanced-memory-mcp\tests\mcp\test_zettelmaker.py:143: TypeError: 'FunctionTool' object is not callable
D:\Dev\repos\advanced-memory-mcp\tests\mcp\test_zettelmaker.py:152: TypeError: 'FunctionTool' object is not callable
D:\Dev\repos\advanced-memory-mcp\tests\test_config.py:19: AssertionError: assert 'C:\\Users\\s...ior_without_0' == 'C:\\Users\\s...vanced-memory'
============================== warnings summary ===============================
tests/api/test_async_client.py: 4 warnings
tests/api/test_continue_conversation_template.py: 10 warnings
tests/api/test_directory_router.py: 20 warnings
tests/api/test_importer_router.py: 24 warnings
tests/api/test_knowledge_router.py: 90 warnings
tests/api/test_management_router.py: 14 warnings
tests/api/test_memory_router.py: 18 warnings
tests/api/test_project_router.py: 15 warnings
tests/api/test_project_router_operations.py: 4 warnings
tests/api/test_prompt_router.py: 8 warnings
tests/api/test_resource_router.py: 22 warnings
tests/api/test_search_router.py: 16 warnings
tests/api/test_search_template.py: 10 warnings
tests/api/test_template_loader.py: 24 warnings
tests/api/test_template_loader_helpers.py: 14 warnings
tests/cli/test_cli_tools.py: 32 warnings
tests/cli/test_import_chatgpt.py: 6 warnings
tests/cli/test_import_claude_conversations.py: 10 warnings
tests/cli/test_import_claude_projects.py: 10 warnings
tests/cli/test_import_memory_json.py: 10 warnings
tests/cli/test_project_commands.py: 12 warnings
tests/cli/test_project_info.py: 4 warnings
tests/cli/test_status.py: 16 warnings
tests/cli/test_sync.py: 16 warnings
tests/cli/test_version.py: 2 warnings
tests/cli/test_zettelkasten_imports.py: 4 warnings
tests/importers/test_importer_base.py: 8 warnings
tests/integration/mcp/test_build_context_validation.py: 12 warnings
tests/integration/mcp/test_delete_note_integration.py: 18 warnings
tests/integration/mcp/test_edit_note_integration.py: 24 warnings
tests/integration/mcp/test_list_directory_integration.py: 20 warnings
tests/integration/mcp/test_move_note_integration.py: 24 warnings
tests/integration/mcp/test_project_management_integration.py: 46 warnings
tests/integration/mcp/test_project_state_sync_integration.py: 6 warnings
tests/integration/mcp/test_read_content_integration.py: 18 warnings
tests/integration/mcp/test_read_note_integration.py: 2 warnings
tests/integration/mcp/test_search_integration.py: 20 warnings
tests/integration/mcp/test_write_note_integration.py: 16 warnings
tests/markdown/test_entity_parser.py: 14 warnings
tests/markdown/test_markdown_processor.py: 8 warnings
tests/markdown/test_parser_edge_cases.py: 14 warnings
tests/mcp/test_export_docsify.py: 20 warnings
tests/mcp/test_prompts.py: 20 warnings
tests/mcp/test_resource_project_info.py: 4 warnings
tests/mcp/test_resources.py: 2 warnings
tests/mcp/test_tool_build_context.py: 10 warnings
tests/mcp/test_tool_canvas.py: 10 warnings
tests/mcp/test_tool_edit_note.py: 34 warnings
tests/mcp/test_tool_list_directory.py: 22 warnings
tests/mcp/test_tool_move_note.py: 62 warnings
tests/mcp/test_tool_read_content.py: 40 warnings
tests/mcp/test_tool_read_note.py: 50 warnings
tests/mcp/test_tool_recent_activity.py: 6 warnings
tests/mcp/test_tool_resource.py: 16 warnings
tests/mcp/test_tool_search.py: 32 warnings
tests/mcp/test_tool_sync_status.py: 14 warnings
tests/mcp/test_tool_typora_control.py: 48 warnings
tests/mcp/test_tool_utils.py: 36 warnings
tests/mcp/test_tool_view_note.py: 26 warnings
tests/mcp/test_tool_write_note.py: 68 warnings
tests/mcp/test_zettelmaker.py: 30 warnings
tests/repository/test_entity_repository.py: 26 warnings
tests/repository/test_entity_repository_upsert.py: 24 warnings
tests/repository/test_observation_repository.py: 22 warnings
tests/repository/test_project_info_repository.py: 4 warnings
tests/repository/test_project_repository.py: 32 warnings
tests/repository/test_relation_repository.py: 28 warnings
tests/repository/test_repository.py: 74 warnings
tests/repository/test_search_repository.py: 60 warnings
tests/services/test_context_service.py: 12 warnings
tests/services/test_directory_service.py: 26 warnings
tests/services/test_entity_service.py: 108 warnings
tests/services/test_file_service.py: 20 warnings
tests/services/test_initialization.py: 12 warnings
tests/services/test_link_resolver.py: 28 warnings
tests/services/test_project_service.py: 60 warnings
tests/services/test_project_service_operations.py: 12 warnings
tests/services/test_search_service.py: 72 warnings
tests/sync/test_sync_error_handling.py: 18 warnings
tests/sync/test_sync_service.py: 56 warnings
tests/sync/test_sync_wikilink_issue.py: 2 warnings
tests/sync/test_tmp_files.py: 8 warnings
tests/sync/test_watch_service.py: 26 warnings
tests/sync/test_watch_service_edge_cases.py: 6 warnings
tests/test_ci_basic.py: 20 warnings
tests/test_db_migration_deduplication.py: 12 warnings
tests/test_search.py: 2 warnings
tests/utils/test_file_utils.py: 20 warnings
tests/utils/test_permalink_formatting.py: 44 warnings
tests/utils/test_utf8_handling.py: 8 warnings
tests/importers/test_importer_utils.py: 4 warnings
tests/markdown/test_markdown_plugins.py: 10 warnings
tests/markdown/test_observation_edge_cases.py: 12 warnings
tests/markdown/test_relation_edge_cases.py: 10 warnings
tests/markdown/test_task_detection.py: 2 warnings
tests/mcp/test_portmanteau_tools.py: 58 warnings
tests/mcp/test_tool_delete_note.py: 20 warnings
tests/schemas/test_memory_url.py: 20 warnings
tests/schemas/test_memory_url_validation.py: 40 warnings
tests/schemas/test_schemas.py: 72 warnings
tests/schemas/test_search.py: 12 warnings
tests/services/test_sync_status_service.py: 32 warnings
tests/test_all_portmanteau_tools.py: 8 warnings
tests/test_config.py: 12 warnings
tests/utils/test_parse_tags.py: 32 warnings
tests/utils/test_sanitize_filename.py: 46 warnings
tests/utils/test_validate_project_path.py: 38 warnings
  D:\Dev\repos\advanced-memory-mcp\.venv\Lib\site-packages\sqlalchemy\sql\schema.py:3624: DeprecationWarning: datetime.datetime.utcnow() is deprecated and scheduled for removal in a future version. Use timezone-aware objects to represent datetimes in UTC: datetime.datetime.now(datetime.UTC).
    return util.wrap_callable(lambda ctx: fn(), fn)  # type: ignore

tests/api/test_directory_router.py: 168 warnings
tests/api/test_knowledge_router.py: 138 warnings
tests/api/test_memory_router.py: 195 warnings
tests/api/test_project_router.py: 72 warnings
tests/api/test_project_router_operations.py: 24 warnings
tests/api/test_prompt_router.py: 54 warnings
tests/api/test_resource_router.py: 26 warnings
tests/api/test_search_router.py: 65 warnings
tests/cli/test_cli_tools.py: 74 warnings
tests/mcp/test_export_docsify.py: 24 warnings
tests/mcp/test_prompts.py: 175 warnings
tests/mcp/test_tool_build_context.py: 96 warnings
tests/mcp/test_tool_canvas.py: 12 warnings
tests/mcp/test_tool_edit_note.py: 68 warnings
tests/mcp/test_tool_list_directory.py: 222 warnings
tests/mcp/test_tool_move_note.py: 90 warnings
tests/mcp/test_tool_read_content.py: 2 warnings
tests/mcp/test_tool_read_note.py: 30 warnings
tests/mcp/test_tool_recent_activity.py: 81 warnings
tests/mcp/test_tool_resource.py: 30 warnings
tests/mcp/test_tool_search.py: 17 warnings
tests/mcp/test_tool_view_note.py: 22 warnings
tests/mcp/test_tool_write_note.py: 90 warnings
tests/repository/test_search_repository.py: 14 warnings
tests/services/test_context_service.py: 120 warnings
tests/services/test_directory_service.py: 264 warnings
tests/services/test_link_resolver.py: 224 warnings
tests/services/test_project_service.py: 72 warnings
tests/services/test_search_service.py: 528 warnings
tests/sync/test_sync_error_handling.py: 14 warnings
tests/sync/test_sync_service.py: 172 warnings
tests/sync/test_sync_wikilink_issue.py: 8 warnings
tests/sync/test_tmp_files.py: 6 warnings
tests/sync/test_watch_service.py: 22 warnings
tests/utils/test_permalink_formatting.py: 10 warnings
tests/utils/test_utf8_handling.py: 12 warnings
  D:\Dev\repos\advanced-memory-mcp\.venv\Lib\site-packages\aiosqlite\core.py:105: DeprecationWarning: The default datetime adapter is deprecated as of Python 3.12; see the sqlite3 documentation for suggested replacement recipes
    result = function()

tests/api/test_management_router.py::test_start_watch_service_already_running[asyncio]
  C:\Users\sandr\AppData\Roaming\uv\python\cpython-3.12.9-windows-x86_64-none\Lib\unittest\mock.py:404: RuntimeWarning: coroutine 'AsyncMockMixin._execute_mock_call' was never awaited
    def __init__(self, /, *args, **kwargs):
  Enable tracemalloc to get traceback where the object was allocated.
  See https://docs.pytest.org/en/stable/how-to/capture-warnings.html#resource-warnings for more info.

tests/cli/test_project_commands.py::test_project_add_command[asyncio]
  D:\Dev\repos\advanced-memory-mcp\.venv\Lib\site-packages\sqlalchemy\sql\type_api.py:969: RuntimeWarning: coroutine 'initialize_app' was never awaited
    def _dialect_info(self, dialect: Dialect) -> _TypeMemoDict:
  Enable tracemalloc to get traceback where the object was allocated.
  See https://docs.pytest.org/en/stable/how-to/capture-warnings.html#resource-warnings for more info.

tests/cli/test_project_commands.py::test_project_add_command[asyncio]
  D:\Dev\repos\advanced-memory-mcp\.venv\Lib\site-packages\sqlalchemy\sql\type_api.py:969: RuntimeWarning: coroutine 'call_get' was never awaited
    def _dialect_info(self, dialect: Dialect) -> _TypeMemoDict:
  Enable tracemalloc to get traceback where the object was allocated.
  See https://docs.pytest.org/en/stable/how-to/capture-warnings.html#resource-warnings for more info.

tests/cli/test_project_commands.py::test_project_failure_exits_with_error[asyncio]
  D:\Dev\repos\advanced-memory-mcp\src\advanced_memory\cli\commands\project.py:59: RuntimeWarning: coroutine 'initialize_app' was never awaited
    console.print(f"[red]Error listing projects: {str(e)}[/red]")
  Enable tracemalloc to get traceback where the object was allocated.
  See https://docs.pytest.org/en/stable/how-to/capture-warnings.html#resource-warnings for more info.

tests/cli/test_project_commands.py::test_project_failure_exits_with_error[asyncio]
  D:\Dev\repos\advanced-memory-mcp\src\advanced_memory\cli\commands\project.py:59: RuntimeWarning: coroutine 'call_post' was never awaited
    console.print(f"[red]Error listing projects: {str(e)}[/red]")
  Enable tracemalloc to get traceback where the object was allocated.
  See https://docs.pytest.org/en/stable/how-to/capture-warnings.html#resource-warnings for more info.

tests/cli/test_project_commands.py::test_project_failure_exits_with_error[asyncio]
  D:\Dev\repos\advanced-memory-mcp\src\advanced_memory\cli\commands\project.py:59: RuntimeWarning: coroutine 'call_delete' was never awaited
    console.print(f"[red]Error listing projects: {str(e)}[/red]")
  Enable tracemalloc to get traceback where the object was allocated.
  See https://docs.pytest.org/en/stable/how-to/capture-warnings.html#resource-warnings for more info.

tests/cli/test_project_commands.py::test_project_failure_exits_with_error[asyncio]
  D:\Dev\repos\advanced-memory-mcp\src\advanced_memory\cli\commands\project.py:59: RuntimeWarning: coroutine 'call_put' was never awaited
    console.print(f"[red]Error listing projects: {str(e)}[/red]")
  Enable tracemalloc to get traceback where the object was allocated.
  See https://docs.pytest.org/en/stable/how-to/capture-warnings.html#resource-warnings for more info.

tests/mcp/test_tool_move_note.py::TestMoveNoteErrorHandling::test_move_note_exception_handling[asyncio]
tests/mcp/test_tool_move_note.py::TestMoveNoteErrorHandling::test_move_note_permission_error_handling[asyncio]
  D:\Dev\repos\advanced-memory-mcp\src\advanced_memory\mcp\tools\move_note.py:55: RuntimeWarning: coroutine 'AsyncMockMixin._execute_mock_call' was never awaited
    return None
  Enable tracemalloc to get traceback where the object was allocated.
  See https://docs.pytest.org/en/stable/how-to/capture-warnings.html#resource-warnings for more info.

tests/services/test_project_service.py::test_projects_property
  C:\Users\sandr\AppData\Roaming\uv\python\cpython-3.12.9-windows-x86_64-none\Lib\typing.py:395: RuntimeWarning: coroutine 'initialize_app' was never awaited
    return _caches[func](*args, **kwds)
  Enable tracemalloc to get traceback where the object was allocated.
  See https://docs.pytest.org/en/stable/how-to/capture-warnings.html#resource-warnings for more info.

tests/test_all_portmanteau_tools.py::test_tool_imports
  D:\Dev\repos\advanced-memory-mcp\.venv\Lib\site-packages\_pytest\python.py:161: PytestReturnNotNoneWarning: Test functions should return None, but tests/test_all_portmanteau_tools.py::test_tool_imports returned <class 'bool'>.
  Did you mean to use `assert` instead of `return`?
  See https://docs.pytest.org/en/stable/how-to/assert.html#return-not-none for more information.
    warnings.warn(

tests/test_all_portmanteau_tools.py::test_tool_registration
  D:\Dev\repos\advanced-memory-mcp\.venv\Lib\site-packages\_pytest\python.py:161: PytestReturnNotNoneWarning: Test functions should return None, but tests/test_all_portmanteau_tools.py::test_tool_registration returned <class 'bool'>.
  Did you mean to use `assert` instead of `return`?
  See https://docs.pytest.org/en/stable/how-to/assert.html#return-not-none for more information.
    warnings.warn(

tests/test_all_portmanteau_tools.py::test_tool_signatures
  D:\Dev\repos\advanced-memory-mcp\.venv\Lib\site-packages\_pytest\python.py:161: PytestReturnNotNoneWarning: Test functions should return None, but tests/test_all_portmanteau_tools.py::test_tool_signatures returned <class 'bool'>.
  Did you mean to use `assert` instead of `return`?
  See https://docs.pytest.org/en/stable/how-to/assert.html#return-not-none for more information.
    warnings.warn(

tests/test_all_portmanteau_tools.py::test_tool_count
  D:\Dev\repos\advanced-memory-mcp\.venv\Lib\site-packages\_pytest\python.py:161: PytestReturnNotNoneWarning: Test functions should return None, but tests/test_all_portmanteau_tools.py::test_tool_count returned <class 'bool'>.
  Did you mean to use `assert` instead of `return`?
  See https://docs.pytest.org/en/stable/how-to/assert.html#return-not-none for more information.
    warnings.warn(

-- Docs: https://docs.pytest.org/en/stable/how-to/capture-warnings.html
=========================== short test summary info ===========================
FAILED tests/integration/mcp/test_project_state_sync_integration.py::test_project_state_sync_after_default_change[asyncio]
FAILED tests/integration/mcp/test_project_state_sync_integration.py::test_multiple_project_switches_maintain_consistency[asyncio]
FAILED tests/markdown/test_entity_parser.py::test_parse_complete_file[asyncio]
FAILED tests/mcp/test_tool_sync_status.py::test_sync_status_pending[asyncio]
FAILED tests/mcp/test_zettelmaker.py::test_zettelmaker_invalid_operation[asyncio]
FAILED tests/mcp/test_zettelmaker.py::test_zettelmaker_generate_no_category[asyncio]
FAILED tests/mcp/test_zettelmaker.py::test_zettelmaker_generate_unknown_category[asyncio]
FAILED tests/mcp/test_zettelmaker.py::test_zettelmaker_generate_no_topic[asyncio]
FAILED tests/mcp/test_zettelmaker.py::test_zettelmaker_generate_unknown_topic[asyncio]
FAILED tests/mcp/test_zettelmaker.py::test_zettelmaker_suggest[asyncio] - Typ...
FAILED tests/mcp/test_zettelmaker.py::test_zettelmaker_analyze[asyncio] - Typ...
FAILED tests/mcp/test_zettelmaker.py::test_zettelmaker_customize_preview[asyncio]
FAILED tests/mcp/test_zettelmaker.py::test_zettelmaker_expand_preview[asyncio]
FAILED tests/mcp/test_zettelmaker.py::test_zettelmaker_connect_preview[asyncio]
FAILED tests/mcp/test_zettelmaker.py::test_zettelmaker_operations_with_context[asyncio]
FAILED tests/mcp/test_zettelmaker.py::test_zettelmaker_ai_generate_no_api_key[asyncio]
FAILED tests/mcp/test_zettelmaker.py::test_zettelmaker_quality_levels[asyncio]
FAILED tests/mcp/test_zettelmaker.py::test_zettelmaker_ai_suggest_with_existing_topic[asyncio]
FAILED tests/mcp/test_zettelmaker.py::test_zettelmaker_all_categories_load[asyncio]
FAILED tests/test_config.py::TestAdvancedMemoryConfig::test_default_behavior_without_advanced_memory_home
==== 20 failed, 1169 passed, 1 skipped, 5740 warnings in 255.09s (0:04:15) ====
